../Drivers/STM32WLxx_HAL_Driver/Inc/stm32wlxx_ll_bus.h:1062:22:LL_APB1_GRP1_ForceReset	16	static
../Drivers/STM32WLxx_HAL_Driver/Inc/stm32wlxx_ll_bus.h:1107:22:LL_APB1_GRP1_ReleaseReset	16	static
../Drivers/STM32WLxx_HAL_Driver/Inc/stm32wlxx_ll_bus.h:1374:22:LL_APB2_GRP1_ForceReset	16	static
../Drivers/STM32WLxx_HAL_Driver/Inc/stm32wlxx_ll_bus.h:1397:22:LL_APB2_GRP1_ReleaseReset	16	static
../Drivers/STM32WLxx_HAL_Driver/Inc/stm32wlxx_ll_tim.h:1713:22:LL_TIM_SetPrescaler	16	static
../Drivers/STM32WLxx_HAL_Driver/Inc/stm32wlxx_ll_tim.h:1740:22:LL_TIM_SetAutoReload	16	static
../Drivers/STM32WLxx_HAL_Driver/Inc/stm32wlxx_ll_tim.h:1768:22:LL_TIM_SetRepetitionCounter	16	static
../Drivers/STM32WLxx_HAL_Driver/Inc/stm32wlxx_ll_tim.h:2538:22:LL_TIM_OC_SetCompareCH1	16	static
../Drivers/STM32WLxx_HAL_Driver/Inc/stm32wlxx_ll_tim.h:2555:22:LL_TIM_OC_SetCompareCH2	16	static
../Drivers/STM32WLxx_HAL_Driver/Inc/stm32wlxx_ll_tim.h:2572:22:LL_TIM_OC_SetCompareCH3	16	static
../Drivers/STM32WLxx_HAL_Driver/Inc/stm32wlxx_ll_tim.h:2589:22:LL_TIM_OC_SetCompareCH4	16	static
../Drivers/STM32WLxx_HAL_Driver/Inc/stm32wlxx_ll_tim.h:2603:22:LL_TIM_OC_SetCompareCH5	16	static
../Drivers/STM32WLxx_HAL_Driver/Inc/stm32wlxx_ll_tim.h:2617:22:LL_TIM_OC_SetCompareCH6	16	static
../Drivers/STM32WLxx_HAL_Driver/Inc/stm32wlxx_ll_tim.h:3203:22:LL_TIM_SetEncoderMode	16	static
../Drivers/STM32WLxx_HAL_Driver/Inc/stm32wlxx_ll_tim.h:4837:22:LL_TIM_GenerateEvent_UPDATE	16	static
../Drivers/STM32WLxx_HAL_Driver/Src/stm32wlxx_ll_tim.c:222:13:LL_TIM_DeInit	24	static
../Drivers/STM32WLxx_HAL_Driver/Src/stm32wlxx_ll_tim.c:263:6:LL_TIM_StructInit	16	static
../Drivers/STM32WLxx_HAL_Driver/Src/stm32wlxx_ll_tim.c:282:13:LL_TIM_Init	24	static
../Drivers/STM32WLxx_HAL_Driver/Src/stm32wlxx_ll_tim.c:334:6:LL_TIM_OC_StructInit	16	static
../Drivers/STM32WLxx_HAL_Driver/Src/stm32wlxx_ll_tim.c:363:13:LL_TIM_OC_Init	32	static
../Drivers/STM32WLxx_HAL_Driver/Src/stm32wlxx_ll_tim.c:401:6:LL_TIM_IC_StructInit	16	static
../Drivers/STM32WLxx_HAL_Driver/Src/stm32wlxx_ll_tim.c:424:13:LL_TIM_IC_Init	32	static
../Drivers/STM32WLxx_HAL_Driver/Src/stm32wlxx_ll_tim.c:455:6:LL_TIM_ENCODER_StructInit	16	static
../Drivers/STM32WLxx_HAL_Driver/Src/stm32wlxx_ll_tim.c:478:13:LL_TIM_ENCODER_Init	24	static
../Drivers/STM32WLxx_HAL_Driver/Src/stm32wlxx_ll_tim.c:541:6:LL_TIM_HALLSENSOR_StructInit	16	static
../Drivers/STM32WLxx_HAL_Driver/Src/stm32wlxx_ll_tim.c:571:13:LL_TIM_HALLSENSOR_Init	32	static
../Drivers/STM32WLxx_HAL_Driver/Src/stm32wlxx_ll_tim.c:650:6:LL_TIM_BDTR_StructInit	16	static
../Drivers/STM32WLxx_HAL_Driver/Src/stm32wlxx_ll_tim.c:685:13:LL_TIM_BDTR_Init	24	static
../Drivers/STM32WLxx_HAL_Driver/Src/stm32wlxx_ll_tim.c:754:20:OC1Config	32	static
../Drivers/STM32WLxx_HAL_Driver/Src/stm32wlxx_ll_tim.c:833:20:OC2Config	32	static
../Drivers/STM32WLxx_HAL_Driver/Src/stm32wlxx_ll_tim.c:912:20:OC3Config	32	static
../Drivers/STM32WLxx_HAL_Driver/Src/stm32wlxx_ll_tim.c:991:20:OC4Config	32	static
../Drivers/STM32WLxx_HAL_Driver/Src/stm32wlxx_ll_tim.c:1061:20:OC5Config	24	static
../Drivers/STM32WLxx_HAL_Driver/Src/stm32wlxx_ll_tim.c:1122:20:OC6Config	24	static
../Drivers/STM32WLxx_HAL_Driver/Src/stm32wlxx_ll_tim.c:1182:20:IC1Config	16	static
../Drivers/STM32WLxx_HAL_Driver/Src/stm32wlxx_ll_tim.c:1215:20:IC2Config	16	static
../Drivers/STM32WLxx_HAL_Driver/Src/stm32wlxx_ll_tim.c:1248:20:IC3Config	16	static
../Drivers/STM32WLxx_HAL_Driver/Src/stm32wlxx_ll_tim.c:1281:20:IC4Config	16	static
