C:/Users/Milosz/Desktop/magisterka/embenet_demo_src/lobaro-coap/src/option-types/coap_option_blockwise.c:27:20:dbgBlkOption	8	static
C:/Users/Milosz/Desktop/magisterka/embenet_demo_src/lobaro-coap/src/option-types/coap_option_blockwise.c:46:20:AddBlkOptionToMsg	24	static
C:/Users/Milosz/Desktop/magisterka/embenet_demo_src/lobaro-coap/src/option-types/coap_option_blockwise.c:103:20:GetBlockOptionFromMsg	8	static
C:/Users/Milosz/Desktop/magisterka/embenet_demo_src/lobaro-coap/src/option-types/coap_option_blockwise.c:166:20:GetBlock1OptionFromMsg	0	static
C:/Users/Milosz/Desktop/magisterka/embenet_demo_src/lobaro-coap/src/option-types/coap_option_blockwise.c:171:20:GetBlock2OptionFromMsg	0	static
C:/Users/Milosz/Desktop/magisterka/embenet_demo_src/lobaro-coap/src/option-types/coap_option_blockwise.c:176:20:RemoveAllBlockOptionsFromMsg	16	static
C:/Users/Milosz/Desktop/magisterka/embenet_demo_src/lobaro-coap/src/option-types/coap_option_blockwise.c:198:20:CoAP_SetPayload	48	static
C:/Users/Milosz/Desktop/magisterka/embenet_demo_src/lobaro-coap/src/option-types/coap_option_blockwise.c:242:20:CoAP_SetPayload_CheckBlockOpt	48	static
