C:/Users/Milosz/Desktop/magisterka/embenet_demo_src/lobaro-coap/src/option-types/coap_option_cf.c:24:20:CoAP_AddCfOptionToMsg	0	static
C:/Users/Milosz/Desktop/magisterka/embenet_demo_src/lobaro-coap/src/option-types/coap_option_cf.c:29:20:CoAP_AddAcceptOptionToMsg	0	static
C:/Users/Milosz/Desktop/magisterka/embenet_demo_src/lobaro-coap/src/option-types/coap_option_cf.c:34:15:CoAP_GetAcceptOptionVal	0	static
C:/Users/Milosz/Desktop/magisterka/embenet_demo_src/lobaro-coap/src/option-types/coap_option_cf.c:54:15:CoAP_GetAcceptOptionValFromMsg	8	static
