C:/Users/Milosz/Desktop/magisterka/embenet_demo_src/lobaro-coap/src/option-types/coap_option_ETag.c:27:20:AddETagOptionToMsg	16	static
C:/Users/Milosz/Desktop/magisterka/embenet_demo_src/lobaro-coap/src/option-types/coap_option_ETag.c:54:20:GetETagOptionFromMsg	8	static
C:/Users/Milosz/Desktop/magisterka/embenet_demo_src/lobaro-coap/src/option-types/coap_option_ETag.c:80:20:Add64BitETagOptionToMsg	32	static
C:/Users/Milosz/Desktop/magisterka/embenet_demo_src/lobaro-coap/src/option-types/coap_option_ETag.c:93:20:Get64BitETagOptionFromMsg	40	static
