C:/Users/Milosz/Desktop/magisterka/lobaro-coap/src/option-types/coap_option_uri.c:28:27:ParseUriQueryFromStringToOption	24	static
C:/Users/Milosz/Desktop/magisterka/lobaro-coap/src/option-types/coap_option_uri.c:61:20:CoAP_AppendUriOptionsFromString	24	static
C:/Users/Milosz/Desktop/magisterka/lobaro-coap/src/option-types/coap_option_uri.c:109:20:CoAP_AddUriOptionsToMsgFromString	16	static
C:/Users/Milosz/Desktop/magisterka/lobaro-coap/src/option-types/coap_option_uri.c:116:11:CoAP_UriOptionsAreEqual	24	static
C:/Users/Milosz/Desktop/magisterka/lobaro-coap/src/option-types/coap_option_uri.c:151:11:CoAP_printUriOptionsList	24	static
C:/Users/Milosz/Desktop/magisterka/lobaro-coap/src/option-types/coap_option_uri.c:178:10:CoAP_GetUriQueryVal	32	static
C:/Users/Milosz/Desktop/magisterka/lobaro-coap/src/option-types/coap_option_uri.c:214:10:CoAP_GetUriQueryValFromMsg	32	static
C:/Users/Milosz/Desktop/magisterka/lobaro-coap/src/option-types/coap_option_uri.c:226:8:CoAP_FindUriQueryVal	48	static
C:/Users/Milosz/Desktop/magisterka/lobaro-coap/src/option-types/coap_option_uri.c:260:10:CoAP_atoi	32	static
