../wakaamaNode-master/src/network/network_embenet.c:17:13:ip_equal	8	static
../wakaamaNode-master/src/network/network_embenet.c:22:9:internal_init_sockets	48	static
../wakaamaNode-master/src/network/network_embenet.c:101:13:lwm2mServiceReceptionHandler	72	static
../wakaamaNode-master/src/network/network_embenet.c:141:10:lwm2m_network_native_sock	24	static
../wakaamaNode-master/src/network/network_embenet.c:147:28:lwm2m_network_process	24	static
../wakaamaNode-master/src/network/network_embenet.c:205:5:mbedtls_net_send	40	static
../wakaamaNode-master/src/network/network_embenet.c:276:16:internal_connection_create	56	static
