../Drivers/CMSIS/Include/core_cm4.h:1667:26:__NVIC_GetPriorityGrouping	4	static
../Drivers/CMSIS/Include/core_cm4.h:1679:22:__NVIC_EnableIRQ	16	static,ignoring_inline_asm
../Drivers/CMSIS/Include/core_cm4.h:1809:22:__NVIC_SetPriority	16	static
../Drivers/CMSIS/Include/core_cm4.h:1856:26:NVIC_EncodePriority	40	static
../Drivers/STM32WLxx_HAL_Driver/Inc/stm32wlxx_ll_bus.h:1488:22:LL_APB3_GRP1_EnableClock	24	static
../Drivers/STM32WLxx_HAL_Driver/Inc/stm32wlxx_ll_bus.h:1529:22:LL_APB3_GRP1_ForceReset	16	static
../Drivers/STM32WLxx_HAL_Driver/Inc/stm32wlxx_ll_bus.h:1541:22:LL_APB3_GRP1_ReleaseReset	16	static
../embenet_node_port/src/embenet_radio.c:58:24:calculateFrequency	24	static
../embenet_node_port/src/embenet_radio.c:102:22:EMBENET_RADIO_Init	80	static
../embenet_node_port/src/embenet_radio.c:167:6:EMBENET_RADIO_SetCallbacks	24	static
../embenet_node_port/src/embenet_radio.c:173:6:EMBENET_RADIO_Deinit	4	static
../embenet_node_port/src/embenet_radio.c:178:22:EMBENET_RADIO_Idle	8	static
../embenet_node_port/src/embenet_radio.c:188:22:EMBENET_RADIO_TxEnable	24	static
../embenet_node_port/src/embenet_radio.c:201:22:EMBENET_RADIO_TxNow	16	static
../embenet_node_port/src/embenet_radio.c:215:22:EMBENET_RADIO_RxEnable	16	static
../embenet_node_port/src/embenet_radio.c:226:22:EMBENET_RADIO_RxNow	8	static
../embenet_node_port/src/embenet_radio.c:234:22:EMBENET_RADIO_GetReceivedFrame	64	static
../embenet_node_port/src/embenet_radio.c:272:22:EMBENET_RADIO_StartContinuousTx	24	static
../embenet_node_port/src/embenet_radio.c:286:35:EMBENET_RADIO_GetCapabilities	4	static
../embenet_node_port/src/embenet_radio.c:301:13:setPower	24	static
../embenet_node_port/src/embenet_radio.c:306:16:getFskBandwidthRegValue	24	static
../embenet_node_port/src/embenet_radio.c:324:6:SUBGHZ_Radio_IRQHandler	16	static
