../Drivers/STM32WLxx_HAL_Driver/Inc/stm32wlxx_ll_bus.h:634:22:LL_AHB3_GRP1_EnableClock	24	static
../Drivers/STM32WLxx_HAL_Driver/Inc/stm32wlxx_ll_bus.h:720:22:LL_AHB3_GRP1_DisableClock	16	static
../embenet_node_port/src/embenet_aes128.c:32:6:HAL_CRYP_MspInit	16	static
../embenet_node_port/src/embenet_aes128.c:53:6:HAL_CRYP_MspDeInit	16	static
../embenet_node_port/src/embenet_aes128.c:69:6:EMBENET_AES128_Init	8	static
../embenet_node_port/src/embenet_aes128.c:84:6:EMBENET_AES128_Deinit	8	static
../embenet_node_port/src/embenet_aes128.c:88:6:EMBENET_AES128_SetKey	16	static
../embenet_node_port/src/embenet_aes128.c:96:6:EMBENET_AES128_Encrypt	56	static
../embenet_node_port/src/embenet_aes128.c:104:6:EMBENET_AES128_Decrypt	56	static
