../Drivers/CMSIS/Include/core_cm4.h:1667:26:__NVIC_GetPriorityGrouping	4	static
../Drivers/CMSIS/Include/core_cm4.h:1679:22:__NVIC_EnableIRQ	16	static,ignoring_inline_asm
../Drivers/CMSIS/Include/core_cm4.h:1717:22:__NVIC_DisableIRQ	16	static,ignoring_inline_asm
../Drivers/CMSIS/Include/core_cm4.h:1770:22:__NVIC_ClearPendingIRQ	16	static
../Drivers/CMSIS/Include/core_cm4.h:1809:22:__NVIC_SetPriority	16	static
../Drivers/CMSIS/Include/core_cm4.h:1856:26:NVIC_EncodePriority	40	static
../Drivers/STM32WLxx_HAL_Driver/Inc/stm32wlxx_ll_bus.h:914:22:LL_APB1_GRP1_EnableClock	24	static
../Drivers/STM32WLxx_HAL_Driver/Inc/stm32wlxx_ll_bus.h:1018:22:LL_APB1_GRP1_DisableClock	16	static
../Drivers/STM32WLxx_HAL_Driver/Inc/stm32wlxx_ll_tim.h:1418:22:LL_TIM_EnableCounter	16	static
../Drivers/STM32WLxx_HAL_Driver/Inc/stm32wlxx_ll_tim.h:1429:22:LL_TIM_DisableCounter	16	static
../Drivers/STM32WLxx_HAL_Driver/Inc/stm32wlxx_ll_tim.h:1609:22:LL_TIM_DisableARRPreload	16	static
../Drivers/STM32WLxx_HAL_Driver/Inc/stm32wlxx_ll_tim.h:1684:26:LL_TIM_GetCounter	16	static
../Drivers/STM32WLxx_HAL_Driver/Inc/stm32wlxx_ll_tim.h:2315:22:LL_TIM_OC_DisableFast	24	static
../Drivers/STM32WLxx_HAL_Driver/Inc/stm32wlxx_ll_tim.h:2538:22:LL_TIM_OC_SetCompareCH1	16	static
../Drivers/STM32WLxx_HAL_Driver/Inc/stm32wlxx_ll_tim.h:3186:22:LL_TIM_SetClockSource	16	static
../Drivers/STM32WLxx_HAL_Driver/Inc/stm32wlxx_ll_tim.h:3232:22:LL_TIM_SetTriggerOutput	16	static
../Drivers/STM32WLxx_HAL_Driver/Inc/stm32wlxx_ll_tim.h:3329:22:LL_TIM_DisableMasterSlaveMode	16	static
../Drivers/STM32WLxx_HAL_Driver/Inc/stm32wlxx_ll_tim.h:3987:22:LL_TIM_ClearFlag_CC1	16	static
../Drivers/STM32WLxx_HAL_Driver/Inc/stm32wlxx_ll_tim.h:3998:26:LL_TIM_IsActiveFlag_CC1	16	static
../Drivers/STM32WLxx_HAL_Driver/Inc/stm32wlxx_ll_tim.h:4361:22:LL_TIM_EnableIT_CC1	16	static
../Drivers/STM32WLxx_HAL_Driver/Inc/stm32wlxx_ll_tim.h:4372:22:LL_TIM_DisableIT_CC1	16	static
../Drivers/STM32WLxx_HAL_Driver/Inc/stm32wlxx_ll_tim.h:4848:22:LL_TIM_GenerateEvent_CC1	16	static
../embenet_node_port/src/embenet_timer.c:35:6:EMBENET_TIMER_Init	96	static
../embenet_node_port/src/embenet_timer.c:67:6:EMBENET_TIMER_Deinit	8	static
../embenet_node_port/src/embenet_timer.c:77:6:EMBENET_TIMER_SetCompare	32	static
../embenet_node_port/src/embenet_timer.c:93:16:EMBENET_TIMER_ReadCounter	8	static
../embenet_node_port/src/embenet_timer.c:98:16:EMBENET_TIMER_GetMaxCompareDuration	4	static
../embenet_node_port/src/embenet_timer.c:103:6:TIM2_IRQHandler	8	static
