../Drivers/STM32WLxx_HAL_Driver/Src/stm32wlxx_ll_tim.c:222:13:LL_TIM_DeInit	0	static
../Drivers/STM32WLxx_HAL_Driver/Src/stm32wlxx_ll_tim.c:263:6:LL_TIM_StructInit	0	static
../Drivers/STM32WLxx_HAL_Driver/Src/stm32wlxx_ll_tim.c:282:13:LL_TIM_Init	8	static
../Drivers/STM32WLxx_HAL_Driver/Src/stm32wlxx_ll_tim.c:334:6:LL_TIM_OC_StructInit	0	static
../Drivers/STM32WLxx_HAL_Driver/Src/stm32wlxx_ll_tim.c:363:13:LL_TIM_OC_Init	12	static
../Drivers/STM32WLxx_HAL_Driver/Src/stm32wlxx_ll_tim.c:401:6:LL_TIM_IC_StructInit	0	static
../Drivers/STM32WLxx_HAL_Driver/Src/stm32wlxx_ll_tim.c:424:13:LL_TIM_IC_Init	12	static
../Drivers/STM32WLxx_HAL_Driver/Src/stm32wlxx_ll_tim.c:455:6:LL_TIM_ENCODER_StructInit	0	static
../Drivers/STM32WLxx_HAL_Driver/Src/stm32wlxx_ll_tim.c:478:13:LL_TIM_ENCODER_Init	12	static
../Drivers/STM32WLxx_HAL_Driver/Src/stm32wlxx_ll_tim.c:541:6:LL_TIM_HALLSENSOR_StructInit	0	static
../Drivers/STM32WLxx_HAL_Driver/Src/stm32wlxx_ll_tim.c:571:13:LL_TIM_HALLSENSOR_Init	20	static
../Drivers/STM32WLxx_HAL_Driver/Src/stm32wlxx_ll_tim.c:650:6:LL_TIM_BDTR_StructInit	0	static
../Drivers/STM32WLxx_HAL_Driver/Src/stm32wlxx_ll_tim.c:685:13:LL_TIM_BDTR_Init	0	static
