../Drivers/STM32WLxx_HAL_Driver/Inc/stm32wlxx_ll_rcc.h:1019:26:LL_RCC_HSE_IsEnabledDiv2	0	static
../Drivers/STM32WLxx_HAL_Driver/Inc/stm32wlxx_ll_rcc.h:1128:26:LL_RCC_HSI_IsReady	0	static
../Drivers/STM32WLxx_HAL_Driver/Inc/stm32wlxx_ll_rcc.h:1334:26:LL_RCC_LSE_IsReady	0	static
../Drivers/STM32WLxx_HAL_Driver/Inc/stm32wlxx_ll_rcc.h:1409:26:LL_RCC_LSI_IsReady	0	static
../Drivers/STM32WLxx_HAL_Driver/Inc/stm32wlxx_ll_rcc.h:1496:26:LL_RCC_MSI_IsEnabledRangeSelect	0	static
../Drivers/STM32WLxx_HAL_Driver/Inc/stm32wlxx_ll_rcc.h:2411:26:LL_RCC_PLL_IsReady	0	static
../Drivers/STM32WLxx_HAL_Driver/Src/stm32wlxx_ll_rcc.c:839:17:RCC_GetHCLK1ClockFreq	0	static
../Drivers/STM32WLxx_HAL_Driver/Src/stm32wlxx_ll_rcc.c:874:17:RCC_GetPCLK1ClockFreq	0	static
../Drivers/STM32WLxx_HAL_Driver/Src/stm32wlxx_ll_rcc.c:789:17:RCC_GetSystemClockFreq	16	static
../Drivers/STM32WLxx_HAL_Driver/Src/stm32wlxx_ll_rcc.c:993:17:RCC_PLL_GetFreqDomain_RNG	8	static
../Drivers/STM32WLxx_HAL_Driver/Src/stm32wlxx_ll_rcc.c:116:13:LL_RCC_DeInit	16	static
../Drivers/STM32WLxx_HAL_Driver/Src/stm32wlxx_ll_rcc.c:209:6:LL_RCC_GetSystemClocksFreq	16	static
../Drivers/STM32WLxx_HAL_Driver/Src/stm32wlxx_ll_rcc.c:240:10:LL_RCC_GetUSARTClockFreq	8	static
../Drivers/STM32WLxx_HAL_Driver/Src/stm32wlxx_ll_rcc.c:317:10:LL_RCC_GetI2CClockFreq	8	static
../Drivers/STM32WLxx_HAL_Driver/Src/stm32wlxx_ll_rcc.c:402:10:LL_RCC_GetLPUARTClockFreq	8	static
../Drivers/STM32WLxx_HAL_Driver/Src/stm32wlxx_ll_rcc.c:448:10:LL_RCC_GetLPTIMClockFreq	8	static
../Drivers/STM32WLxx_HAL_Driver/Src/stm32wlxx_ll_rcc.c:584:10:LL_RCC_GetRNGClockFreq	8	static
../Drivers/STM32WLxx_HAL_Driver/Src/stm32wlxx_ll_rcc.c:646:10:LL_RCC_GetI2SClockFreq	8	static
../Drivers/STM32WLxx_HAL_Driver/Src/stm32wlxx_ll_rcc.c:689:10:LL_RCC_GetADCClockFreq	8	static
../Drivers/STM32WLxx_HAL_Driver/Src/stm32wlxx_ll_rcc.c:732:10:LL_RCC_GetRTCClockFreq	8	static
