../Drivers/STM32WLxx_HAL_Driver/Inc/stm32wlxx_ll_bus.h:449:22:LL_AHB2_GRP1_EnableClock	24	static
../embenet_node_bsp/embenet_node_stm32wle5_bsp_rf_impl.c:21:6:EMBENET_NODE_BSP_RadioInit	8	static
../embenet_node_bsp/embenet_node_stm32wle5_bsp_rf_impl.c:28:6:EMBENET_NODE_BSP_RBI_Init	32	static
../embenet_node_bsp/embenet_node_stm32wle5_bsp_rf_impl.c:54:6:EMBENET_NODE_BSP_RBI_Deinit	8	static
../embenet_node_bsp/embenet_node_stm32wle5_bsp_rf_impl.c:63:8:EMBENET_NODE_BSP_GetTxOffset	4	static
../embenet_node_bsp/embenet_node_stm32wle5_bsp_rf_impl.c:68:6:EMBENET_NODE_BSP_ConfigRFSwitch	16	static
../embenet_node_bsp/embenet_node_stm32wle5_bsp_rf_impl.c:94:27:EMBENET_NODE_BSP_GetTxConfig	4	static
