C:/Users/Milosz/Desktop/magisterka/lobaro-coap/src/coap_message.c:28:18:CoAP_InitToEmptyResetMsg	32	static
C:/Users/Milosz/Desktop/magisterka/lobaro-coap/src/coap_message.c:42:6:CoAP_TokenEqual	32	static
C:/Users/Milosz/Desktop/magisterka/lobaro-coap/src/coap_message.c:54:11:CoAP_free_MsgPayload	16	static
C:/Users/Milosz/Desktop/magisterka/lobaro-coap/src/coap_message.c:67:11:CoAP_MsgIsRequest	16	static
C:/Users/Milosz/Desktop/magisterka/lobaro-coap/src/coap_message.c:73:11:CoAP_MsgIsResponse	16	static
C:/Users/Milosz/Desktop/magisterka/lobaro-coap/src/coap_message.c:79:11:CoAP_MsgIsOlderThan	16	static
C:/Users/Milosz/Desktop/magisterka/lobaro-coap/src/coap_message.c:88:20:CoAP_free_Message	16	static
C:/Users/Milosz/Desktop/magisterka/lobaro-coap/src/coap_message.c:117:32:CoAP_getRespMsgType	16	static
C:/Users/Milosz/Desktop/magisterka/lobaro-coap/src/coap_message.c:124:22:CoAP_getRespMsgID	16	static
C:/Users/Milosz/Desktop/magisterka/lobaro-coap/src/coap_message.c:131:22:CoAP_AllocRespMsg	56	static
C:/Users/Milosz/Desktop/magisterka/lobaro-coap/src/coap_message.c:135:22:CoAP_CreateMessage	24	static
C:/Users/Milosz/Desktop/magisterka/lobaro-coap/src/coap_message.c:175:20:CoAP_ParseMessageFromDatagram	56	static
C:/Users/Milosz/Desktop/magisterka/lobaro-coap/src/coap_message.c:284:5:CoAP_GetRawSizeOfMessage	24	static
C:/Users/Milosz/Desktop/magisterka/lobaro-coap/src/coap_message.c:303:27:CoAP_BuildDatagram	40	static
C:/Users/Milosz/Desktop/magisterka/lobaro-coap/src/coap_message.c:356:20:CoAP_SendEmptyAck	80	static
C:/Users/Milosz/Desktop/magisterka/lobaro-coap/src/coap_message.c:366:20:CoAP_SendShortResp	80	static
C:/Users/Milosz/Desktop/magisterka/lobaro-coap/src/coap_message.c:377:20:CoAP_SendEmptyRST	80	static
C:/Users/Milosz/Desktop/magisterka/lobaro-coap/src/coap_message.c:384:20:CoAP_SendMsg	104	static
C:/Users/Milosz/Desktop/magisterka/lobaro-coap/src/coap_message.c:473:11:CoAP_InitIds	8	static
C:/Users/Milosz/Desktop/magisterka/lobaro-coap/src/coap_message.c:479:15:CoAP_GetNextMid	4	static
C:/Users/Milosz/Desktop/magisterka/lobaro-coap/src/coap_message.c:485:19:CoAP_GenerateToken	32	static
C:/Users/Milosz/Desktop/magisterka/lobaro-coap/src/coap_message.c:491:20:CoAP_addNewPayloadToMessage	32	static
C:/Users/Milosz/Desktop/magisterka/lobaro-coap/src/coap_message.c:516:20:CoAP_addTextPayload	16	static
C:/Users/Milosz/Desktop/magisterka/lobaro-coap/src/coap_message.c:520:11:CoAP_PrintMsg	16	static
C:/Users/Milosz/Desktop/magisterka/lobaro-coap/src/coap_message.c:601:18:CoAP_CodeName	16	static
C:/Users/Milosz/Desktop/magisterka/lobaro-coap/src/coap_message.c:673:11:CoAP_PrintResultValue	16	static
C:/Users/Milosz/Desktop/magisterka/lobaro-coap/src/coap_message.c:703:11:CoAP_CharIsPrintable	16	static
C:/Users/Milosz/Desktop/magisterka/lobaro-coap/src/coap_message.c:708:11:CoAP_CharPrintable	16	static
