C:/Users/Milosz/Desktop/magisterka/lobaro-coap/src/coap_options.c:36:20:pack_OptionsFromList	48	static
C:/Users/Milosz/Desktop/magisterka/lobaro-coap/src/coap_options.c:110:15:CoAP_NeededMem4PackOptions	32	static
C:/Users/Milosz/Desktop/magisterka/lobaro-coap/src/coap_options.c:162:20:parse_OptionsFromRaw	40	static
C:/Users/Milosz/Desktop/magisterka/lobaro-coap/src/coap_options.c:252:20:CoAP_RemoveOptionFromList	24	static
C:/Users/Milosz/Desktop/magisterka/lobaro-coap/src/coap_options.c:284:27:append_OptionToListEnd	32	static
C:/Users/Milosz/Desktop/magisterka/lobaro-coap/src/coap_options.c:323:21:CoAP_FindOptionByNumber	24	static
C:/Users/Milosz/Desktop/magisterka/lobaro-coap/src/coap_options.c:333:20:CoAP_AddOption	24	static
C:/Users/Milosz/Desktop/magisterka/lobaro-coap/src/coap_options.c:337:20:CoAP_AppendUintOptionToList	32	static
C:/Users/Milosz/Desktop/magisterka/lobaro-coap/src/coap_options.c:373:20:CoAP_GetUintFromOption	16	static
C:/Users/Milosz/Desktop/magisterka/lobaro-coap/src/coap_options.c:414:20:CoAP_AppendOptionToList	40	static
C:/Users/Milosz/Desktop/magisterka/lobaro-coap/src/coap_options.c:473:20:CoAP_CopyOptionToList	16	static
C:/Users/Milosz/Desktop/magisterka/lobaro-coap/src/coap_options.c:477:20:CoAP_FreeOptionList	24	static
C:/Users/Milosz/Desktop/magisterka/lobaro-coap/src/coap_options.c:506:15:CoAP_CheckForUnknownCriticalOption	32	static
C:/Users/Milosz/Desktop/magisterka/lobaro-coap/src/coap_options.c:540:18:printOptionString	24	static
C:/Users/Milosz/Desktop/magisterka/lobaro-coap/src/coap_options.c:550:18:printOptionHex	24	static
C:/Users/Milosz/Desktop/magisterka/lobaro-coap/src/coap_options.c:555:10:CoAP_DecodeSzx	16	static
C:/Users/Milosz/Desktop/magisterka/lobaro-coap/src/coap_options.c:561:9:CoAP_EncodeSzx	16	static
C:/Users/Milosz/Desktop/magisterka/lobaro-coap/src/coap_options.c:579:20:contentFormatMime	16	static
C:/Users/Milosz/Desktop/magisterka/lobaro-coap/src/coap_options.c:601:18:printOption	80	static
C:/Users/Milosz/Desktop/magisterka/lobaro-coap/src/coap_options.c:655:11:CoAP_printOptionsList	32	static
C:/Users/Milosz/Desktop/magisterka/lobaro-coap/src/coap_options.c:676:11:CoAP_OptionsAreEqual	24	static
C:/Users/Milosz/Desktop/magisterka/lobaro-coap/src/coap_options.c:695:15:CoAP_PackBlockParameter	24	static
C:/Users/Milosz/Desktop/magisterka/lobaro-coap/src/coap_options.c:704:6:CoAP_UnpackBlockParameter	24	static
