C:/Users/Milosz/Desktop/magisterka/lobaro-coap/src/coap_interaction.c:29:33:CoAP_AllocNewInteraction	16	static
C:/Users/Milosz/Desktop/magisterka/lobaro-coap/src/coap_interaction.c:42:20:CoAP_FreeInteraction	16	static
C:/Users/Milosz/Desktop/magisterka/lobaro-coap/src/coap_interaction.c:53:27:CoAP_UnlinkInteractionFromList	32	static
C:/Users/Milosz/Desktop/magisterka/lobaro-coap/src/coap_interaction.c:86:27:CoAP_UnlinkInteractionFromListByHandle	32	static
C:/Users/Milosz/Desktop/magisterka/lobaro-coap/src/coap_interaction.c:121:27:CoAP_AppendInteractionToList	24	static
C:/Users/Milosz/Desktop/magisterka/lobaro-coap/src/coap_interaction.c:142:27:CoAP_MoveInteractionToListEnd	24	static
C:/Users/Milosz/Desktop/magisterka/lobaro-coap/src/coap_interaction.c:174:20:CoAP_SetSleepInteraction	16	static
C:/Users/Milosz/Desktop/magisterka/lobaro-coap/src/coap_interaction.c:183:20:CoAP_EnableAckTimeout	24	static
C:/Users/Milosz/Desktop/magisterka/lobaro-coap/src/coap_interaction.c:206:26:CoAP_GetLongestPendingInteraction	4	static
C:/Users/Milosz/Desktop/magisterka/lobaro-coap/src/coap_interaction.c:212:26:CoAP_FindInteractionByMessageIdAndEp	24	static
C:/Users/Milosz/Desktop/magisterka/lobaro-coap/src/coap_interaction.c:227:20:CoAP_DeleteInteraction	16	static
C:/Users/Milosz/Desktop/magisterka/lobaro-coap/src/coap_interaction.c:231:20:CoAP_ResetInteractionByHandle	32	static
C:/Users/Milosz/Desktop/magisterka/lobaro-coap/src/coap_interaction.c:235:20:CoAP_EnqueueLastInteraction	16	static
C:/Users/Milosz/Desktop/magisterka/lobaro-coap/src/coap_interaction.c:240:20:CoAP_StartNewClientInteraction	32	static
C:/Users/Milosz/Desktop/magisterka/lobaro-coap/src/coap_interaction.c:263:20:CoAP_StartNewGetRequest	72	static
C:/Users/Milosz/Desktop/magisterka/lobaro-coap/src/coap_interaction.c:277:20:CoAP_StartNewRequest	80	static
C:/Users/Milosz/Desktop/magisterka/lobaro-coap/src/coap_interaction.c:295:20:CoAP_StartNotifyInteractions	80	static
C:/Users/Milosz/Desktop/magisterka/lobaro-coap/src/coap_interaction.c:401:20:CoAP_StartNewServerInteraction	80	static
C:/Users/Milosz/Desktop/magisterka/lobaro-coap/src/coap_interaction.c:448:20:CoAP_RemoveInteractionsObserver	48	static
C:/Users/Milosz/Desktop/magisterka/lobaro-coap/src/coap_interaction.c:452:20:CoAP_HandleObservationInReq	56	static
C:/Users/Milosz/Desktop/magisterka/lobaro-coap/src/coap_interaction.c:539:11:CoAP_ClearInteractions	32	static
