../embenet_node_port/src/embenet_brt.c:307:13:uartWrite	8	static
../embenet_node_port/src/embenet_brt.c:258:6:tx_isr	16	static
../embenet_node_port/src/embenet_brt.c:276:6:rx_isr	8	static
../embenet_node_port/src/embenet_brt.c:296:13:putByte	8	static
../embenet_node_port/src/embenet_brt.c:47:10:openhdlc_crc	0	static
../embenet_node_port/src/embenet_brt.c:96:6:EMBENET_BRT_Init	8	static
../embenet_node_port/src/embenet_brt.c:107:6:EMBENET_BRT_Deinit	8	static
../embenet_node_port/src/embenet_brt.c:117:6:EMBENET_BRT_Send	16	static
../embenet_node_port/src/embenet_brt.c:136:8:EMBENET_BRT_Receive	40	static
../embenet_node_port/src/embenet_brt.c:229:6:EMBENET_BRT_SendRaw	16	static
../embenet_node_port/src/embenet_brt.c:235:8:EMBENET_BRT_ReceiveRaw	24	static
../embenet_node_port/src/embenet_brt.c:248:6:EMBENET_BRT_Reset	8	static,ignoring_inline_asm
../embenet_node_port/src/embenet_brt.c:254:6:EMBENET_BRT_IsBusy	0	static
