../embenet_node_port/src/embenet_timer.c:35:6:EMBENET_TIMER_Init	96	static,ignoring_inline_asm
../embenet_node_port/src/embenet_timer.c:67:6:EMBENET_TIMER_Deinit	8	static,ignoring_inline_asm
../embenet_node_port/src/embenet_timer.c:77:6:EMBENET_TIMER_SetCompare	8	static
../embenet_node_port/src/embenet_timer.c:93:16:EMBENET_TIMER_ReadCounter	0	static
../embenet_node_port/src/embenet_timer.c:98:16:EMBENET_TIMER_GetMaxCompareDuration	0	static
../embenet_node_port/src/embenet_timer.c:103:6:TIM2_IRQHandler	0	static
