../Core/Src/custom_service.c:27:5:generateRandom	8	static
../Core/Src/custom_service.c:32:6:debugPuts	16	static
../Core/Src/custom_service.c:37:10:elapsedTime_seconds	16	static
../Core/Src/custom_service.c:44:6:CoAP_Posix_SendDatagram	48	static
../Core/Src/custom_service.c:63:15:CoAP_RespHandler_fn	24	static
../Core/Src/custom_service.c:84:13:customServiceTask	64	static
../Core/Src/custom_service.c:117:13:customServiceReceptionHandler	72	static
../Core/Src/custom_service.c:164:6:custom_service_init	72	static
../Core/Src/custom_service.c:216:6:custom_service_start	24	static
../Core/Src/custom_service.c:224:6:custom_service_stop	8	static
