../Drivers/CMSIS/Include/core_cm4.h:1933:34:__NVIC_SystemReset	4	static,ignoring_inline_asm
../Drivers/STM32WLxx_HAL_Driver/Inc/stm32wlxx_ll_pwr.h:379:22:LL_PWR_SetRegulVoltageScaling	16	static
../Drivers/STM32WLxx_HAL_Driver/Inc/stm32wlxx_ll_rcc.h:968:22:LL_RCC_HSE_EnableTcxo	4	static
../Drivers/STM32WLxx_HAL_Driver/Inc/stm32wlxx_ll_rcc.h:1039:22:LL_RCC_HSE_Enable	4	static
../Drivers/STM32WLxx_HAL_Driver/Inc/stm32wlxx_ll_rcc.h:1059:26:LL_RCC_HSE_IsReady	4	static
../Drivers/STM32WLxx_HAL_Driver/Inc/stm32wlxx_ll_rcc.h:1730:22:LL_RCC_SetSysClkSource	16	static
../Drivers/STM32WLxx_HAL_Driver/Inc/stm32wlxx_ll_rcc.h:1744:26:LL_RCC_GetSysClkSource	4	static
../Drivers/STM32WLxx_HAL_Driver/Inc/stm32wlxx_ll_rcc.h:1770:22:LL_RCC_SetAHBPrescaler	16	static
../Drivers/STM32WLxx_HAL_Driver/Inc/stm32wlxx_ll_rcc.h:1822:22:LL_RCC_SetAHB3Prescaler	16	static
../Drivers/STM32WLxx_HAL_Driver/Inc/stm32wlxx_ll_rcc.h:1838:22:LL_RCC_SetAPB1Prescaler	16	static
../Drivers/STM32WLxx_HAL_Driver/Inc/stm32wlxx_ll_rcc.h:1854:22:LL_RCC_SetAPB2Prescaler	16	static
../Drivers/STM32WLxx_HAL_Driver/Inc/stm32wlxx_ll_rcc.h:2390:22:LL_RCC_PLL_Enable	4	static
../Drivers/STM32WLxx_HAL_Driver/Inc/stm32wlxx_ll_rcc.h:2411:26:LL_RCC_PLL_IsReady	4	static
../Drivers/STM32WLxx_HAL_Driver/Inc/stm32wlxx_ll_rcc.h:2449:22:LL_RCC_PLL_ConfigDomain_SYS	24	static
../Drivers/STM32WLxx_HAL_Driver/Inc/stm32wlxx_ll_rcc.h:2802:22:LL_RCC_PLL_EnableDomain_SYS	4	static
../Drivers/STM32WLxx_HAL_Driver/Inc/stm32wlxx_ll_system.h:1582:22:LL_FLASH_SetLatency	16	static
../Drivers/STM32WLxx_HAL_Driver/Inc/stm32wlxx_ll_system.h:1595:26:LL_FLASH_GetLatency	4	static
../Core/Src/main.c:80:13:onJoined	24	static
../Core/Src/main.c:102:13:onLeft	16	static
../Core/Src/main.c:126:13:onJoinAttempt	24	static
../Core/Src/main.c:137:13:dataOnUregisteredPort	16	static
../Core/Src/main.c:147:13:onQuickJoinCredentialsObsolete	8	static
../Core/Src/main.c:157:5:main	88	static
../Core/Src/main.c:267:6:SystemClock_Config	8	static
../Core/Src/main.c:318:32:EXPECT_OnAbortHandler	24	static
../Core/Src/main.c:326:10:_write	24	static
../Core/Src/main.c:337:6:Error_Handler	8	static,ignoring_inline_asm
