../Drivers/CMSIS/Include/core_cm4.h:1933:34:__NVIC_SystemReset	1
../Drivers/STM32WLxx_HAL_Driver/Inc/stm32wlxx_ll_pwr.h:379:22:LL_PWR_SetRegulVoltageScaling	1
../Drivers/STM32WLxx_HAL_Driver/Inc/stm32wlxx_ll_rcc.h:968:22:LL_RCC_HSE_EnableTcxo	1
../Drivers/STM32WLxx_HAL_Driver/Inc/stm32wlxx_ll_rcc.h:1039:22:LL_RCC_HSE_Enable	1
../Drivers/STM32WLxx_HAL_Driver/Inc/stm32wlxx_ll_rcc.h:1059:26:LL_RCC_HSE_IsReady	2
../Drivers/STM32WLxx_HAL_Driver/Inc/stm32wlxx_ll_rcc.h:1730:22:LL_RCC_SetSysClkSource	1
../Drivers/STM32WLxx_HAL_Driver/Inc/stm32wlxx_ll_rcc.h:1744:26:LL_RCC_GetSysClkSource	1
../Drivers/STM32WLxx_HAL_Driver/Inc/stm32wlxx_ll_rcc.h:1770:22:LL_RCC_SetAHBPrescaler	1
../Drivers/STM32WLxx_HAL_Driver/Inc/stm32wlxx_ll_rcc.h:1822:22:LL_RCC_SetAHB3Prescaler	1
../Drivers/STM32WLxx_HAL_Driver/Inc/stm32wlxx_ll_rcc.h:1838:22:LL_RCC_SetAPB1Prescaler	1
../Drivers/STM32WLxx_HAL_Driver/Inc/stm32wlxx_ll_rcc.h:1854:22:LL_RCC_SetAPB2Prescaler	1
../Drivers/STM32WLxx_HAL_Driver/Inc/stm32wlxx_ll_rcc.h:2390:22:LL_RCC_PLL_Enable	1
../Drivers/STM32WLxx_HAL_Driver/Inc/stm32wlxx_ll_rcc.h:2411:26:LL_RCC_PLL_IsReady	2
../Drivers/STM32WLxx_HAL_Driver/Inc/stm32wlxx_ll_rcc.h:2449:22:LL_RCC_PLL_ConfigDomain_SYS	1
../Drivers/STM32WLxx_HAL_Driver/Inc/stm32wlxx_ll_rcc.h:2802:22:LL_RCC_PLL_EnableDomain_SYS	1
../Drivers/STM32WLxx_HAL_Driver/Inc/stm32wlxx_ll_system.h:1582:22:LL_FLASH_SetLatency	1
../Drivers/STM32WLxx_HAL_Driver/Inc/stm32wlxx_ll_system.h:1595:26:LL_FLASH_GetLatency	1
../Core/Src/main.c:81:13:onJoined	2
../Core/Src/main.c:104:13:onLeft	2
../Core/Src/main.c:128:13:onJoinAttempt	1
../Core/Src/main.c:139:13:dataOnUregisteredPort	1
../Core/Src/main.c:149:13:onQuickJoinCredentialsObsolete	1
../Core/Src/main.c:159:5:main	3
../Core/Src/main.c:271:6:SystemClock_Config	6
../Core/Src/main.c:322:32:EXPECT_OnAbortHandler	1
../Core/Src/main.c:330:10:_write	1
../Core/Src/main.c:341:6:Error_Handler	0
