../Drivers/CMSIS/Include/core_cm4.h:1667:26:__NVIC_GetPriorityGrouping	4	static
../Drivers/CMSIS/Include/core_cm4.h:1679:22:__NVIC_EnableIRQ	16	static,ignoring_inline_asm
../Drivers/CMSIS/Include/core_cm4.h:1809:22:__NVIC_SetPriority	16	static
../Drivers/CMSIS/Include/core_cm4.h:1856:26:NVIC_EncodePriority	40	static
../Drivers/STM32WLxx_HAL_Driver/Inc/stm32wlxx_ll_rcc.h:2047:22:LL_RCC_SetUSARTClockSource	16	static
../Drivers/STM32WLxx_HAL_Driver/Inc/stm32wlxx_ll_rcc.h:2076:22:LL_RCC_SetLPUARTClockSource	16	static
../Drivers/STM32WLxx_HAL_Driver/Inc/stm32wlxx_ll_bus.h:449:22:LL_AHB2_GRP1_EnableClock	24	static
../Drivers/STM32WLxx_HAL_Driver/Inc/stm32wlxx_ll_bus.h:935:22:LL_APB1_GRP2_EnableClock	24	static
../Drivers/STM32WLxx_HAL_Driver/Inc/stm32wlxx_ll_bus.h:1303:22:LL_APB2_GRP1_EnableClock	24	static
../Drivers/STM32WLxx_HAL_Driver/Inc/stm32wlxx_ll_lpuart.h:495:22:LL_LPUART_Enable	16	static
../Drivers/STM32WLxx_HAL_Driver/Inc/stm32wlxx_ll_lpuart.h:576:22:LL_LPUART_SetTXFIFOThreshold	40	static,ignoring_inline_asm
../Drivers/STM32WLxx_HAL_Driver/Inc/stm32wlxx_ll_lpuart.h:611:22:LL_LPUART_SetRXFIFOThreshold	40	static,ignoring_inline_asm
../Drivers/STM32WLxx_HAL_Driver/Inc/stm32wlxx_ll_lpuart.h:1285:22:LL_LPUART_EnableOverrunDetect	16	static
../Drivers/STM32WLxx_HAL_Driver/Inc/stm32wlxx_ll_lpuart.h:1591:26:LL_LPUART_IsActiveFlag_PE	16	static
../Drivers/STM32WLxx_HAL_Driver/Inc/stm32wlxx_ll_lpuart.h:1602:26:LL_LPUART_IsActiveFlag_FE	16	static
../Drivers/STM32WLxx_HAL_Driver/Inc/stm32wlxx_ll_lpuart.h:1613:26:LL_LPUART_IsActiveFlag_NE	16	static
../Drivers/STM32WLxx_HAL_Driver/Inc/stm32wlxx_ll_lpuart.h:1624:26:LL_LPUART_IsActiveFlag_ORE	16	static
../Drivers/STM32WLxx_HAL_Driver/Inc/stm32wlxx_ll_lpuart.h:1674:26:LL_LPUART_IsActiveFlag_TXE_TXFNF	16	static
../Drivers/STM32WLxx_HAL_Driver/Inc/stm32wlxx_ll_lpuart.h:1762:26:LL_LPUART_IsActiveFlag_TEACK	16	static
../Drivers/STM32WLxx_HAL_Driver/Inc/stm32wlxx_ll_lpuart.h:1828:22:LL_LPUART_ClearFlag_PE	16	static
../Drivers/STM32WLxx_HAL_Driver/Inc/stm32wlxx_ll_lpuart.h:1839:22:LL_LPUART_ClearFlag_FE	16	static
../Drivers/STM32WLxx_HAL_Driver/Inc/stm32wlxx_ll_lpuart.h:1850:22:LL_LPUART_ClearFlag_NE	16	static
../Drivers/STM32WLxx_HAL_Driver/Inc/stm32wlxx_ll_lpuart.h:1861:22:LL_LPUART_ClearFlag_ORE	16	static
../Drivers/STM32WLxx_HAL_Driver/Inc/stm32wlxx_ll_lpuart.h:1974:22:LL_LPUART_EnableIT_TXE_TXFNF	40	static,ignoring_inline_asm
../Drivers/STM32WLxx_HAL_Driver/Inc/stm32wlxx_ll_lpuart.h:2127:22:LL_LPUART_DisableIT_TXE_TXFNF	40	static,ignoring_inline_asm
../Drivers/STM32WLxx_HAL_Driver/Inc/stm32wlxx_ll_lpuart.h:2464:22:LL_LPUART_EnableDMADeactOnRxErr	16	static
../Drivers/STM32WLxx_HAL_Driver/Inc/stm32wlxx_ll_lpuart.h:2556:22:LL_LPUART_TransmitData8	16	static
../Drivers/STM32WLxx_HAL_Driver/Inc/stm32wlxx_ll_usart.h:626:22:LL_USART_Enable	16	static
../Drivers/STM32WLxx_HAL_Driver/Inc/stm32wlxx_ll_usart.h:677:22:LL_USART_DisableFIFO	16	static
../Drivers/STM32WLxx_HAL_Driver/Inc/stm32wlxx_ll_usart.h:710:22:LL_USART_SetTXFIFOThreshold	40	static,ignoring_inline_asm
../Drivers/STM32WLxx_HAL_Driver/Inc/stm32wlxx_ll_usart.h:749:22:LL_USART_SetRXFIFOThreshold	40	static,ignoring_inline_asm
../Drivers/STM32WLxx_HAL_Driver/Inc/stm32wlxx_ll_usart.h:1795:22:LL_USART_DisableOverrunDetect	16	static
../Drivers/STM32WLxx_HAL_Driver/Inc/stm32wlxx_ll_usart.h:2665:22:LL_USART_ConfigAsyncMode	16	static
../Drivers/STM32WLxx_HAL_Driver/Inc/stm32wlxx_ll_usart.h:3180:26:LL_USART_IsActiveFlag_TEACK	16	static
../Drivers/STM32WLxx_HAL_Driver/Inc/stm32wlxx_ll_usart.h:4186:22:LL_USART_DisableDMADeactOnRxErr	16	static
../Core/Src/usart.c:37:6:MX_LPUART1_UART_Init	64	static
../Core/Src/usart.c:103:6:MX_USART1_UART_Init	64	static
../Core/Src/usart.c:172:6:LOGGER_UART_Init	8	static
../Core/Src/usart.c:180:6:LOGGER_UART_Write	32	static,ignoring_inline_asm
../Core/Src/usart.c:200:6:LOGGER_UART_FlushPolling	24	static,ignoring_inline_asm
../Core/Src/usart.c:259:6:LPUART1_IRQHandler	16	static
