Archive member included to satisfy reference by file (symbol)

C:\Users\Milosz\Desktop\magisterka\embenet_demo_src\embenet_node\lib\libembenet_node_amalgamate.a(embenet_node.c.obj)
                              ./Core/Src/custom_service.o (EMBENET_UDP_RegisterSocket)
C:\Users\Milosz\Desktop\magisterka\embenet_demo_src\embenet_node\lib\libembenet_node_amalgamate.a(embenet_node_stack.c.obj)
                              C:\Users\Milosz\Desktop\magisterka\embenet_demo_src\embenet_node\lib\libembenet_node_amalgamate.a(embenet_node.c.obj) (607ef4c5d978134bf6de78aa1fe1dcdf57b18695)
C:\Users\Milosz\Desktop\magisterka\embenet_demo_src\embenet_node\lib\libembenet_node_amalgamate.a(idmanager.c.obj)
                              C:\Users\Milosz\Desktop\magisterka\embenet_demo_src\embenet_node\lib\libembenet_node_amalgamate.a(embenet_node.c.obj) (62d16b48e9529b8b29eb67945bd8081213959681)
C:\Users\Milosz\Desktop\magisterka\embenet_demo_src\embenet_node\lib\libembenet_node_amalgamate.a(neighbors.c.obj)
                              C:\Users\Milosz\Desktop\magisterka\embenet_demo_src\embenet_node\lib\libembenet_node_amalgamate.a(embenet_node.c.obj) (a65a9e0e9d2172731582a842552346b36304a3e3)
C:\Users\Milosz\Desktop\magisterka\embenet_demo_src\embenet_node\lib\libembenet_node_amalgamate.a(openaddress.c.obj)
                              C:\Users\Milosz\Desktop\magisterka\embenet_demo_src\embenet_node\lib\libembenet_node_amalgamate.a(idmanager.c.obj) (32ee1897f5dd097f851de45186212ed2e150a0c5)
C:\Users\Milosz\Desktop\magisterka\embenet_demo_src\embenet_node\lib\libembenet_node_amalgamate.a(openqueue.c.obj)
                              C:\Users\Milosz\Desktop\magisterka\embenet_demo_src\embenet_node\lib\libembenet_node_amalgamate.a(embenet_node.c.obj) (8651bfcf35514b04809eb22bd8aa118172b46770)
C:\Users\Milosz\Desktop\magisterka\embenet_demo_src\embenet_node\lib\libembenet_node_amalgamate.a(bridge.c.obj)
                              C:\Users\Milosz\Desktop\magisterka\embenet_demo_src\embenet_node\lib\libembenet_node_amalgamate.a(embenet_node.c.obj) (accf98d4aa46c25b43fe3a2b56466c3df947c743)
C:\Users\Milosz\Desktop\magisterka\embenet_demo_src\embenet_node\lib\libembenet_node_amalgamate.a(event_timer.c.obj)
                              C:\Users\Milosz\Desktop\magisterka\embenet_demo_src\embenet_node\lib\libembenet_node_amalgamate.a(embenet_node.c.obj) (bbe099565971cd2d437b6a8e152f225cced7c4ee)
C:\Users\Milosz\Desktop\magisterka\embenet_demo_src\embenet_node\lib\libembenet_node_amalgamate.a(rng.c.obj)
                              C:\Users\Milosz\Desktop\magisterka\embenet_demo_src\embenet_node\lib\libembenet_node_amalgamate.a(embenet_node.c.obj) (da97346f7fa50b65fe6c97432d29b132cbef037c)
C:\Users\Milosz\Desktop\magisterka\embenet_demo_src\embenet_node\lib\libembenet_node_amalgamate.a(encjs_pledge.c.obj)
                              C:\Users\Milosz\Desktop\magisterka\embenet_demo_src\embenet_node\lib\libembenet_node_amalgamate.a(embenet_node.c.obj) (a2cfc355d32e55b8b56cc48ae29213a5fcc061ca)
C:\Users\Milosz\Desktop\magisterka\embenet_demo_src\embenet_node\lib\libembenet_node_amalgamate.a(encjs_proxy.c.obj)
                              C:\Users\Milosz\Desktop\magisterka\embenet_demo_src\embenet_node\lib\libembenet_node_amalgamate.a(embenet_node.c.obj) (781f8340fa417dd87327132209f6d0b889d0ff2a)
C:\Users\Milosz\Desktop\magisterka\embenet_demo_src\embenet_node\lib\libembenet_node_amalgamate.a(openos.c.obj)
                              C:\Users\Milosz\Desktop\magisterka\embenet_demo_src\embenet_node\lib\libembenet_node_amalgamate.a(embenet_node.c.obj) (bf6cd42aa4b8da9fc5f5650bf0a6c717df5ed505)
C:\Users\Milosz\Desktop\magisterka\embenet_demo_src\embenet_node\lib\libembenet_node_amalgamate.a(embenet_rcp.c.obj)
                              C:\Users\Milosz\Desktop\magisterka\embenet_demo_src\embenet_node\lib\libembenet_node_amalgamate.a(bridge.c.obj) (204a5825006ec0766c6949df6e4d08a716e57723)
C:\Users\Milosz\Desktop\magisterka\embenet_demo_src\embenet_node\lib\libembenet_node_amalgamate.a(enms_node.c.obj)
                              ./Core/Src/main.o (ENMS_NODE_Init)
C:\Users\Milosz\Desktop\magisterka\embenet_demo_src\embenet_node\lib\libembenet_node_amalgamate.a(mqttsn_client.c.obj)
                              ./Core/Src/mqttsn_client_service.o (MQTTSN_CLIENT_Init)
C:\Users\Milosz\Desktop\magisterka\embenet_demo_src\embenet_node\lib\libembenet_node_amalgamate.a(MQTTSNConnectClient.c.obj)
                              C:\Users\Milosz\Desktop\magisterka\embenet_demo_src\embenet_node\lib\libembenet_node_amalgamate.a(mqttsn_client.c.obj) (MQTTSNSerialize_connect)
C:\Users\Milosz\Desktop\magisterka\embenet_demo_src\embenet_node\lib\libembenet_node_amalgamate.a(MQTTSNPacket.c.obj)
                              C:\Users\Milosz\Desktop\magisterka\embenet_demo_src\embenet_node\lib\libembenet_node_amalgamate.a(MQTTSNConnectClient.c.obj) (MQTTSNPacket_len)
[...]
Memory Configuration

Name             Origin             Length             Attributes
RAM              0x0000000020000000 0x0000000000010000 xrw
RAM2             0x0000000010000000 0x0000000000008000 xrw
FLASH            0x0000000008000000 0x0000000000040000 xr
*default*        0x0000000000000000 0xffffffffffffffff

Linker script and memory map

LOAD C:/ST/STM32CubeIDE_1.14.1/STM32CubeIDE/plugins/com.st.stm32cube.ide.mcu.externaltools.gnu-tools-for-stm32.11.3.rel1.win32_1.1.100.202309141235/tools/bin/../lib/gcc/arm-none-eabi/11.3.1/thumb/v7e-m/nofp/crti.o
LOAD C:/ST/STM32CubeIDE_1.14.1/STM32CubeIDE/plugins/com.st.stm32cube.ide.mcu.externaltools.gnu-tools-for-stm32.11.3.rel1.win32_1.1.100.202309141235/tools/bin/../lib/gcc/arm-none-eabi/11.3.1/thumb/v7e-m/nofp/crtbegin.o
LOAD C:/ST/STM32CubeIDE_1.14.1/STM32CubeIDE/plugins/com.st.stm32cube.ide.mcu.externaltools.gnu-tools-for-stm32.11.3.rel1.win32_1.1.100.202309141235/tools/bin/../lib/gcc/arm-none-eabi/11.3.1/../../../../arm-none-eabi/lib/thumb/v7e-m/nofp/crt0.o
LOAD ./Core/Src/custom_object.o
LOAD ./Core/Src/custom_service.o
LOAD ./Core/Src/gpio.o
LOAD ./Core/Src/lwm2m_service.o
LOAD ./Core/Src/main.o
LOAD ./Core/Src/mqttsn_client_service.o
LOAD ./Core/Src/ring_buffer.o
LOAD ./Core/Src/stm32wlxx_hal_msp.o
LOAD ./Core/Src/stm32wlxx_it.o
LOAD ./Core/Src/system_stm32wlxx.o
LOAD ./Core/Src/usart.o
LOAD ./Core/Starup/startup_stm32wl55jcix.o
LOAD ./Drivers/STM32WLxx_HAL_Driver/Src/stm32wlxx_hal.o
LOAD ./Drivers/STM32WLxx_HAL_Driver/Src/stm32wlxx_hal_cortex.o
LOAD ./Drivers/STM32WLxx_HAL_Driver/Src/stm32wlxx_hal_cryp.o
LOAD ./Drivers/STM32WLxx_HAL_Driver/Src/stm32wlxx_hal_cryp_ex.o
LOAD ./Drivers/STM32WLxx_HAL_Driver/Src/stm32wlxx_hal_dma.o
LOAD ./Drivers/STM32WLxx_HAL_Driver/Src/stm32wlxx_hal_dma_ex.o
LOAD ./Drivers/STM32WLxx_HAL_Driver/Src/stm32wlxx_hal_exti.o
LOAD ./Drivers/STM32WLxx_HAL_Driver/Src/stm32wlxx_hal_flash.o
LOAD ./Drivers/STM32WLxx_HAL_Driver/Src/stm32wlxx_hal_flash_ex.o
LOAD ./Drivers/STM32WLxx_HAL_Driver/Src/stm32wlxx_hal_gpio.o
LOAD ./Drivers/STM32WLxx_HAL_Driver/Src/stm32wlxx_hal_pwr.o
LOAD ./Drivers/STM32WLxx_HAL_Driver/Src/stm32wlxx_hal_pwr_ex.o
LOAD ./Drivers/STM32WLxx_HAL_Driver/Src/stm32wlxx_hal_rcc.o
LOAD ./Drivers/STM32WLxx_HAL_Driver/Src/stm32wlxx_hal_rcc_ex.o
LOAD ./Drivers/STM32WLxx_HAL_Driver/Src/stm32wlxx_hal_subghz.o
LOAD ./Drivers/STM32WLxx_HAL_Driver/Src/stm32wlxx_hal_tim.o
LOAD ./Drivers/STM32WLxx_HAL_Driver/Src/stm32wlxx_hal_tim_ex.o
LOAD ./Drivers/STM32WLxx_HAL_Driver/Src/stm32wlxx_ll_dma.o
LOAD ./Drivers/STM32WLxx_HAL_Driver/Src/stm32wlxx_ll_exti.o
LOAD ./Drivers/STM32WLxx_HAL_Driver/Src/stm32wlxx_ll_gpio.o
LOAD ./Drivers/STM32WLxx_HAL_Driver/Src/stm32wlxx_ll_lpuart.o
LOAD ./Drivers/STM32WLxx_HAL_Driver/Src/stm32wlxx_ll_rcc.o
LOAD ./Drivers/STM32WLxx_HAL_Driver/Src/stm32wlxx_ll_tim.o
LOAD ./Drivers/STM32WLxx_HAL_Driver/Src/stm32wlxx_ll_usart.o
LOAD ./Drivers/STM32WLxx_HAL_Driver/Src/stm32wlxx_ll_utils.o
LOAD ./embenet_node_bsp/embenet_node_stm32wle5_bsp_rf_impl.o
LOAD ./embenet_node_bsp/embenet_node_stm32wle5_bsp_uart_impl.o
LOAD ./embenet_node_port/src/embenet_aes128.o
LOAD ./embenet_node_port/src/embenet_brt.o
LOAD ./embenet_node_port/src/embenet_capabilities.o
LOAD ./embenet_node_port/src/embenet_critical_section.o
LOAD ./embenet_node_port/src/embenet_eui64.o
LOAD ./embenet_node_port/src/embenet_radio.o
LOAD ./embenet_node_port/src/embenet_random.o
LOAD ./embenet_node_port/src/embenet_timer.o
LOAD ./embenet_node_port/src/radio_driver.o
LOAD ./lobaro-coap/src/coap_interaction.o
LOAD ./lobaro-coap/src/coap_main.o
LOAD ./lobaro-coap/src/coap_mem.o
LOAD ./lobaro-coap/src/coap_message.o
LOAD ./lobaro-coap/src/coap_options.o
LOAD ./lobaro-coap/src/coap_resource.o
LOAD ./lobaro-coap/src/diagnostic.o
LOAD ./lobaro-coap/src/liblobaro_coap.o
LOAD ./lobaro-coap/src/interface/debug/coap_debug.o
LOAD ./lobaro-coap/src/interface/network/net_Endpoint.o
LOAD ./lobaro-coap/src/interface/network/net_Packet.o
LOAD ./lobaro-coap/src/interface/network/net_Socket.o
LOAD ./lobaro-coap/src/option-types/coap_option_ETag.o
LOAD ./lobaro-coap/src/option-types/coap_option_blockwise.o
LOAD ./lobaro-coap/src/option-types/coap_option_cf.o
LOAD ./lobaro-coap/src/option-types/coap_option_observe.o
LOAD ./lobaro-coap/src/option-types/coap_option_uri.o
LOAD C:\Users\Milosz\Desktop\magisterka\embenet_demo_src\embenet_node\lib\libembenet_node_amalgamate.a
START GROUP
LOAD C:/ST/STM32CubeIDE_1.14.1/STM32CubeIDE/plugins/com.st.stm32cube.ide.mcu.externaltools.gnu-tools-for-stm32.11.3.rel1.win32_1.1.100.202309141235/tools/bin/../lib/gcc/arm-none-eabi/11.3.1/../../../../arm-none-eabi/lib/thumb/v7e-m/nofp\libc_nano.a
LOAD C:/ST/STM32CubeIDE_1.14.1/STM32CubeIDE/plugins/com.st.stm32cube.ide.mcu.externaltools.gnu-tools-for-stm32.11.3.rel1.win32_1.1.100.202309141235/tools/bin/../lib/gcc/arm-none-eabi/11.3.1/../../../../arm-none-eabi/lib/thumb/v7e-m/nofp\libm.a
END GROUP
START GROUP
LOAD C:/ST/STM32CubeIDE_1.14.1/STM32CubeIDE/plugins/com.st.stm32cube.ide.mcu.externaltools.gnu-tools-for-stm32.11.3.rel1.win32_1.1.100.202309141235/tools/bin/../lib/gcc/arm-none-eabi/11.3.1/thumb/v7e-m/nofp\libgcc.a
LOAD C:/ST/STM32CubeIDE_1.14.1/STM32CubeIDE/plugins/com.st.stm32cube.ide.mcu.externaltools.gnu-tools-for-stm32.11.3.rel1.win32_1.1.100.202309141235/tools/bin/../lib/gcc/arm-none-eabi/11.3.1/../../../../arm-none-eabi/lib/thumb/v7e-m/nofp\libc_nano.a
END GROUP
START GROUP
LOAD C:/ST/STM32CubeIDE_1.14.1/STM32CubeIDE/plugins/com.st.stm32cube.ide.mcu.externaltools.gnu-tools-for-stm32.11.3.rel1.win32_1.1.100.202309141235/tools/bin/../lib/gcc/arm-none-eabi/11.3.1/thumb/v7e-m/nofp\libgcc.a
LOAD C:/ST/STM32CubeIDE_1.14.1/STM32CubeIDE/plugins/com.st.stm32cube.ide.mcu.externaltools.gnu-tools-for-stm32.11.3.rel1.win32_1.1.100.202309141235/tools/bin/../lib/gcc/arm-none-eabi/11.3.1/../../../../arm-none-eabi/lib/thumb/v7e-m/nofp\libc_nano.a
LOAD C:/ST/STM32CubeIDE_1.14.1/STM32CubeIDE/plugins/com.st.stm32cube.ide.mcu.externaltools.gnu-tools-for-stm32.11.3.rel1.win32_1.1.100.202309141235/tools/bin/../lib/gcc/arm-none-eabi/11.3.1/../../../../arm-none-eabi/lib/thumb/v7e-m/nofp\libnosys.a
END GROUP
START GROUP
LOAD C:/ST/STM32CubeIDE_1.14.1/STM32CubeIDE/plugins/com.st.stm32cube.ide.mcu.externaltools.gnu-tools-for-stm32.11.3.rel1.win32_1.1.100.202309141235/tools/bin/../lib/gcc/arm-none-eabi/11.3.1/thumb/v7e-m/nofp\libgcc.a
LOAD C:/ST/STM32CubeIDE_1.14.1/STM32CubeIDE/plugins/com.st.stm32cube.ide.mcu.externaltools.gnu-tools-for-stm32.11.3.rel1.win32_1.1.100.202309141235/tools/bin/../lib/gcc/arm-none-eabi/11.3.1/../../../../arm-none-eabi/lib/thumb/v7e-m/nofp\libc_nano.a
LOAD C:/ST/STM32CubeIDE_1.14.1/STM32CubeIDE/plugins/com.st.stm32cube.ide.mcu.externaltools.gnu-tools-for-stm32.11.3.rel1.win32_1.1.100.202309141235/tools/bin/../lib/gcc/arm-none-eabi/11.3.1/../../../../arm-none-eabi/lib/thumb/v7e-m/nofp\libnosys.a
END GROUP
LOAD C:/ST/STM32CubeIDE_1.14.1/STM32CubeIDE/plugins/com.st.stm32cube.ide.mcu.externaltools.gnu-tools-for-stm32.11.3.rel1.win32_1.1.100.202309141235/tools/bin/../lib/gcc/arm-none-eabi/11.3.1/thumb/v7e-m/nofp/crtend.o
LOAD C:/ST/STM32CubeIDE_1.14.1/STM32CubeIDE/plugins/com.st.stm32cube.ide.mcu.externaltools.gnu-tools-for-stm32.11.3.rel1.win32_1.1.100.202309141235/tools/bin/../lib/gcc/arm-none-eabi/11.3.1/thumb/v7e-m/nofp/crtn.o
                0x0000000020010000                _estack = (ORIGIN (RAM) + LENGTH (RAM))
                0x0000000000000200                _Min_Heap_Size = 0x200
                0x0000000000000400                _Min_Stack_Size = 0x400

.isr_vector     0x0000000008000000      0x138
                0x0000000008000000                . = ALIGN (0x4)
 *(.isr_vector)
 .isr_vector    0x0000000008000000      0x138 ./Core/Starup/startup_stm32wl55jcix.o
                0x0000000008000000                g_pfnVectors
                0x0000000008000138                . = ALIGN (0x4)

.text           0x0000000008000140    0x15470
                0x0000000008000140                . = ALIGN (0x4)
 *(.text)
 .text          0x0000000008000140       0x40 C:/ST/STM32CubeIDE_1.14.1/STM32CubeIDE/plugins/com.st.stm32cube.ide.mcu.externaltools.gnu-tools-for-stm32.11.3.rel1.win32_1.1.100.202309141235/tools/bin/../lib/gcc/arm-none-eabi/11.3.1/thumb/v7e-m/nofp/crtbegin.o
 .text          0x0000000008000180       0xa0 C:/ST/STM32CubeIDE_1.14.1/STM32CubeIDE/plugins/com.st.stm32cube.ide.mcu.externaltools.gnu-tools-for-stm32.11.3.rel1.win32_1.1.100.202309141235/tools/bin/../lib/gcc/arm-none-eabi/11.3.1/../../../../arm-none-eabi/lib/thumb/v7e-m/nofp\libc_nano.a(libc_a-memchr.o)
                0x0000000008000180                memchr
 .text          0x0000000008000220      0x254 C:/ST/STM32CubeIDE_1.14.1/STM32CubeIDE/plugins/com.st.stm32cube.ide.mcu.externaltools.gnu-tools-for-stm32.11.3.rel1.win32_1.1.100.202309141235/tools/bin/../lib/gcc/arm-none-eabi/11.3.1/thumb/v7e-m/nofp\libgcc.a(_arm_muldf3.o)
                0x0000000008000220                __muldf3
                0x0000000008000220                __aeabi_dmul
 .text          0x0000000008000474      0x378 C:/ST/STM32CubeIDE_1.14.1/STM32CubeIDE/plugins/com.st.stm32cube.ide.mcu.externaltools.gnu-tools-for-stm32.11.3.rel1.win32_1.1.100.202309141235/tools/bin/../lib/gcc/arm-none-eabi/11.3.1/thumb/v7e-m/nofp\libgcc.a(_arm_addsubdf3.o)
                0x0000000008000474                __aeabi_drsub
                0x000000000800047c                __aeabi_dsub
                0x000000000800047c                __subdf3
                0x0000000008000480                __aeabi_dadd
                0x0000000008000480                __adddf3
                0x00000000080006f8                __floatunsidf
                0x00000000080006f8                __aeabi_ui2d
                0x0000000008000718                __floatsidf
                0x0000000008000718                __aeabi_i2d
                0x000000000800073c                __aeabi_f2d
                0x000000000800073c                __extendsfdf2
                0x0000000008000780                __floatundidf
                0x0000000008000780                __aeabi_ul2d
                0x0000000008000790                __floatdidf
                0x0000000008000790                __aeabi_l2d
 .text          0x00000000080007ec      0x110 C:/ST/STM32CubeIDE_1.14.1/STM32CubeIDE/plugins/com.st.stm32cube.ide.mcu.externaltools.gnu-tools-for-stm32.11.3.rel1.win32_1.1.100.202309141235/tools/bin/../lib/gcc/arm-none-eabi/11.3.1/thumb/v7e-m/nofp\libgcc.a(_arm_cmpdf2.o)
                0x00000000080007ec                __gtdf2
                0x00000000080007ec                __gedf2
                0x00000000080007f4                __ltdf2
                0x00000000080007f4                __ledf2
                0x00000000080007fc                __nedf2
                0x00000000080007fc                __eqdf2
                0x00000000080007fc                __cmpdf2
                0x0000000008000878                __aeabi_cdrcmple
                0x0000000008000888                __aeabi_cdcmpeq
                0x0000000008000888                __aeabi_cdcmple
                0x0000000008000898                __aeabi_dcmpeq
                0x00000000080008ac                __aeabi_dcmplt
                0x00000000080008c0                __aeabi_dcmple
                0x00000000080008d4                __aeabi_dcmpge
                0x00000000080008e8                __aeabi_dcmpgt
 .text          0x00000000080008fc       0x50 C:/ST/STM32CubeIDE_1.14.1/STM32CubeIDE/plugins/com.st.stm32cube.ide.mcu.externaltools.gnu-tools-for-stm32.11.3.rel1.win32_1.1.100.202309141235/tools/bin/../lib/gcc/arm-none-eabi/11.3.1/thumb/v7e-m/nofp\libgcc.a(_arm_fixdfsi.o)
                0x00000000080008fc                __aeabi_d2iz
                0x00000000080008fc                __fixdfsi
 .text          0x000000000800094c       0x40 C:/ST/STM32CubeIDE_1.14.1/STM32CubeIDE/plugins/com.st.stm32cube.ide.mcu.externaltools.gnu-tools-for-stm32.11.3.rel1.win32_1.1.100.202309141235/tools/bin/../lib/gcc/arm-none-eabi/11.3.1/thumb/v7e-m/nofp\libgcc.a(_arm_fixunsdfsi.o)
                0x000000000800094c                __aeabi_d2uiz
                0x000000000800094c                __fixunsdfsi
 .text          0x000000000800098c       0xa0 C:/ST/STM32CubeIDE_1.14.1/STM32CubeIDE/plugins/com.st.stm32cube.ide.mcu.externaltools.gnu-tools-for-stm32.11.3.rel1.win32_1.1.100.202309141235/tools/bin/../lib/gcc/arm-none-eabi/11.3.1/thumb/v7e-m/nofp\libgcc.a(_aeabi_ldivmod.o)
                0x000000000800098c                __aeabi_ldivmod
 .text          0x0000000008000a2c       0x30 C:/ST/STM32CubeIDE_1.14.1/STM32CubeIDE/plugins/com.st.stm32cube.ide.mcu.externaltools.gnu-tools-for-stm32.11.3.rel1.win32_1.1.100.202309141235/tools/bin/../lib/gcc/arm-none-eabi/11.3.1/thumb/v7e-m/nofp\libgcc.a(_aeabi_uldivmod.o)
                0x0000000008000a2c                __aeabi_uldivmod
 .text          0x0000000008000a5c      0x2c8 C:/ST/STM32CubeIDE_1.14.1/STM32CubeIDE/plugins/com.st.stm32cube.ide.mcu.externaltools.gnu-tools-for-stm32.11.3.rel1.win32_1.1.100.202309141235/tools/bin/../lib/gcc/arm-none-eabi/11.3.1/thumb/v7e-m/nofp\libgcc.a(_udivmoddi4.o)
                0x0000000008000a5c                __udivmoddi4
 .text          0x0000000008000d24        0x4 C:/ST/STM32CubeIDE_1.14.1/STM32CubeIDE/plugins/com.st.stm32cube.ide.mcu.externaltools.gnu-tools-for-stm32.11.3.rel1.win32_1.1.100.202309141235/tools/bin/../lib/gcc/arm-none-eabi/11.3.1/thumb/v7e-m/nofp\libgcc.a(_dvmd_tls.o)
                0x0000000008000d24                __aeabi_idiv0
                0x0000000008000d24                __aeabi_ldiv0
 *(.text*)
 .text.LL_AHB2_GRP1_EnableClock
                0x0000000008000d28       0x18 ./Core/Src/gpio.o
 .text.MX_GPIO_Init
                0x0000000008000d40       0xc0 ./Core/Src/gpio.o
                0x0000000008000d40                MX_GPIO_Init
 .text.onQuickJoinCredentialsObsolete
                0x0000000008000e00        0xc ./Core/Src/main.o
 .text.dataOnUregisteredPort
                0x0000000008000e0c        0xc ./Core/Src/main.o
 .text.onJoinAttempt
                0x0000000008000e18       0x20 ./Core/Src/main.o
 .text.onLeft   0x0000000008000e38       0x38 ./Core/Src/main.o
 .text.onJoined
                0x0000000008000e70       0x38 ./Core/Src/main.o
 .text.EXPECT_OnAbortHandler
                0x0000000008000ea8       0x14 ./Core/Src/main.o
                0x0000000008000ea8                EXPECT_OnAbortHandler
 .text._write   0x0000000008000ebc       0x10 ./Core/Src/main.o
                0x0000000008000ebc                _write
 .text.Error_Handler
                0x0000000008000ecc       0x24 ./Core/Src/main.o
                0x0000000008000ecc                Error_Handler
 .text.SystemClock_Config
                0x0000000008000ef0       0xcc ./Core/Src/main.o
                0x0000000008000ef0                SystemClock_Config
 .text.startup.main
                0x0000000008000fbc       0xa4 ./Core/Src/main.o
                0x0000000008000fbc                main
 .text.RingBuffer_Init
                0x0000000008001060       0x1e ./Core/Src/ring_buffer.o
                0x0000000008001060                RingBuffer_Init
 .text.RingBuffer_GetLen
                0x000000000800107e        0x6 ./Core/Src/ring_buffer.o
                0x000000000800107e                RingBuffer_GetLen
 .text.RingBuffer_PutChar
                0x0000000008001084       0x2e ./Core/Src/ring_buffer.o
                0x0000000008001084                RingBuffer_PutChar
 .text.RingBuffer_GetChar
                0x00000000080010b2       0x32 ./Core/Src/ring_buffer.o
                0x00000000080010b2                RingBuffer_GetChar
 .text.HAL_MspInit
                0x00000000080010e4        0x2 ./Core/Src/stm32wlxx_hal_msp.o
                0x00000000080010e4                HAL_MspInit
 *fill*         0x00000000080010e6        0x2 
 .text.NMI_Handler
                0x00000000080010e8       0x14 ./Core/Src/stm32wlxx_it.o
                0x00000000080010e8                NMI_Handler
 .text.HardFault_Handler
                0x00000000080010fc       0x14 ./Core/Src/stm32wlxx_it.o
                0x00000000080010fc                HardFault_Handler
 .text.MemManage_Handler
                0x0000000008001110       0x14 ./Core/Src/stm32wlxx_it.o
                0x0000000008001110                MemManage_Handler
 .text.BusFault_Handler
                0x0000000008001124       0x14 ./Core/Src/stm32wlxx_it.o
                0x0000000008001124                BusFault_Handler
 .text.UsageFault_Handler
                0x0000000008001138       0x14 ./Core/Src/stm32wlxx_it.o
                0x0000000008001138                UsageFault_Handler
 .text.SVC_Handler
                0x000000000800114c        0x2 ./Core/Src/stm32wlxx_it.o
                0x000000000800114c                SVC_Handler
 .text.DebugMon_Handler
                0x000000000800114e        0x2 ./Core/Src/stm32wlxx_it.o
                0x000000000800114e                DebugMon_Handler
 .text.PendSV_Handler
                0x0000000008001150        0x2 ./Core/Src/stm32wlxx_it.o
                0x0000000008001150                PendSV_Handler
 .text.SysTick_Handler
                0x0000000008001152        0x2 ./Core/Src/stm32wlxx_it.o
                0x0000000008001152                SysTick_Handler
 .text.SystemInit
                0x0000000008001154        0x2 ./Core/Src/system_stm32wlxx.o
                0x0000000008001154                SystemInit
 .text.NVIC_EncodePriority.constprop.0
                0x0000000008001156       0x2e ./Core/Src/usart.o
 .text.MX_USART1_UART_Init
                0x0000000008001184      0x13c ./Core/Src/usart.o
                0x0000000008001184                MX_USART1_UART_Init
 .text.LOGGER_UART_Init
                0x00000000080012c0        0x4 ./Core/Src/usart.o
                0x00000000080012c0                LOGGER_UART_Init
 .text.LOGGER_UART_Write
                0x00000000080012c4       0x48 ./Core/Src/usart.o
                0x00000000080012c4                LOGGER_UART_Write
 .text.USART1_IRQHandler
                0x000000000800130c       0x6c ./Core/Src/usart.o
                0x000000000800130c                USART1_IRQHandler
 .text.Reset_Handler
                0x0000000008001378       0x50 ./Core/Starup/startup_stm32wl55jcix.o
                0x0000000008001378                Reset_Handler
 .text.Default_Handler
                0x00000000080013c8        0x2 ./Core/Starup/startup_stm32wl55jcix.o
                0x00000000080013c8                RTC_Alarm_IRQHandler
                0x00000000080013c8                EXTI2_IRQHandler
                0x00000000080013c8                TIM1_CC_IRQHandler
                0x00000000080013c8                EXTI3_IRQHandler
                0x00000000080013c8                LPTIM2_IRQHandler
                0x00000000080013c8                I2C3_ER_IRQHandler
                0x00000000080013c8                LPTIM3_IRQHandler
                0x00000000080013c8                EXTI0_IRQHandler
                0x00000000080013c8                I2C2_EV_IRQHandler
                0x00000000080013c8                TAMP_STAMP_LSECSS_SSRU_IRQHandler
                0x00000000080013c8                SPI1_IRQHandler
                0x00000000080013c8                DMA2_Channel2_IRQHandler
                0x00000000080013c8                DMA1_Channel4_IRQHandler
                0x00000000080013c8                PKA_IRQHandler
                0x00000000080013c8                TIM17_IRQHandler
                0x00000000080013c8                DMA1_Channel7_IRQHandler
                0x00000000080013c8                SUBGHZSPI_IRQHandler
                0x00000000080013c8                IPCC_C1_TX_IRQHandler
                0x00000000080013c8                DMA2_Channel1_IRQHandler
                0x00000000080013c8                I2C1_EV_IRQHandler
                0x00000000080013c8                DMAMUX1_OVR_IRQHandler
                0x00000000080013c8                DMA1_Channel6_IRQHandler
                0x00000000080013c8                TIM16_IRQHandler
                0x00000000080013c8                DMA2_Channel4_IRQHandler
                0x00000000080013c8                RCC_IRQHandler
                0x00000000080013c8                TIM1_TRG_COM_IRQHandler
                0x00000000080013c8                DMA1_Channel1_IRQHandler
                0x00000000080013c8                Default_Handler
                0x00000000080013c8                DMA2_Channel7_IRQHandler
                0x00000000080013c8                EXTI15_10_IRQHandler
                0x00000000080013c8                IPCC_C1_RX_IRQHandler
                0x00000000080013c8                ADC_IRQHandler
                0x00000000080013c8                C2SEV_PWR_C2H_IRQHandler
                0x00000000080013c8                I2C3_EV_IRQHandler
                0x00000000080013c8                EXTI9_5_IRQHandler
                0x00000000080013c8                RTC_WKUP_IRQHandler
                0x00000000080013c8                PVD_PVM_IRQHandler
                0x00000000080013c8                SPI2_IRQHandler
                0x00000000080013c8                DMA2_Channel5_IRQHandler
                0x00000000080013c8                DMA1_Channel5_IRQHandler
                0x00000000080013c8                EXTI4_IRQHandler
                0x00000000080013c8                RNG_IRQHandler
                0x00000000080013c8                DMA1_Channel3_IRQHandler
                0x00000000080013c8                COMP_IRQHandler
                0x00000000080013c8                HSEM_IRQHandler
                0x00000000080013c8                TIM1_UP_IRQHandler
                0x00000000080013c8                WWDG_IRQHandler
                0x00000000080013c8                DMA2_Channel6_IRQHandler
                0x00000000080013c8                TIM1_BRK_IRQHandler
                0x00000000080013c8                DAC_IRQHandler
                0x00000000080013c8                EXTI1_IRQHandler
                0x00000000080013c8                AES_IRQHandler
                0x00000000080013c8                USART2_IRQHandler
                0x00000000080013c8                I2C2_ER_IRQHandler
                0x00000000080013c8                DMA1_Channel2_IRQHandler
                0x00000000080013c8                FLASH_IRQHandler
                0x00000000080013c8                I2C1_ER_IRQHandler
                0x00000000080013c8                LPTIM1_IRQHandler
                0x00000000080013c8                DMA2_Channel3_IRQHandler
 *fill*         0x00000000080013ca        0x2 
 .text.HAL_InitTick
                0x00000000080013cc       0x4c ./Drivers/STM32WLxx_HAL_Driver/Src/stm32wlxx_hal.o
                0x00000000080013cc                HAL_InitTick
 .text.HAL_Init
                0x0000000008001418       0x2c ./Drivers/STM32WLxx_HAL_Driver/Src/stm32wlxx_hal.o
                0x0000000008001418                HAL_Init
 .text.HAL_GetTick
                0x0000000008001444        0xc ./Drivers/STM32WLxx_HAL_Driver/Src/stm32wlxx_hal.o
                0x0000000008001444                HAL_GetTick
 .text.HAL_NVIC_SetPriorityGrouping
                0x0000000008001450       0x24 ./Drivers/STM32WLxx_HAL_Driver/Src/stm32wlxx_hal_cortex.o
                0x0000000008001450                HAL_NVIC_SetPriorityGrouping
 .text.HAL_NVIC_SetPriority
                0x0000000008001474       0x64 ./Drivers/STM32WLxx_HAL_Driver/Src/stm32wlxx_hal_cortex.o
                0x0000000008001474                HAL_NVIC_SetPriority
 .text.HAL_NVIC_EnableIRQ
                0x00000000080014d8       0x1c ./Drivers/STM32WLxx_HAL_Driver/Src/stm32wlxx_hal_cortex.o
                0x00000000080014d8                HAL_NVIC_EnableIRQ
 .text.HAL_NVIC_DisableIRQ
                0x00000000080014f4       0x24 ./Drivers/STM32WLxx_HAL_Driver/Src/stm32wlxx_hal_cortex.o
                0x00000000080014f4                HAL_NVIC_DisableIRQ
 .text.HAL_SYSTICK_Config
                0x0000000008001518       0x28 ./Drivers/STM32WLxx_HAL_Driver/Src/stm32wlxx_hal_cortex.o
                0x0000000008001518                HAL_SYSTICK_Config
 .text.CRYP_SetKey
                0x0000000008001540       0x42 ./Drivers/STM32WLxx_HAL_Driver/Src/stm32wlxx_hal_cryp.o
 .text.CRYP_WaitOnCCFlag
                0x0000000008001582       0x2e ./Drivers/STM32WLxx_HAL_Driver/Src/stm32wlxx_hal_cryp.o
 .text.CRYP_GCMCCM_SetHeaderPhase
                0x00000000080015b0      0x1f0 ./Drivers/STM32WLxx_HAL_Driver/Src/stm32wlxx_hal_cryp.o
 .text.HAL_CRYP_Init
                0x00000000080017a0       0x46 ./Drivers/STM32WLxx_HAL_Driver/Src/stm32wlxx_hal_cryp.o
                0x00000000080017a0                HAL_CRYP_Init
 .text.HAL_CRYP_DeInit
                0x00000000080017e6       0x2e ./Drivers/STM32WLxx_HAL_Driver/Src/stm32wlxx_hal_cryp.o
                0x00000000080017e6                HAL_CRYP_DeInit
 .text.HAL_CRYP_ErrorCallback
                0x0000000008001814        0x2 ./Drivers/STM32WLxx_HAL_Driver/Src/stm32wlxx_hal_cryp.o
                0x0000000008001814                HAL_CRYP_ErrorCallback
 .text.CRYP_AES_ProcessData
                0x0000000008001816       0xd2 ./Drivers/STM32WLxx_HAL_Driver/Src/stm32wlxx_hal_cryp.o
 .text.CRYP_AESCCM_Process
                0x00000000080018e8      0x1d2 ./Drivers/STM32WLxx_HAL_Driver/Src/stm32wlxx_hal_cryp.o
 .text.CRYP_AESGCM_Process
                0x0000000008001aba      0x1e2 ./Drivers/STM32WLxx_HAL_Driver/Src/stm32wlxx_hal_cryp.o
 .text.HAL_CRYP_Encrypt
                0x0000000008001c9c      0x12c ./Drivers/STM32WLxx_HAL_Driver/Src/stm32wlxx_hal_cryp.o
                0x0000000008001c9c                HAL_CRYP_Encrypt
 .text.HAL_CRYP_Decrypt
                0x0000000008001dc8      0x230 ./Drivers/STM32WLxx_HAL_Driver/Src/stm32wlxx_hal_cryp.o
                0x0000000008001dc8                HAL_CRYP_Decrypt
 .text.HAL_GPIO_Init
                0x0000000008001ff8      0x158 ./Drivers/STM32WLxx_HAL_Driver/Src/stm32wlxx_hal_gpio.o
                0x0000000008001ff8                HAL_GPIO_Init
 .text.HAL_GPIO_WritePin
                0x0000000008002150        0xa ./Drivers/STM32WLxx_HAL_Driver/Src/stm32wlxx_hal_gpio.o
                0x0000000008002150                HAL_GPIO_WritePin
 *fill*         0x000000000800215a        0x2 
 .text.HAL_RCC_GetSysClockFreq
                0x000000000800215c       0xdc ./Drivers/STM32WLxx_HAL_Driver/Src/stm32wlxx_hal_rcc.o
                0x000000000800215c                HAL_RCC_GetSysClockFreq
 .text.HAL_RCC_GetHCLKFreq
                0x0000000008002238       0x20 ./Drivers/STM32WLxx_HAL_Driver/Src/stm32wlxx_hal_rcc.o
                0x0000000008002238                HAL_RCC_GetHCLKFreq
 .text.LL_PWR_UnselectSUBGHZSPI_NSS
                0x0000000008002258       0x14 ./Drivers/STM32WLxx_HAL_Driver/Src/stm32wlxx_hal_subghz.o
 .text.LL_PWR_SelectSUBGHZSPI_NSS
                0x000000000800226c       0x14 ./Drivers/STM32WLxx_HAL_Driver/Src/stm32wlxx_hal_subghz.o
 .text.HAL_SUBGHZ_MspInit
                0x0000000008002280        0x2 ./Drivers/STM32WLxx_HAL_Driver/Src/stm32wlxx_hal_subghz.o
                0x0000000008002280                HAL_SUBGHZ_MspInit
 *fill*         0x0000000008002282        0x2 
 .text.SUBGHZSPI_Init
                0x0000000008002284       0x24 ./Drivers/STM32WLxx_HAL_Driver/Src/stm32wlxx_hal_subghz.o
                0x0000000008002284                SUBGHZSPI_Init
 .text.HAL_SUBGHZ_Init
                0x00000000080022a8       0xb8 ./Drivers/STM32WLxx_HAL_Driver/Src/stm32wlxx_hal_subghz.o
                0x00000000080022a8                HAL_SUBGHZ_Init
 .text.SUBGHZSPI_Transmit
                0x0000000008002360       0x68 ./Drivers/STM32WLxx_HAL_Driver/Src/stm32wlxx_hal_subghz.o
                0x0000000008002360                SUBGHZSPI_Transmit
 .text.SUBGHZSPI_Receive
                0x00000000080023c8       0x6c ./Drivers/STM32WLxx_HAL_Driver/Src/stm32wlxx_hal_subghz.o
                0x00000000080023c8                SUBGHZSPI_Receive
 .text.SUBGHZ_WaitOnBusy
                0x0000000008002434       0x48 ./Drivers/STM32WLxx_HAL_Driver/Src/stm32wlxx_hal_subghz.o
                0x0000000008002434                SUBGHZ_WaitOnBusy
 .text.SUBGHZ_CheckDeviceReady
                0x000000000800247c       0x38 ./Drivers/STM32WLxx_HAL_Driver/Src/stm32wlxx_hal_subghz.o
                0x000000000800247c                SUBGHZ_CheckDeviceReady
 .text.HAL_SUBGHZ_WriteRegisters
                0x00000000080024b4       0x72 ./Drivers/STM32WLxx_HAL_Driver/Src/stm32wlxx_hal_subghz.o
                0x00000000080024b4                HAL_SUBGHZ_WriteRegisters
 .text.HAL_SUBGHZ_ReadRegisters
                0x0000000008002526       0x76 ./Drivers/STM32WLxx_HAL_Driver/Src/stm32wlxx_hal_subghz.o
                0x0000000008002526                HAL_SUBGHZ_ReadRegisters
 .text.HAL_SUBGHZ_ExecSetCmd
                0x000000000800259c       0x70 ./Drivers/STM32WLxx_HAL_Driver/Src/stm32wlxx_hal_subghz.o
                0x000000000800259c                HAL_SUBGHZ_ExecSetCmd
 .text.HAL_SUBGHZ_ExecGetCmd
                0x000000000800260c       0x66 ./Drivers/STM32WLxx_HAL_Driver/Src/stm32wlxx_hal_subghz.o
                0x000000000800260c                HAL_SUBGHZ_ExecGetCmd
 .text.HAL_SUBGHZ_WriteBuffer
                0x0000000008002672       0x66 ./Drivers/STM32WLxx_HAL_Driver/Src/stm32wlxx_hal_subghz.o
                0x0000000008002672                HAL_SUBGHZ_WriteBuffer
 .text.HAL_SUBGHZ_ReadBuffer
                0x00000000080026d8       0x6e ./Drivers/STM32WLxx_HAL_Driver/Src/stm32wlxx_hal_subghz.o
                0x00000000080026d8                HAL_SUBGHZ_ReadBuffer
 .text.LL_GPIO_SetPinMode
                0x0000000008002746       0x2a ./Drivers/STM32WLxx_HAL_Driver/Src/stm32wlxx_ll_gpio.o
 .text.LL_GPIO_Init
                0x0000000008002770      0x106 ./Drivers/STM32WLxx_HAL_Driver/Src/stm32wlxx_ll_gpio.o
                0x0000000008002770                LL_GPIO_Init
 *fill*         0x0000000008002876        0x2 
 .text.LL_LPUART_Init
                0x0000000008002878       0xac ./Drivers/STM32WLxx_HAL_Driver/Src/stm32wlxx_ll_lpuart.o
                0x0000000008002878                LL_LPUART_Init
 .text.LL_RCC_HSE_IsEnabledDiv2
                0x0000000008002924        0xc ./Drivers/STM32WLxx_HAL_Driver/Src/stm32wlxx_ll_rcc.o
 .text.LL_RCC_HSI_IsReady
                0x0000000008002930        0xc ./Drivers/STM32WLxx_HAL_Driver/Src/stm32wlxx_ll_rcc.o
 .text.LL_RCC_LSE_IsReady
                0x000000000800293c        0xe ./Drivers/STM32WLxx_HAL_Driver/Src/stm32wlxx_ll_rcc.o
 .text.LL_RCC_MSI_IsEnabledRangeSelect
                0x000000000800294a        0xc ./Drivers/STM32WLxx_HAL_Driver/Src/stm32wlxx_ll_rcc.o
 *fill*         0x0000000008002956        0x2 
 .text.RCC_GetHCLK1ClockFreq
                0x0000000008002958       0x1c ./Drivers/STM32WLxx_HAL_Driver/Src/stm32wlxx_ll_rcc.o
 .text.RCC_GetPCLK1ClockFreq
                0x0000000008002974       0x18 ./Drivers/STM32WLxx_HAL_Driver/Src/stm32wlxx_ll_rcc.o
 .text.RCC_GetSystemClockFreq
                0x000000000800298c      0x144 ./Drivers/STM32WLxx_HAL_Driver/Src/stm32wlxx_ll_rcc.o
 .text.LL_RCC_GetSystemClocksFreq
                0x0000000008002ad0       0x60 ./Drivers/STM32WLxx_HAL_Driver/Src/stm32wlxx_ll_rcc.o
                0x0000000008002ad0                LL_RCC_GetSystemClocksFreq
 .text.LL_RCC_GetUSARTClockFreq
                0x0000000008002b30       0x9c ./Drivers/STM32WLxx_HAL_Driver/Src/stm32wlxx_ll_rcc.o
                0x0000000008002b30                LL_RCC_GetUSARTClockFreq
 .text.LL_RCC_GetLPUARTClockFreq
                0x0000000008002bcc       0x58 ./Drivers/STM32WLxx_HAL_Driver/Src/stm32wlxx_ll_rcc.o
                0x0000000008002bcc                LL_RCC_GetLPUARTClockFreq
 .text.LL_TIM_DeInit
                0x0000000008002c24       0x80 ./Drivers/STM32WLxx_HAL_Driver/Src/stm32wlxx_ll_tim.o
                0x0000000008002c24                LL_TIM_DeInit
 .text.LL_TIM_Init
                0x0000000008002ca4       0x74 ./Drivers/STM32WLxx_HAL_Driver/Src/stm32wlxx_ll_tim.o
                0x0000000008002ca4                LL_TIM_Init
 .text.LL_TIM_OC_Init
                0x0000000008002d18      0x2a8 ./Drivers/STM32WLxx_HAL_Driver/Src/stm32wlxx_ll_tim.o
                0x0000000008002d18                LL_TIM_OC_Init
 .text.LL_USART_Init
                0x0000000008002fc0       0xbc ./Drivers/STM32WLxx_HAL_Driver/Src/stm32wlxx_ll_usart.o
                0x0000000008002fc0                LL_USART_Init
 .text.LL_SetSystemCoreClock
                0x000000000800307c        0xc ./Drivers/STM32WLxx_HAL_Driver/Src/stm32wlxx_ll_utils.o
                0x000000000800307c                LL_SetSystemCoreClock
 .text.EMBENET_NODE_BSP_GetTxOffset
                0x0000000008003088        0x4 ./embenet_node_bsp/embenet_node_stm32wle5_bsp_rf_impl.o
                0x0000000008003088                EMBENET_NODE_BSP_GetTxOffset
 .text.EMBENET_NODE_BSP_ConfigRFSwitch
                0x000000000800308c       0x6c ./embenet_node_bsp/embenet_node_stm32wle5_bsp_rf_impl.o
                0x000000000800308c                EMBENET_NODE_BSP_ConfigRFSwitch
 .text.EMBENET_NODE_BSP_RBI_Init
                0x00000000080030f8       0x70 ./embenet_node_bsp/embenet_node_stm32wle5_bsp_rf_impl.o
                0x00000000080030f8                EMBENET_NODE_BSP_RBI_Init
 .text.EMBENET_NODE_BSP_GetTxConfig
                0x0000000008003168        0x4 ./embenet_node_bsp/embenet_node_stm32wle5_bsp_rf_impl.o
                0x0000000008003168                EMBENET_NODE_BSP_GetTxConfig
 .text.EMBENET_NODE_BSP_UART_Init
                0x000000000800316c      0x118 ./embenet_node_bsp/embenet_node_stm32wle5_bsp_uart_impl.o
                0x000000000800316c                EMBENET_NODE_BSP_UART_Init
 .text.EMBENET_NODE_BSP_UART_WriteByte
                0x0000000008003284        0xc ./embenet_node_bsp/embenet_node_stm32wle5_bsp_uart_impl.o
                0x0000000008003284                EMBENET_NODE_BSP_UART_WriteByte
 .text.EMBENET_NODE_BSP_UART_ReadByte
                0x0000000008003290        0xc ./embenet_node_bsp/embenet_node_stm32wle5_bsp_uart_impl.o
                0x0000000008003290                EMBENET_NODE_BSP_UART_ReadByte
 .text.LPUART1_IRQHandler
                0x000000000800329c       0x5c ./embenet_node_bsp/embenet_node_stm32wle5_bsp_uart_impl.o
                0x000000000800329c                LPUART1_IRQHandler
 .text.HAL_CRYP_MspInit
                0x00000000080032f8       0x40 ./embenet_node_port/src/embenet_aes128.o
                0x00000000080032f8                HAL_CRYP_MspInit
 .text.HAL_CRYP_MspDeInit
                0x0000000008003338       0x20 ./embenet_node_port/src/embenet_aes128.o
                0x0000000008003338                HAL_CRYP_MspDeInit
 .text.EMBENET_AES128_Init
                0x0000000008003358       0x3c ./embenet_node_port/src/embenet_aes128.o
                0x0000000008003358                EMBENET_AES128_Init
 .text.EMBENET_AES128_SetKey
                0x0000000008003394       0x60 ./embenet_node_port/src/embenet_aes128.o
                0x0000000008003394                EMBENET_AES128_SetKey
 .text.EMBENET_AES128_Encrypt
                0x00000000080033f4       0x50 ./embenet_node_port/src/embenet_aes128.o
                0x00000000080033f4                EMBENET_AES128_Encrypt
 .text.EMBENET_AES128_Decrypt
                0x0000000008003444       0x50 ./embenet_node_port/src/embenet_aes128.o
                0x0000000008003444                EMBENET_AES128_Decrypt
 .text.uartWrite
                0x0000000008003494       0x34 ./embenet_node_port/src/embenet_brt.o
 .text.tx_isr   0x00000000080034c8       0x34 ./embenet_node_port/src/embenet_brt.o
                0x00000000080034c8                tx_isr
 .text.rx_isr   0x00000000080034fc       0x20 ./embenet_node_port/src/embenet_brt.o
                0x00000000080034fc                rx_isr
 .text.putByte  0x000000000800351c       0x1e ./embenet_node_port/src/embenet_brt.o
 *fill*         0x000000000800353a        0x2 
 .text.openhdlc_crc
                0x000000000800353c       0x14 ./embenet_node_port/src/embenet_brt.o
                0x000000000800353c                openhdlc_crc
 .text.EMBENET_BRT_Init
                0x0000000008003550       0x48 ./embenet_node_port/src/embenet_brt.o
                0x0000000008003550                EMBENET_BRT_Init
 .text.EMBENET_BRT_Send
                0x0000000008003598       0x46 ./embenet_node_port/src/embenet_brt.o
                0x0000000008003598                EMBENET_BRT_Send
 *fill*         0x00000000080035de        0x2 
 .text.EMBENET_BRT_Receive
                0x00000000080035e0      0x134 ./embenet_node_port/src/embenet_brt.o
                0x00000000080035e0                EMBENET_BRT_Receive
 .text.EMBENET_BRT_Reset
                0x0000000008003714       0x3c ./embenet_node_port/src/embenet_brt.o
                0x0000000008003714                EMBENET_BRT_Reset
 .text.EMBENET_CRITICAL_SECTION_Enter
                0x0000000008003750       0x20 ./embenet_node_port/src/embenet_critical_section.o
                0x0000000008003750                EMBENET_CRITICAL_SECTION_Enter
 .text.EMBENET_CRITICAL_SECTION_Exit
                0x0000000008003770       0x28 ./embenet_node_port/src/embenet_critical_section.o
                0x0000000008003770                EMBENET_CRITICAL_SECTION_Exit
 .text.EMBENET_EUI64_Get
                0x0000000008003798        0xc ./embenet_node_port/src/embenet_eui64.o
                0x0000000008003798                EMBENET_EUI64_Get
 .text.EMBENET_RADIO_SetCallbacks
                0x00000000080037a4       0x10 ./embenet_node_port/src/embenet_radio.o
                0x00000000080037a4                EMBENET_RADIO_SetCallbacks
 .text.EMBENET_RADIO_Idle
                0x00000000080037b4       0x10 ./embenet_node_port/src/embenet_radio.o
                0x00000000080037b4                EMBENET_RADIO_Idle
 .text.EMBENET_RADIO_Init
                0x00000000080037c4      0x158 ./embenet_node_port/src/embenet_radio.o
                0x00000000080037c4                EMBENET_RADIO_Init
 .text.EMBENET_RADIO_TxEnable
                0x000000000800391c       0x5c ./embenet_node_port/src/embenet_radio.o
                0x000000000800391c                EMBENET_RADIO_TxEnable
 .text.EMBENET_RADIO_TxNow
                0x0000000008003978       0x24 ./embenet_node_port/src/embenet_radio.o
                0x0000000008003978                EMBENET_RADIO_TxNow
 .text.EMBENET_RADIO_RxEnable
                0x000000000800399c       0x38 ./embenet_node_port/src/embenet_radio.o
                0x000000000800399c                EMBENET_RADIO_RxEnable
 .text.EMBENET_RADIO_RxNow
                0x00000000080039d4       0x1a ./embenet_node_port/src/embenet_radio.o
                0x00000000080039d4                EMBENET_RADIO_RxNow
 *fill*         0x00000000080039ee        0x2 
 .text.EMBENET_RADIO_GetReceivedFrame
                0x00000000080039f0       0x94 ./embenet_node_port/src/embenet_radio.o
                0x00000000080039f0                EMBENET_RADIO_GetReceivedFrame
 .text.EMBENET_RADIO_GetCapabilities
                0x0000000008003a84        0x8 ./embenet_node_port/src/embenet_radio.o
                0x0000000008003a84                EMBENET_RADIO_GetCapabilities
 .text.SUBGHZ_Radio_IRQHandler
                0x0000000008003a8c       0xa4 ./embenet_node_port/src/embenet_radio.o
                0x0000000008003a8c                SUBGHZ_Radio_IRQHandler
 .text.EMBENET_RANDOM_Get
                0x0000000008003b30        0x4 ./embenet_node_port/src/embenet_random.o
                0x0000000008003b30                EMBENET_RANDOM_Get
 .text.EMBENET_TIMER_Init
                0x0000000008003b34      0x104 ./embenet_node_port/src/embenet_timer.o
                0x0000000008003b34                EMBENET_TIMER_Init
 .text.EMBENET_TIMER_SetCompare
                0x0000000008003c38       0x50 ./embenet_node_port/src/embenet_timer.o
                0x0000000008003c38                EMBENET_TIMER_SetCompare
 .text.EMBENET_TIMER_ReadCounter
                0x0000000008003c88        0xa ./embenet_node_port/src/embenet_timer.o
                0x0000000008003c88                EMBENET_TIMER_ReadCounter
 .text.EMBENET_TIMER_GetMaxCompareDuration
                0x0000000008003c92        0x6 ./embenet_node_port/src/embenet_timer.o
                0x0000000008003c92                EMBENET_TIMER_GetMaxCompareDuration
 .text.TIM2_IRQHandler
                0x0000000008003c98       0x30 ./embenet_node_port/src/embenet_timer.o
                0x0000000008003c98                TIM2_IRQHandler
 .text.SUBGRF_WriteCommand
                0x0000000008003cc8       0x10 ./embenet_node_port/src/radio_driver.o
 .text.SUBGRF_SetStandby
                0x0000000008003cd8       0x2c ./embenet_node_port/src/radio_driver.o
                0x0000000008003cd8                SUBGRF_SetStandby
 .text.SUBGRF_SetFs
                0x0000000008003d04       0x18 ./embenet_node_port/src/radio_driver.o
                0x0000000008003d04                SUBGRF_SetFs
 .text.SUBGRF_SetTx
                0x0000000008003d1c       0x2c ./embenet_node_port/src/radio_driver.o
                0x0000000008003d1c                SUBGRF_SetTx
 .text.SUBGRF_SetRx
                0x0000000008003d48       0x2c ./embenet_node_port/src/radio_driver.o
                0x0000000008003d48                SUBGRF_SetRx
 .text.SUBGRF_SetStopRxTimerOnPreambleDetect
                0x0000000008003d74       0x18 ./embenet_node_port/src/radio_driver.o
                0x0000000008003d74                SUBGRF_SetStopRxTimerOnPreambleDetect
 .text.SUBGRF_SetRegulatorMode
                0x0000000008003d8c       0x20 ./embenet_node_port/src/radio_driver.o
                0x0000000008003d8c                SUBGRF_SetRegulatorMode
 .text.SUBGRF_Calibrate
                0x0000000008003dac       0x1c ./embenet_node_port/src/radio_driver.o
                0x0000000008003dac                SUBGRF_Calibrate
 .text.SUBGRF_CalibrateImage
                0x0000000008003dc8       0x64 ./embenet_node_port/src/radio_driver.o
                0x0000000008003dc8                SUBGRF_CalibrateImage
 .text.SUBGRF_SetPaConfig
                0x0000000008003e2c       0x24 ./embenet_node_port/src/radio_driver.o
                0x0000000008003e2c                SUBGRF_SetPaConfig
 .text.SUBGRF_SetRxTxFallbackMode
                0x0000000008003e50       0x18 ./embenet_node_port/src/radio_driver.o
                0x0000000008003e50                SUBGRF_SetRxTxFallbackMode
 .text.SUBGRF_SetDioIrqParams
                0x0000000008003e68       0x2a ./embenet_node_port/src/radio_driver.o
                0x0000000008003e68                SUBGRF_SetDioIrqParams
 .text.SUBGRF_SetTcxoMode
                0x0000000008003e92       0x28 ./embenet_node_port/src/radio_driver.o
                0x0000000008003e92                SUBGRF_SetTcxoMode
 *fill*         0x0000000008003eba        0x2 
 .text.SUBGRF_SetRfFrequency
                0x0000000008003ebc       0x3c ./embenet_node_port/src/radio_driver.o
                0x0000000008003ebc                SUBGRF_SetRfFrequency
 .text.SUBGRF_SetBufferBaseAddress
                0x0000000008003ef8       0x1a ./embenet_node_port/src/radio_driver.o
                0x0000000008003ef8                SUBGRF_SetBufferBaseAddress
 *fill*         0x0000000008003f12        0x2 
 .text.SUBGRF_GetPacketStatus
                0x0000000008003f14       0x80 ./embenet_node_port/src/radio_driver.o
                0x0000000008003f14                SUBGRF_GetPacketStatus
 .text.SUBGRF_WriteRegister
                0x0000000008003f94       0x20 ./embenet_node_port/src/radio_driver.o
                0x0000000008003f94                SUBGRF_WriteRegister
 .text.SUBGRF_SetPacketType
                0x0000000008003fb4       0x2c ./embenet_node_port/src/radio_driver.o
                0x0000000008003fb4                SUBGRF_SetPacketType
 .text.SUBGRF_SetModulationParams
                0x0000000008003fe0       0xdc ./embenet_node_port/src/radio_driver.o
                0x0000000008003fe0                SUBGRF_SetModulationParams
 .text.SUBGRF_ReadRegister
                0x00000000080040bc       0x20 ./embenet_node_port/src/radio_driver.o
                0x00000000080040bc                SUBGRF_ReadRegister
 .text.Radio_SMPS_Set
                0x00000000080040dc       0x2c ./embenet_node_port/src/radio_driver.o
 .text.SUBGRF_Init
                0x0000000008004108       0x7c ./embenet_node_port/src/radio_driver.o
                0x0000000008004108                SUBGRF_Init
 .text.SUBGRF_SetTxParams
                0x0000000008004184       0x84 ./embenet_node_port/src/radio_driver.o
                0x0000000008004184                SUBGRF_SetTxParams
 .text.SUBGRF_GetRxBufferStatus
                0x0000000008004208       0x48 ./embenet_node_port/src/radio_driver.o
                0x0000000008004208                SUBGRF_GetRxBufferStatus
 .text.SUBGRF_WriteRegisters
                0x0000000008004250       0x10 ./embenet_node_port/src/radio_driver.o
                0x0000000008004250                SUBGRF_WriteRegisters
 .text.SUBGRF_SetSyncWord
                0x0000000008004260       0x12 ./embenet_node_port/src/radio_driver.o
                0x0000000008004260                SUBGRF_SetSyncWord
 *fill*         0x0000000008004272        0x2 
 .text.SUBGRF_SetCrcSeed
                0x0000000008004274       0x24 ./embenet_node_port/src/radio_driver.o
                0x0000000008004274                SUBGRF_SetCrcSeed
 .text.SUBGRF_SetCrcPolynomial
                0x0000000008004298       0x24 ./embenet_node_port/src/radio_driver.o
                0x0000000008004298                SUBGRF_SetCrcPolynomial
 .text.SUBGRF_SetPacketParams
                0x00000000080042bc       0xc8 ./embenet_node_port/src/radio_driver.o
                0x00000000080042bc                SUBGRF_SetPacketParams
 .text.SUBGRF_ReadRegisters
                0x0000000008004384       0x10 ./embenet_node_port/src/radio_driver.o
                0x0000000008004384                SUBGRF_ReadRegisters
 .text.SUBGRF_GetRandom
                0x0000000008004394       0x68 ./embenet_node_port/src/radio_driver.o
                0x0000000008004394                SUBGRF_GetRandom
 .text.SUBGRF_WriteBuffer
                0x00000000080043fc       0x10 ./embenet_node_port/src/radio_driver.o
                0x00000000080043fc                SUBGRF_WriteBuffer
 .text.SUBGRF_ReadBuffer
                0x000000000800440c       0x10 ./embenet_node_port/src/radio_driver.o
                0x000000000800440c                SUBGRF_ReadBuffer
 .text.SUBGRF_SetSwitch
                0x000000000800441c       0x2c ./embenet_node_port/src/radio_driver.o
                0x000000000800441c                SUBGRF_SetSwitch
 .text.SUBGRF_SetRfTxPower
                0x0000000008004448       0x30 ./embenet_node_port/src/radio_driver.o
                0x0000000008004448                SUBGRF_SetRfTxPower
 .text.ENDIANNESS_NativeToBig
                0x0000000008004478       0x14 C:\Users\Milosz\Desktop\magisterka\embenet_demo_src\embenet_node\lib\libembenet_node_amalgamate.a(embenet_node.c.obj)
 .text.taskWrapper
                0x000000000800448c       0x2c C:\Users\Milosz\Desktop\magisterka\embenet_demo_src\embenet_node\lib\libembenet_node_amalgamate.a(embenet_node.c.obj)
 .text.EMBENET_UDP_RegisterSocket
                0x00000000080044b8       0x18 C:\Users\Milosz\Desktop\magisterka\embenet_demo_src\embenet_node\lib\libembenet_node_amalgamate.a(embenet_node.c.obj)
                0x00000000080044b8                EMBENET_UDP_RegisterSocket
 .text.EMBENET_UDP_UnregisterSocket
                0x00000000080044d0       0x18 C:\Users\Milosz\Desktop\magisterka\embenet_demo_src\embenet_node\lib\libembenet_node_amalgamate.a(embenet_node.c.obj)
                0x00000000080044d0                EMBENET_UDP_UnregisterSocket
 .text.EMBENET_UDP_Send
                0x00000000080044e8       0x30 C:\Users\Milosz\Desktop\magisterka\embenet_demo_src\embenet_node\lib\libembenet_node_amalgamate.a(embenet_node.c.obj)
                0x00000000080044e8                EMBENET_UDP_Send
 .text.EMBENET_NODE_GetLocalTime
                0x0000000008004518       0x54 C:\Users\Milosz\Desktop\magisterka\embenet_demo_src\embenet_node\lib\libembenet_node_amalgamate.a(embenet_node.c.obj)
                0x0000000008004518                EMBENET_NODE_GetLocalTime
 .text.localTimeKeepingTask
                0x000000000800456c       0xc4 C:\Users\Milosz\Desktop\magisterka\embenet_demo_src\embenet_node\lib\libembenet_node_amalgamate.a(embenet_node.c.obj)
 .text.EMBENET_NODE_Proc
                0x0000000008004630       0x74 C:\Users\Milosz\Desktop\magisterka\embenet_demo_src\embenet_node\lib\libembenet_node_amalgamate.a(embenet_node.c.obj)
                0x0000000008004630                EMBENET_NODE_Proc
 .text.EMBENET_NODE_TaskCreate
                0x00000000080046a4       0xa8 C:\Users\Milosz\Desktop\magisterka\embenet_demo_src\embenet_node\lib\libembenet_node_amalgamate.a(embenet_node.c.obj)
                0x00000000080046a4                EMBENET_NODE_TaskCreate
 .text.EMBENET_NODE_Init
                0x000000000800474c      0x13c C:\Users\Milosz\Desktop\magisterka\embenet_demo_src\embenet_node\lib\libembenet_node_amalgamate.a(embenet_node.c.obj)
                0x000000000800474c                EMBENET_NODE_Init
 .text.EMBENET_NODE_TaskSchedule
                0x0000000008004888      0x190 C:\Users\Milosz\Desktop\magisterka\embenet_demo_src\embenet_node\lib\libembenet_node_amalgamate.a(embenet_node.c.obj)
                0x0000000008004888                EMBENET_NODE_TaskSchedule
 .text.EMBENET_NODE_TaskCancel
                0x0000000008004a18       0x28 C:\Users\Milosz\Desktop\magisterka\embenet_demo_src\embenet_node\lib\libembenet_node_amalgamate.a(embenet_node.c.obj)
                0x0000000008004a18                EMBENET_NODE_TaskCancel
 .text.EMBENET_NODE_GetBorderRouterAddress
                0x0000000008004a40        0xe C:\Users\Milosz\Desktop\magisterka\embenet_demo_src\embenet_node\lib\libembenet_node_amalgamate.a(embenet_node.c.obj)
                0x0000000008004a40                EMBENET_NODE_GetBorderRouterAddress
 .text.EMBENET_NODE_GetUID
                0x0000000008004a4e       0x1c C:\Users\Milosz\Desktop\magisterka\embenet_demo_src\embenet_node\lib\libembenet_node_amalgamate.a(embenet_node.c.obj)
                0x0000000008004a4e                EMBENET_NODE_GetUID
 *fill*         0x0000000008004a6a        0x2 
 .text.start    0x0000000008004a6c       0x4c C:\Users\Milosz\Desktop\magisterka\embenet_demo_src\embenet_node\lib\libembenet_node_amalgamate.a(embenet_node.c.obj)
 .text.EMBENET_NODE_RootStart
                0x0000000008004ab8       0x40 C:\Users\Milosz\Desktop\magisterka\embenet_demo_src\embenet_node\lib\libembenet_node_amalgamate.a(embenet_node.c.obj)
                0x0000000008004ab8                EMBENET_NODE_RootStart
 .text.EMBENET_NODE_GetRandomValue
                0x0000000008004af8        0x4 C:\Users\Milosz\Desktop\magisterka\embenet_demo_src\embenet_node\lib\libembenet_node_amalgamate.a(embenet_node.c.obj)
                0x0000000008004af8                EMBENET_NODE_GetRandomValue
 .text.EMBENET_NODE_GetVersion
                0x0000000008004afc        0x8 C:\Users\Milosz\Desktop\magisterka\embenet_demo_src\embenet_node\lib\libembenet_node_amalgamate.a(embenet_node.c.obj)
                0x0000000008004afc                EMBENET_NODE_GetVersion
 .text.EMBENET_NODE_GetGroupCount
                0x0000000008004b04        0x4 C:\Users\Milosz\Desktop\magisterka\embenet_demo_src\embenet_node\lib\libembenet_node_amalgamate.a(embenet_node.c.obj)
                0x0000000008004b04                EMBENET_NODE_GetGroupCount
 .text.EMBENET_NODE_GetGroupByIndex
                0x0000000008004b08       0x26 C:\Users\Milosz\Desktop\magisterka\embenet_demo_src\embenet_node\lib\libembenet_node_amalgamate.a(embenet_node.c.obj)
                0x0000000008004b08                EMBENET_NODE_GetGroupByIndex
 *fill*         0x0000000008004b2e        0x2 
 .text.IDMANAGER_Init
                0x0000000008004b30       0x8c C:\Users\Milosz\Desktop\magisterka\embenet_demo_src\embenet_node\lib\libembenet_node_amalgamate.a(idmanager.c.obj)
                0x0000000008004b30                62d16b48e9529b8b29eb67945bd8081213959681
 .text.IDMANAGER_IsRoot
                0x0000000008004bbc       0x1c C:\Users\Milosz\Desktop\magisterka\embenet_demo_src\embenet_node\lib\libembenet_node_amalgamate.a(idmanager.c.obj)
                0x0000000008004bbc                cb03b4776ba370511f18aa83227a6716bbc89321
 .text.IDMANAGER_GetID
                0x0000000008004bd8       0x44 C:\Users\Milosz\Desktop\magisterka\embenet_demo_src\embenet_node\lib\libembenet_node_amalgamate.a(idmanager.c.obj)
                0x0000000008004bd8                976f1995b2c83947a84b9c8a6775d2e1dcb20b1a
 .text.IDMANAGER_SetID
                0x0000000008004c1c       0x8c C:\Users\Milosz\Desktop\magisterka\embenet_demo_src\embenet_node\lib\libembenet_node_amalgamate.a(idmanager.c.obj)
                0x0000000008004c1c                00481873317fdef387db1bb310377b408b8e47be
 .text.IDMANAGER_MakeRoot
                0x0000000008004ca8       0x54 C:\Users\Milosz\Desktop\magisterka\embenet_demo_src\embenet_node\lib\libembenet_node_amalgamate.a(idmanager.c.obj)
                0x0000000008004ca8                46db78497509f29217d6d083aca2de1a300413c6
 .text.IDMANAGER_IsOwn
                0x0000000008004cfc       0x7c C:\Users\Milosz\Desktop\magisterka\embenet_demo_src\embenet_node\lib\libembenet_node_amalgamate.a(idmanager.c.obj)
                0x0000000008004cfc                ef42a56931e541b0c8c1f2660a00aa81f857110a
 .text.ENDIANNESS_BigToNative.constprop.0
                0x0000000008004d78       0x14 C:\Users\Milosz\Desktop\magisterka\embenet_demo_src\embenet_node\lib\libembenet_node_amalgamate.a(neighbors.c.obj)
 .text.removeNeighbor
                0x0000000008004d8c       0x48 C:\Users\Milosz\Desktop\magisterka\embenet_demo_src\embenet_node\lib\libembenet_node_amalgamate.a(neighbors.c.obj)
 .text.NEIGHBORS_Init
                0x0000000008004dd4       0x20 C:\Users\Milosz\Desktop\magisterka\embenet_demo_src\embenet_node\lib\libembenet_node_amalgamate.a(neighbors.c.obj)
                0x0000000008004dd4                a65a9e0e9d2172731582a842552346b36304a3e3
 .text.NEIGHBORS_GetNumNeighbors
                0x0000000008004df4       0x20 C:\Users\Milosz\Desktop\magisterka\embenet_demo_src\embenet_node\lib\libembenet_node_amalgamate.a(neighbors.c.obj)
                0x0000000008004df4                5dd6fb766eeca12f408d546c8d4a40a272e3f785
 .text.NEIGHBORS_GetNeighborInfo
                0x0000000008004e14       0x90 C:\Users\Milosz\Desktop\magisterka\embenet_demo_src\embenet_node\lib\libembenet_node_amalgamate.a(neighbors.c.obj)
                0x0000000008004e14                NEIGHBORS_GetNeighborInfo
 .text.NEIGHBORS_GetRank
                0x0000000008004ea4       0x34 C:\Users\Milosz\Desktop\magisterka\embenet_demo_src\embenet_node\lib\libembenet_node_amalgamate.a(neighbors.c.obj)
                0x0000000008004ea4                8cfb94024ca5b6140fb568011b57a078749e2ff0
 .text.NEIGHBORS_SetRank
                0x0000000008004ed8       0x34 C:\Users\Milosz\Desktop\magisterka\embenet_demo_src\embenet_node\lib\libembenet_node_amalgamate.a(neighbors.c.obj)
                0x0000000008004ed8                231ee13350ba09f13191bc6eb894c2ea8bf59b41
 .text.NEIGHBORS_GetLinkStat
                0x0000000008004f0c       0x40 C:\Users\Milosz\Desktop\magisterka\embenet_demo_src\embenet_node\lib\libembenet_node_amalgamate.a(neighbors.c.obj)
                0x0000000008004f0c                734215ec60b076a73ccd748a6d2a9ef259a5be9c
 .text.NEIGHBORS_GetPdr
                0x0000000008004f4c       0x74 C:\Users\Milosz\Desktop\magisterka\embenet_demo_src\embenet_node\lib\libembenet_node_amalgamate.a(neighbors.c.obj)
                0x0000000008004f4c                5b63cb34daec6664391bfc943c457a7558e21261
 .text.NEIGHBORS_GetLastHeardAsn
                0x0000000008004fc0       0x3c C:\Users\Milosz\Desktop\magisterka\embenet_demo_src\embenet_node\lib\libembenet_node_amalgamate.a(neighbors.c.obj)
                0x0000000008004fc0                7df3ba357f7f62320ead08135508bf101de27d80
 .text.NEIGHBORS_SetLastHeardAsn
                0x0000000008004ffc       0x48 C:\Users\Milosz\Desktop\magisterka\embenet_demo_src\embenet_node\lib\libembenet_node_amalgamate.a(neighbors.c.obj)
                0x0000000008004ffc                5004528a8ffa5581bbd161cf1057e8d5d3867843
 .text.NEIGHBORS_GetJoinProxy
                0x0000000008005044       0x40 C:\Users\Milosz\Desktop\magisterka\embenet_demo_src\embenet_node\lib\libembenet_node_amalgamate.a(neighbors.c.obj)
                0x0000000008005044                08bb79b9d8122a54d175f9ca733eba1fe88f9bf1
 .text.NEIGHBORS_IsNoResource
                0x0000000008005084       0x68 C:\Users\Milosz\Desktop\magisterka\embenet_demo_src\embenet_node\lib\libembenet_node_amalgamate.a(neighbors.c.obj)
                0x0000000008005084                4f011439265b330ba2d9f164eb1f6389866b01df
 .text.NEIGHBORS_SetNoResource
                0x00000000080050ec       0x4c C:\Users\Milosz\Desktop\magisterka\embenet_demo_src\embenet_node\lib\libembenet_node_amalgamate.a(neighbors.c.obj)
                0x00000000080050ec                027deecf67887395ef5db16208d3312ee727e45e
 .text.NEIGHBORS_GetSixtopSequenceNumber
                0x0000000008005138       0x4c C:\Users\Milosz\Desktop\magisterka\embenet_demo_src\embenet_node\lib\libembenet_node_amalgamate.a(neighbors.c.obj)
                0x0000000008005138                0a8a8543f799df9767389ce496f81ab8433a71f4
 .text.NEIGHBORS_IsNeighborWithHigherDAGrank
                0x0000000008005184       0x3c C:\Users\Milosz\Desktop\magisterka\embenet_demo_src\embenet_node\lib\libembenet_node_amalgamate.a(neighbors.c.obj)
                0x0000000008005184                91ad02464a5553c72b508f812e77f83c74a657ed
 .text.NEIGHBORS_IndicateTx
                0x00000000080051c0       0x9c C:\Users\Milosz\Desktop\magisterka\embenet_demo_src\embenet_node\lib\libembenet_node_amalgamate.a(neighbors.c.obj)
                0x00000000080051c0                8c07271647b7d6eded14e64818e8777967155b78
 .text.NEIGHBORS_UpdateSixtopSequenceNumber
                0x000000000800525c       0x4c C:\Users\Milosz\Desktop\magisterka\embenet_demo_src\embenet_node\lib\libembenet_node_amalgamate.a(neighbors.c.obj)
                0x000000000800525c                cf0ffb3730b01ad23c777b55262f1b704e362e5b
 .text.NEIGHBORS_ResetSixtopSequenceNumber
                0x00000000080052a8       0x3c C:\Users\Milosz\Desktop\magisterka\embenet_demo_src\embenet_node\lib\libembenet_node_amalgamate.a(neighbors.c.obj)
                0x00000000080052a8                cbc0e88a681a951e559d988b61bbaa7895224382
 .text.NEIGHBORS_UpdateMacSequenceNumber
                0x00000000080052e4       0x44 C:\Users\Milosz\Desktop\magisterka\embenet_demo_src\embenet_node\lib\libembenet_node_amalgamate.a(neighbors.c.obj)
                0x00000000080052e4                5e760e12acdfba35bd9ad67595126b5a8623f934
 .text.NEIGHBORS_IsDuplicate
                0x0000000008005328       0x78 C:\Users\Milosz\Desktop\magisterka\embenet_demo_src\embenet_node\lib\libembenet_node_amalgamate.a(neighbors.c.obj)
                0x0000000008005328                e5d2a5998d8277723156e3d7efef427ee7af0c3f
 .text.NEIGHBORS_GetEui64
                0x00000000080053a0       0x44 C:\Users\Milosz\Desktop\magisterka\embenet_demo_src\embenet_node\lib\libembenet_node_amalgamate.a(neighbors.c.obj)
                0x00000000080053a0                b7be15738b198492e50cb8023d171fca112169af
 .text.NEIGHBORS_IsIndexUsed
                0x00000000080053e4       0x30 C:\Users\Milosz\Desktop\magisterka\embenet_demo_src\embenet_node\lib\libembenet_node_amalgamate.a(neighbors.c.obj)
                0x00000000080053e4                f978182667c580e22e6ae7bda9ab6a3b6ebffcb1
 .text.NEIGHBORS_ClearParent
                0x0000000008005414       0x10 C:\Users\Milosz\Desktop\magisterka\embenet_demo_src\embenet_node\lib\libembenet_node_amalgamate.a(neighbors.c.obj)
                0x0000000008005414                a1f453367df5fb7326959ac01438704c8522c5f4
 .text.NEIGHBORS_SetParent
                0x0000000008005424       0x3c C:\Users\Milosz\Desktop\magisterka\embenet_demo_src\embenet_node\lib\libembenet_node_amalgamate.a(neighbors.c.obj)
                0x0000000008005424                bc730516ff4e3e92f0649500c5c053783837fa16
 .text.NEIGHBORS_GetParent
                0x0000000008005460       0x28 C:\Users\Milosz\Desktop\magisterka\embenet_demo_src\embenet_node\lib\libembenet_node_amalgamate.a(neighbors.c.obj)
                0x0000000008005460                aa4ba635fab2a57cfac739bffc367cf6103ea92f
 .text.NEIGHBORS_GetKaNeighbor
                0x0000000008005488       0x68 C:\Users\Milosz\Desktop\magisterka\embenet_demo_src\embenet_node\lib\libembenet_node_amalgamate.a(neighbors.c.obj)
                0x0000000008005488                0fa1209e048698b86219960838c5b2bdc21151fc
 .text.NEIGHBORS_IsParent
                0x00000000080054f0       0x22 C:\Users\Milosz\Desktop\magisterka\embenet_demo_src\embenet_node\lib\libembenet_node_amalgamate.a(neighbors.c.obj)
                0x00000000080054f0                fdce4034d9451f08e0a61574976ed9ce452b5ba4
 *fill*         0x0000000008005512        0x2 
 .text.NEIGHBORS_RemoveOld
                0x0000000008005514       0xb4 C:\Users\Milosz\Desktop\magisterka\embenet_demo_src\embenet_node\lib\libembenet_node_amalgamate.a(neighbors.c.obj)
                0x0000000008005514                aee20a6aed232d40647d21a3bace71ea0c450c20
 .text.NEIGHBORS_SetRxSlotCandidate
                0x00000000080055c8       0x34 C:\Users\Milosz\Desktop\magisterka\embenet_demo_src\embenet_node\lib\libembenet_node_amalgamate.a(neighbors.c.obj)
                0x00000000080055c8                NEIGHBORS_SetRxSlotCandidate
 .text.NEIGHBORS_GetRxSlotCandidate
                0x00000000080055fc       0x34 C:\Users\Milosz\Desktop\magisterka\embenet_demo_src\embenet_node\lib\libembenet_node_amalgamate.a(neighbors.c.obj)
                0x00000000080055fc                NEIGHBORS_GetRxSlotCandidate
 .text.NEIGHBORS_RegisterNew
                0x0000000008005630      0x13c C:\Users\Milosz\Desktop\magisterka\embenet_demo_src\embenet_node\lib\libembenet_node_amalgamate.a(neighbors.c.obj)
                0x0000000008005630                d5581a03a7943b95f7fabafbaf8177c4d06e5b3a
 .text.NEIGHBORS_IndicateRx
                0x000000000800576c       0xa4 C:\Users\Milosz\Desktop\magisterka\embenet_demo_src\embenet_node\lib\libembenet_node_amalgamate.a(neighbors.c.obj)
                0x000000000800576c                9f1a6cf98ed84541f8f0a98d41c73f676d47aa86
 .text.NEIGHBORS_Remove
                0x0000000008005810       0x38 C:\Users\Milosz\Desktop\magisterka\embenet_demo_src\embenet_node\lib\libembenet_node_amalgamate.a(neighbors.c.obj)
                0x0000000008005810                fe38e6e5657dc5f9f46adbfbc4370c9f738626b5
 .text.NEIGHBORS_RemoveAll
                0x0000000008005848       0x2c C:\Users\Milosz\Desktop\magisterka\embenet_demo_src\embenet_node\lib\libembenet_node_amalgamate.a(neighbors.c.obj)
                0x0000000008005848                112b6c7ff0378e3d771f72ee1fe6c65d1cd5ff37
 .text.NEIGHBORS_GetIndex
                0x0000000008005874       0x40 C:\Users\Milosz\Desktop\magisterka\embenet_demo_src\embenet_node\lib\libembenet_node_amalgamate.a(neighbors.c.obj)
                0x0000000008005874                52a2c697077f87280125159eda12d46a7578d4b9
 .text.NEIGHBORS_IsChild
                0x00000000080058b4       0x34 C:\Users\Milosz\Desktop\magisterka\embenet_demo_src\embenet_node\lib\libembenet_node_amalgamate.a(neighbors.c.obj)
                0x00000000080058b4                5cf48605db24e77c7dc4310895ecb68238b276e7
 .text.NEIGHBORS_SetAsChild
                0x00000000080058e8       0x34 C:\Users\Milosz\Desktop\magisterka\embenet_demo_src\embenet_node\lib\libembenet_node_amalgamate.a(neighbors.c.obj)
                0x00000000080058e8                ca04a83f27bd1933b342c8619a464a402518176b
 .text.NEIGHBORS_GetChildrenCount
                0x000000000800591c       0x24 C:\Users\Milosz\Desktop\magisterka\embenet_demo_src\embenet_node\lib\libembenet_node_amalgamate.a(neighbors.c.obj)
                0x000000000800591c                963d67651eaddeb307ab0b02134cee28199d533d
 .text.NEIGHBORS_GetParentRelocationAttempts
                0x0000000008005940       0x34 C:\Users\Milosz\Desktop\magisterka\embenet_demo_src\embenet_node\lib\libembenet_node_amalgamate.a(neighbors.c.obj)
                0x0000000008005940                a72cb89288ba405a2fc975c124a720574840c109
 .text.NEIGHBORS_SetParentRelocationAttempts
                0x0000000008005974       0x34 C:\Users\Milosz\Desktop\magisterka\embenet_demo_src\embenet_node\lib\libembenet_node_amalgamate.a(neighbors.c.obj)
                0x0000000008005974                201075ddfc12155ac10a81b74045472dd935ece2
 .text.ADDR_GetLength.isra.0
                0x00000000080059a8       0x30 C:\Users\Milosz\Desktop\magisterka\embenet_demo_src\embenet_node\lib\libembenet_node_amalgamate.a(openaddress.c.obj)
 .text.ADDR_IsBroadcastMulticast
                0x00000000080059d8       0x5c C:\Users\Milosz\Desktop\magisterka\embenet_demo_src\embenet_node\lib\libembenet_node_amalgamate.a(openaddress.c.obj)
                0x00000000080059d8                2de8c5d05f60c15cf061eba17324436038284da6
 .text.ADDR_GetEUI64
                0x0000000008005a34       0x74 C:\Users\Milosz\Desktop\magisterka\embenet_demo_src\embenet_node\lib\libembenet_node_amalgamate.a(openaddress.c.obj)
                0x0000000008005a34                bd0efe2f4ea1bc3c059d1e48499cdcc14a5db53b
 .text.ADDR_IsAllRoutersMulticast
                0x0000000008005aa8       0x5c C:\Users\Milosz\Desktop\magisterka\embenet_demo_src\embenet_node\lib\libembenet_node_amalgamate.a(openaddress.c.obj)
                0x0000000008005aa8                271b2dbe31e411eac579adb987eb6de74d66e6b2
 .text.ADDR_IsAllHostsMulticast
                0x0000000008005b04       0x5a C:\Users\Milosz\Desktop\magisterka\embenet_demo_src\embenet_node\lib\libembenet_node_amalgamate.a(openaddress.c.obj)
                0x0000000008005b04                2ab4f7466be7c52a3baa6ff62574d1f49ba464e7
 *fill*         0x0000000008005b5e        0x2 
 .text.ADDR_IsLinkLocal
                0x0000000008005b60       0x24 C:\Users\Milosz\Desktop\magisterka\embenet_demo_src\embenet_node\lib\libembenet_node_amalgamate.a(openaddress.c.obj)
                0x0000000008005b60                4568fced62f20053a59091f5ee26eed63ee62b0d
 .text.ADDR_IsSameAddress
                0x0000000008005b84       0x26 C:\Users\Milosz\Desktop\magisterka\embenet_demo_src\embenet_node\lib\libembenet_node_amalgamate.a(openaddress.c.obj)
                0x0000000008005b84                32ee1897f5dd097f851de45186212ed2e150a0c5
 *fill*         0x0000000008005baa        0x2 
 .text.ADDR_Print
                0x0000000008005bac       0xbc C:\Users\Milosz\Desktop\magisterka\embenet_demo_src\embenet_node\lib\libembenet_node_amalgamate.a(openaddress.c.obj)
                0x0000000008005bac                706a956218859121b399480423d2fbe6bb70cd71
 .text.ADDR_Ip128bToMac64b
                0x0000000008005c68       0xa0 C:\Users\Milosz\Desktop\magisterka\embenet_demo_src\embenet_node\lib\libembenet_node_amalgamate.a(openaddress.c.obj)
                0x0000000008005c68                c830e52416e40936b7f282734abfc3137eeaf4dc
 .text.ADDR_Ip128bToPrefix
                0x0000000008005d08       0xa0 C:\Users\Milosz\Desktop\magisterka\embenet_demo_src\embenet_node\lib\libembenet_node_amalgamate.a(openaddress.c.obj)
                0x0000000008005d08                2af6233fa7118fd11caf81b4f86d81e84f105465
 .text.ADDR_Mac64bToIp128b
                0x0000000008005da8       0xac C:\Users\Milosz\Desktop\magisterka\embenet_demo_src\embenet_node\lib\libembenet_node_amalgamate.a(openaddress.c.obj)
                0x0000000008005da8                e1f09b154ce8c1c840a8dd2e4c2e0aa8149bfcd4
 .text.ADDR_Mac64bToMac16b
                0x0000000008005e54       0x88 C:\Users\Milosz\Desktop\magisterka\embenet_demo_src\embenet_node\lib\libembenet_node_amalgamate.a(openaddress.c.obj)
                0x0000000008005e54                b4e42b26493966bc617e4c89906d69f121a97c96
 .text.ADDR_Mac16bToMac64b
                0x0000000008005edc       0x8c C:\Users\Milosz\Desktop\magisterka\embenet_demo_src\embenet_node\lib\libembenet_node_amalgamate.a(openaddress.c.obj)
                0x0000000008005edc                9730579196d24a2a06a66ac441c59b7f99b57834
 .text.ADDR_Mac16bToMulticastIp128b
                0x0000000008005f68      0x100 C:\Users\Milosz\Desktop\magisterka\embenet_demo_src\embenet_node\lib\libembenet_node_amalgamate.a(openaddress.c.obj)
                0x0000000008005f68                144ed7de545b4a42832ce04a16bf065a50d4ff30
 .text.ADDR_GetGroupId
                0x0000000008006068       0x58 C:\Users\Milosz\Desktop\magisterka\embenet_demo_src\embenet_node\lib\libembenet_node_amalgamate.a(openaddress.c.obj)
                0x0000000008006068                f26cfbfa45ddc428fa93a21aa284ea921322a858
 .text.ADDR_GetLinkLocalPrefix
                0x00000000080060c0        0x8 C:\Users\Milosz\Desktop\magisterka\embenet_demo_src\embenet_node\lib\libembenet_node_amalgamate.a(openaddress.c.obj)
                0x00000000080060c0                3c5e9d665a63e4e817bae7c8fa4bc5f3c0cfa1bb
 .text.reset_entry
                0x00000000080060c8       0x5c C:\Users\Milosz\Desktop\magisterka\embenet_demo_src\embenet_node\lib\libembenet_node_amalgamate.a(openqueue.c.obj)
 .text.QUEUE_Init
                0x0000000008006124       0x38 C:\Users\Milosz\Desktop\magisterka\embenet_demo_src\embenet_node\lib\libembenet_node_amalgamate.a(openqueue.c.obj)
                0x0000000008006124                8651bfcf35514b04809eb22bd8aa118172b46770
 .text.QUEUE_FreeCreatedBy
                0x000000000800615c       0x3c C:\Users\Milosz\Desktop\magisterka\embenet_demo_src\embenet_node\lib\libembenet_node_amalgamate.a(openqueue.c.obj)
                0x000000000800615c                f9d7d5c68ea55258d57b5d3bc3540348dc13b74e
 .text.QUEUE_FreeOld
                0x0000000008006198       0x88 C:\Users\Milosz\Desktop\magisterka\embenet_demo_src\embenet_node\lib\libembenet_node_amalgamate.a(openqueue.c.obj)
                0x0000000008006198                77b737f3175c59c67851de07d0921a2dae9a70ab
 .text.QUEUE_FreeAll
                0x0000000008006220       0x2c C:\Users\Milosz\Desktop\magisterka\embenet_demo_src\embenet_node\lib\libembenet_node_amalgamate.a(openqueue.c.obj)
                0x0000000008006220                5abd2f358b9e462fcede09cdd96a94c4ca379573
 .text.QUEUE_GetFreeCount
                0x000000000800624c       0x30 C:\Users\Milosz\Desktop\magisterka\embenet_demo_src\embenet_node\lib\libembenet_node_amalgamate.a(openqueue.c.obj)
                0x000000000800624c                e1319048c142912ea91dcc918ab796551ce50481
 .text.QUEUE_Allocate
                0x000000000800627c      0x17c C:\Users\Milosz\Desktop\magisterka\embenet_demo_src\embenet_node\lib\libembenet_node_amalgamate.a(openqueue.c.obj)
                0x000000000800627c                331ec243926b1d9fd1d86c735e311ea19678e45f
 .text.QUEUE_Free
                0x00000000080063f8       0x84 C:\Users\Milosz\Desktop\magisterka\embenet_demo_src\embenet_node\lib\libembenet_node_amalgamate.a(openqueue.c.obj)
                0x00000000080063f8                218a9716e8ca33d3905e4d5d678efcb718f6f31f
 .text.QUEUE_AllocateToForward
                0x000000000800647c      0x11c C:\Users\Milosz\Desktop\magisterka\embenet_demo_src\embenet_node\lib\libembenet_node_amalgamate.a(openqueue.c.obj)
                0x000000000800647c                4b9793db96fa05ad63a954fae76e17c90da5d34d
 .text.QUEUE_MacNotifySuperframeStart
                0x0000000008006598       0x4c C:\Users\Milosz\Desktop\magisterka\embenet_demo_src\embenet_node\lib\libembenet_node_amalgamate.a(openqueue.c.obj)
                0x0000000008006598                QUEUE_MacNotifySuperframeStart
 .text.QUEUE_SixtopGetSentPacket
                0x00000000080065e4       0x48 C:\Users\Milosz\Desktop\magisterka\embenet_demo_src\embenet_node\lib\libembenet_node_amalgamate.a(openqueue.c.obj)
                0x00000000080065e4                207e15ee7bccb2eb76dd4c1d27604170dc079160
 .text.QUEUE_SixtopGetReceivedPacket
                0x000000000800662c       0x48 C:\Users\Milosz\Desktop\magisterka\embenet_demo_src\embenet_node\lib\libembenet_node_amalgamate.a(openqueue.c.obj)
                0x000000000800662c                52883b33bb80ca8d67a0717f5cdfbf4b90874f00
 .text.QUEUE_SixtopGetReqCount
                0x0000000008006674       0x50 C:\Users\Milosz\Desktop\magisterka\embenet_demo_src\embenet_node\lib\libembenet_node_amalgamate.a(openqueue.c.obj)
                0x0000000008006674                43f11770a6d1a267a732a77a0ad450aed83746a6
 .text.QUEUE_SixtopGetRespCount
                0x00000000080066c4       0x38 C:\Users\Milosz\Desktop\magisterka\embenet_demo_src\embenet_node\lib\libembenet_node_amalgamate.a(openqueue.c.obj)
                0x00000000080066c4                794cbfdf72fe426231c38719436bf778a99748c2
 .text.QUEUE_SixtopRemoveReq
                0x00000000080066fc       0x70 C:\Users\Milosz\Desktop\magisterka\embenet_demo_src\embenet_node\lib\libembenet_node_amalgamate.a(openqueue.c.obj)
                0x00000000080066fc                9384e57fa8b386170558ee17f590b88f318c4273
 .text.QUEUE_Icmpv6rplUpdateNextHop
                0x000000000800676c       0x70 C:\Users\Milosz\Desktop\magisterka\embenet_demo_src\embenet_node\lib\libembenet_node_amalgamate.a(openqueue.c.obj)
                0x000000000800676c                4c857b78cdc7cd5cc9a39e6ca4ea27a1fc7cf725
 .text.QUEUE_ScheduleGetPacketAdvertisement
                0x00000000080067dc      0x114 C:\Users\Milosz\Desktop\magisterka\embenet_demo_src\embenet_node\lib\libembenet_node_amalgamate.a(openqueue.c.obj)
                0x00000000080067dc                d9cd3de8850ba05653155beecb1d40906820436e
 .text.QUEUE_ScheduleGetPacketAutoUp
                0x00000000080068f0       0xac C:\Users\Milosz\Desktop\magisterka\embenet_demo_src\embenet_node\lib\libembenet_node_amalgamate.a(openqueue.c.obj)
                0x00000000080068f0                e22731f1bc5e11c30d17c816b254bbe1a1e0e9ca
 .text.QUEUE_ScheduleGetPacketAutoDown
                0x000000000800699c      0x268 C:\Users\Milosz\Desktop\magisterka\embenet_demo_src\embenet_node\lib\libembenet_node_amalgamate.a(openqueue.c.obj)
                0x000000000800699c                b889de2f10cc0917d24c2de3fa3fd08176b8c62f
 .text.QUEUE_ScheduleGetPacketManaged
                0x0000000008006c04      0x16c C:\Users\Milosz\Desktop\magisterka\embenet_demo_src\embenet_node\lib\libembenet_node_amalgamate.a(openqueue.c.obj)
                0x0000000008006c04                fc07e894741fc85c512f976929ce54659d763792
 .text.QUEUE_GetByOwner
                0x0000000008006d70       0x44 C:\Users\Milosz\Desktop\magisterka\embenet_demo_src\embenet_node\lib\libembenet_node_amalgamate.a(openqueue.c.obj)
                0x0000000008006d70                6e9ad617bf3c14b2ac474e5b98f5ac57b3d3da73
 .text.QUEUE_GetDiagnosticsCounters
                0x0000000008006db4       0x34 C:\Users\Milosz\Desktop\magisterka\embenet_demo_src\embenet_node\lib\libembenet_node_amalgamate.a(openqueue.c.obj)
                0x0000000008006db4                QUEUE_GetDiagnosticsCounters
 .text.ENDIANNESS_NativeToBig
                0x0000000008006de8       0x14 C:\Users\Milosz\Desktop\magisterka\embenet_demo_src\embenet_node\lib\libembenet_node_amalgamate.a(bridge.c.obj)
 .text.BRIDGE_ForwardToController
                0x0000000008006dfc       0xa0 C:\Users\Milosz\Desktop\magisterka\embenet_demo_src\embenet_node\lib\libembenet_node_amalgamate.a(bridge.c.obj)
 .text.BRIDGE_CommunicationProcessHandler
                0x0000000008006e9c      0x2f8 C:\Users\Milosz\Desktop\magisterka\embenet_demo_src\embenet_node\lib\libembenet_node_amalgamate.a(bridge.c.obj)
 .text.BRIDGE_Init
                0x0000000008007194       0x84 C:\Users\Milosz\Desktop\magisterka\embenet_demo_src\embenet_node\lib\libembenet_node_amalgamate.a(bridge.c.obj)
                0x0000000008007194                accf98d4aa46c25b43fe3a2b56466c3df947c743
 .text.BRIDGE_Process
                0x0000000008007218       0x48 C:\Users\Milosz\Desktop\magisterka\embenet_demo_src\embenet_node\lib\libembenet_node_amalgamate.a(bridge.c.obj)
                0x0000000008007218                7b29e7e9f3d2a5fbd391fecca02c9843bed48afc
 .text.BRIDGE_DataConfirmation
                0x0000000008007260       0x38 C:\Users\Milosz\Desktop\magisterka\embenet_demo_src\embenet_node\lib\libembenet_node_amalgamate.a(bridge.c.obj)
                0x0000000008007260                c122f50a74e97b0b971f059f93cac9f52ab85af9
 .text.BRIDGE_DataRequest
                0x0000000008007298       0x68 C:\Users\Milosz\Desktop\magisterka\embenet_demo_src\embenet_node\lib\libembenet_node_amalgamate.a(bridge.c.obj)
                0x0000000008007298                db78e4d9b28d7c42d16d219c1384c29b20a49150
 .text.EVENT_TIMER_Init
                0x0000000008007300       0x30 C:\Users\Milosz\Desktop\magisterka\embenet_demo_src\embenet_node\lib\libembenet_node_amalgamate.a(event_timer.c.obj)
                0x0000000008007300                bbe099565971cd2d437b6a8e152f225cced7c4ee
 .text.EVENT_TIMER_Create
                0x0000000008007330       0x54 C:\Users\Milosz\Desktop\magisterka\embenet_demo_src\embenet_node\lib\libembenet_node_amalgamate.a(event_timer.c.obj)
                0x0000000008007330                a8a69b6dc0b44dcd4c796ffc71424a9aa5615acc
 .text.EVENT_TIMER_ScheduleAt
                0x0000000008007384       0xec C:\Users\Milosz\Desktop\magisterka\embenet_demo_src\embenet_node\lib\libembenet_node_amalgamate.a(event_timer.c.obj)
                0x0000000008007384                730eb7956d67b4105233f5dd87140a7c05a0a0f0
 .text.opentimers_callback
                0x0000000008007470       0xe0 C:\Users\Milosz\Desktop\magisterka\embenet_demo_src\embenet_node\lib\libembenet_node_amalgamate.a(event_timer.c.obj)
 .text.EVENT_TIMER_ScheduleAfter
                0x0000000008007550       0x24 C:\Users\Milosz\Desktop\magisterka\embenet_demo_src\embenet_node\lib\libembenet_node_amalgamate.a(event_timer.c.obj)
                0x0000000008007550                a146aa5c27211710221f7063067066079d66a071
 .text.EVENT_TIMER_Cancel
                0x0000000008007574       0x30 C:\Users\Milosz\Desktop\magisterka\embenet_demo_src\embenet_node\lib\libembenet_node_amalgamate.a(event_timer.c.obj)
                0x0000000008007574                2f27d002e6f5798bf50ec4e1714df836a8561b81
 .text.EVENT_TIMER_Now
                0x00000000080075a4        0x4 C:\Users\Milosz\Desktop\magisterka\embenet_demo_src\embenet_node\lib\libembenet_node_amalgamate.a(event_timer.c.obj)
                0x00000000080075a4                98bf14dc0e749cb1b7db48b40e4393705fb7926a
 .text.EVENT_TIMER_GetScheduledTime
                0x00000000080075a8       0x38 C:\Users\Milosz\Desktop\magisterka\embenet_demo_src\embenet_node\lib\libembenet_node_amalgamate.a(event_timer.c.obj)
                0x00000000080075a8                19ac46e5c06ffb6c1640c5d4070de271a544b182
 .text.EVENT_TIMER_IsScheduled
                0x00000000080075e0       0x20 C:\Users\Milosz\Desktop\magisterka\embenet_demo_src\embenet_node\lib\libembenet_node_amalgamate.a(event_timer.c.obj)
                0x00000000080075e0                56445be374e93738432324b7e0ececbd8047647a
 .text.RNG_Init
                0x0000000008007600       0x34 C:\Users\Milosz\Desktop\magisterka\embenet_demo_src\embenet_node\lib\libembenet_node_amalgamate.a(rng.c.obj)
                0x0000000008007600                da97346f7fa50b65fe6c97432d29b132cbef037c
 .text.RNG_Get  0x0000000008007634       0x48 C:\Users\Milosz\Desktop\magisterka\embenet_demo_src\embenet_node\lib\libembenet_node_amalgamate.a(rng.c.obj)
                0x0000000008007634                570d8a765a6a38e2a02d25f1ad3297e0c6b6f6e8
 .text.RNG_GetFromRange
                0x000000000800767c       0x44 C:\Users\Milosz\Desktop\magisterka\embenet_demo_src\embenet_node\lib\libembenet_node_amalgamate.a(rng.c.obj)
                0x000000000800767c                7694f58d16cb666949a4f0727c30967f32581954
 .text.RNG_GetPeriod
                0x00000000080076c0       0x26 C:\Users\Milosz\Desktop\magisterka\embenet_demo_src\embenet_node\lib\libembenet_node_amalgamate.a(rng.c.obj)
                0x00000000080076c0                23673502809f5a9646d21283e7a04e0764f4d11d
 .text.ENDIANNESS_NativeToBig.constprop.0
                0x00000000080076e6       0x12 C:\Users\Milosz\Desktop\magisterka\embenet_demo_src\embenet_node\lib\libembenet_node_amalgamate.a(encjs_pledge.c.obj)
 .text.ENCJS_PLEDGE_Init
                0x00000000080076f8       0x20 C:\Users\Milosz\Desktop\magisterka\embenet_demo_src\embenet_node\lib\libembenet_node_amalgamate.a(encjs_pledge.c.obj)
                0x00000000080076f8                a2cfc355d32e55b8b56cc48ae29213a5fcc061ca
 .text.ENCJS_PLEDGE_SetPsk
                0x0000000008007718       0x34 C:\Users\Milosz\Desktop\magisterka\embenet_demo_src\embenet_node\lib\libembenet_node_amalgamate.a(encjs_pledge.c.obj)
                0x0000000008007718                1e9fc63c4239e2e23ba8a071c9b6c0d4aab1f4b8
 .text.ENCJS_PLEDGE_GetQuickRejoinData
                0x000000000800774c       0x48 C:\Users\Milosz\Desktop\magisterka\embenet_demo_src\embenet_node\lib\libembenet_node_amalgamate.a(encjs_pledge.c.obj)
                0x000000000800774c                7d0846c279c7703537dc22d139b898222dc42c28
 .text.ENCJS_PLEDGE_OnAdvertisementCell
                0x0000000008007794      0x12c C:\Users\Milosz\Desktop\magisterka\embenet_demo_src\embenet_node\lib\libembenet_node_amalgamate.a(encjs_pledge.c.obj)
                0x0000000008007794                03d6da78285e4b5dbf21b3dd748386b7299cb1fe
 .text.ENCJS_PLEDGE_Disjoin
                0x00000000080078c0       0x8c C:\Users\Milosz\Desktop\magisterka\embenet_demo_src\embenet_node\lib\libembenet_node_amalgamate.a(encjs_pledge.c.obj)
                0x00000000080078c0                9506f9c37a945216115ab5227293f46163fc6230
 .text.ENCJS_PLEDGE_OnSynchronize
                0x000000000800794c      0x1d0 C:\Users\Milosz\Desktop\magisterka\embenet_demo_src\embenet_node\lib\libembenet_node_amalgamate.a(encjs_pledge.c.obj)
                0x000000000800794c                d492673eb40b0122449614ddec3203e781e2c714
 .text.ENCJS_PLEDGE_OnConfirmation
                0x0000000008007b1c      0x1bc C:\Users\Milosz\Desktop\magisterka\embenet_demo_src\embenet_node\lib\libembenet_node_amalgamate.a(encjs_pledge.c.obj)
                0x0000000008007b1c                19861f752ed5b4a4fab486514c3b7aa2c914e6fa
 .text.ENCJS_PLEDGE_GetRequestPayload
                0x0000000008007cd8      0x12c C:\Users\Milosz\Desktop\magisterka\embenet_demo_src\embenet_node\lib\libembenet_node_amalgamate.a(encjs_pledge.c.obj)
                0x0000000008007cd8                ce7cfafa044c34a88028e8cf12995b3096f9f973
 .text.ENDIANNESS_NativeToBig
                0x0000000008007e04       0x14 C:\Users\Milosz\Desktop\magisterka\embenet_demo_src\embenet_node\lib\libembenet_node_amalgamate.a(encjs_proxy.c.obj)
 .text.onJrcPacket
                0x0000000008007e18      0x1d8 C:\Users\Milosz\Desktop\magisterka\embenet_demo_src\embenet_node\lib\libembenet_node_amalgamate.a(encjs_proxy.c.obj)
 .text.ENCJS_PROXY_Init
                0x0000000008007ff0       0x34 C:\Users\Milosz\Desktop\magisterka\embenet_demo_src\embenet_node\lib\libembenet_node_amalgamate.a(encjs_proxy.c.obj)
                0x0000000008007ff0                781f8340fa417dd87327132209f6d0b889d0ff2a
 .text.ENCJS_PROXY_Start
                0x0000000008008024       0x10 C:\Users\Milosz\Desktop\magisterka\embenet_demo_src\embenet_node\lib\libembenet_node_amalgamate.a(encjs_proxy.c.obj)
                0x0000000008008024                7d1d6e9032260bf29a701dae9a5813b859a1535c
 .text.ENCJS_PROXY_Stop
                0x0000000008008034       0x10 C:\Users\Milosz\Desktop\magisterka\embenet_demo_src\embenet_node\lib\libembenet_node_amalgamate.a(encjs_proxy.c.obj)
                0x0000000008008034                b3455a2b4a7c58716d32ab9ee32d439bee656865
 .text.ENCJS_PROXY_OnPledgeRequestPacket
                0x0000000008008044      0x200 C:\Users\Milosz\Desktop\magisterka\embenet_demo_src\embenet_node\lib\libembenet_node_amalgamate.a(encjs_proxy.c.obj)
                0x0000000008008044                27342039fe058efec7af5218a4abe449221e7bb4
 .text.openos_init
                0x0000000008008244       0x1c C:\Users\Milosz\Desktop\magisterka\embenet_demo_src\embenet_node\lib\libembenet_node_amalgamate.a(openos.c.obj)
                0x0000000008008244                bf6cd42aa4b8da9fc5f5650bf0a6c717df5ed505
 .text.openos_proc
                0x0000000008008260       0x78 C:\Users\Milosz\Desktop\magisterka\embenet_demo_src\embenet_node\lib\libembenet_node_amalgamate.a(openos.c.obj)
                0x0000000008008260                ef153328aa1040603d831896041b65ee1135a0ee
 .text.openos_push_task_impl
                0x00000000080082d8       0x74 C:\Users\Milosz\Desktop\magisterka\embenet_demo_src\embenet_node\lib\libembenet_node_amalgamate.a(openos.c.obj)
                0x00000000080082d8                openos_push_task_impl
 .text.openos_push_task
                0x000000000800834c        0x4 C:\Users\Milosz\Desktop\magisterka\embenet_demo_src\embenet_node\lib\libembenet_node_amalgamate.a(openos.c.obj)
                0x000000000800834c                1ccc4abfd47b530140fa698535d3d315df3ed28c
 .text.EMBENET_RCP_Serialize
                0x0000000008008350       0xa0 C:\Users\Milosz\Desktop\magisterka\embenet_demo_src\embenet_node\lib\libembenet_node_amalgamate.a(embenet_rcp.c.obj)
                0x0000000008008350                204a5825006ec0766c6949df6e4d08a716e57723
 .text.EMBENET_RCP_Deserialize
                0x00000000080083f0       0xcc C:\Users\Milosz\Desktop\magisterka\embenet_demo_src\embenet_node\lib\libembenet_node_amalgamate.a(embenet_rcp.c.obj)
                0x00000000080083f0                7bcd1c99dd9baca2a3b373f6b31172e89b03b9ce
 .text.ENDIANNESS_NativeToBig
                0x00000000080084bc       0x14 C:\Users\Milosz\Desktop\magisterka\embenet_demo_src\embenet_node\lib\libembenet_node_amalgamate.a(enms_node.c.obj)
 .text.ENDIANNESS_hton16
                0x00000000080084d0       0x1e C:\Users\Milosz\Desktop\magisterka\embenet_demo_src\embenet_node\lib\libembenet_node_amalgamate.a(enms_node.c.obj)
 *fill*         0x00000000080084ee        0x2 
 .text.sendStatusConfirmationIndication
                0x00000000080084f0      0x184 C:\Users\Milosz\Desktop\magisterka\embenet_demo_src\embenet_node\lib\libembenet_node_amalgamate.a(enms_node.c.obj)
 .text.enms_strlen_s
                0x0000000008008674       0x1c C:\Users\Milosz\Desktop\magisterka\embenet_demo_src\embenet_node\lib\libembenet_node_amalgamate.a(enms_node.c.obj)
 .text.sendCells
                0x0000000008008690      0x148 C:\Users\Milosz\Desktop\magisterka\embenet_demo_src\embenet_node\lib\libembenet_node_amalgamate.a(enms_node.c.obj)
 .text.sendNeighborhood
                0x00000000080087d8      0x120 C:\Users\Milosz\Desktop\magisterka\embenet_demo_src\embenet_node\lib\libembenet_node_amalgamate.a(enms_node.c.obj)
 .text.enmsTask
                0x00000000080088f8      0x248 C:\Users\Milosz\Desktop\magisterka\embenet_demo_src\embenet_node\lib\libembenet_node_amalgamate.a(enms_node.c.obj)
 .text.updRxHandler
                0x0000000008008b40      0x1b4 C:\Users\Milosz\Desktop\magisterka\embenet_demo_src\embenet_node\lib\libembenet_node_amalgamate.a(enms_node.c.obj)
 .text.ENMS_NODE_RegisterService
                0x0000000008008cf4       0xe4 C:\Users\Milosz\Desktop\magisterka\embenet_demo_src\embenet_node\lib\libembenet_node_amalgamate.a(enms_node.c.obj)
                0x0000000008008cf4                ENMS_NODE_RegisterService
 .text.ENMS_NODE_Init
                0x0000000008008dd8      0x194 C:\Users\Milosz\Desktop\magisterka\embenet_demo_src\embenet_node\lib\libembenet_node_amalgamate.a(enms_node.c.obj)
                0x0000000008008dd8                ENMS_NODE_Init
 .text.ENMS_NODE_SetServiceState
                0x0000000008008f6c       0x6c C:\Users\Milosz\Desktop\magisterka\embenet_demo_src\embenet_node\lib\libembenet_node_amalgamate.a(enms_node.c.obj)
                0x0000000008008f6c                ENMS_NODE_SetServiceState
 .text.ENMS_NODE_Start
                0x0000000008008fd8      0x138 C:\Users\Milosz\Desktop\magisterka\embenet_demo_src\embenet_node\lib\libembenet_node_amalgamate.a(enms_node.c.obj)
                0x0000000008008fd8                ENMS_NODE_Start
 .text.ENMS_NODE_Stop
                0x0000000008009110       0x44 C:\Users\Milosz\Desktop\magisterka\embenet_demo_src\embenet_node\lib\libembenet_node_amalgamate.a(enms_node.c.obj)
                0x0000000008009110                ENMS_NODE_Stop
 .text.LOGGER_PrintNL
                0x0000000008009154       0x10 C:\Users\Milosz\Desktop\magisterka\embenet_demo_src\embenet_node\lib\libembenet_node_amalgamate.a(logger.c.obj)
                0x0000000008009154                LOGGER_PrintNL
 .text.LOGGER_Print
                0x0000000008009164       0x24 C:\Users\Milosz\Desktop\magisterka\embenet_demo_src\embenet_node\lib\libembenet_node_amalgamate.a(logger.c.obj)
                0x0000000008009164                LOGGER_Print
 .text.LOGGER_StartSection
                0x0000000008009188        0xc C:\Users\Milosz\Desktop\magisterka\embenet_demo_src\embenet_node\lib\libembenet_node_amalgamate.a(logger.c.obj)
                0x0000000008009188                LOGGER_StartSection
 .text.LOGGER_EndSection
                0x0000000008009194        0x2 C:\Users\Milosz\Desktop\magisterka\embenet_demo_src\embenet_node\lib\libembenet_node_amalgamate.a(logger.c.obj)
                0x0000000008009194                LOGGER_EndSection
 *fill*         0x0000000008009196        0x2 
 .text.LOGGER_PrintHeader
                0x0000000008009198       0x3c C:\Users\Milosz\Desktop\magisterka\embenet_demo_src\embenet_node\lib\libembenet_node_amalgamate.a(logger.c.obj)
                0x0000000008009198                LOGGER_PrintHeader
 .text.LOGGER_PrintLine
                0x00000000080091d4       0x38 C:\Users\Milosz\Desktop\magisterka\embenet_demo_src\embenet_node\lib\libembenet_node_amalgamate.a(logger.c.obj)
                0x00000000080091d4                LOGGER_PrintLine
 .text._out_fct
                0x000000000800920c        0xa C:\Users\Milosz\Desktop\magisterka\embenet_demo_src\embenet_node\lib\libembenet_node_amalgamate.a(printf.c.obj)
 .text._out_rev.constprop.0
                0x0000000008009216       0x86 C:\Users\Milosz\Desktop\magisterka\embenet_demo_src\embenet_node\lib\libembenet_node_amalgamate.a(printf.c.obj)
 .text._ntoa_format.constprop.0
                0x000000000800929c      0x12c C:\Users\Milosz\Desktop\magisterka\embenet_demo_src\embenet_node\lib\libembenet_node_amalgamate.a(printf.c.obj)
 .text._ntoa_long.constprop.0
                0x00000000080093c8       0x82 C:\Users\Milosz\Desktop\magisterka\embenet_demo_src\embenet_node\lib\libembenet_node_amalgamate.a(printf.c.obj)
 .text._ntoa_long_long.constprop.0
                0x000000000800944a       0x9a C:\Users\Milosz\Desktop\magisterka\embenet_demo_src\embenet_node\lib\libembenet_node_amalgamate.a(printf.c.obj)
 *fill*         0x00000000080094e4        0x4 
 .text._vsnprintf.constprop.0
                0x00000000080094e8      0x7d8 C:\Users\Milosz\Desktop\magisterka\embenet_demo_src\embenet_node\lib\libembenet_node_amalgamate.a(printf.c.obj)
 .text.fctprintf
                0x0000000008009cc0       0x22 C:\Users\Milosz\Desktop\magisterka\embenet_demo_src\embenet_node\lib\libembenet_node_amalgamate.a(printf.c.obj)
                0x0000000008009cc0                5dd4cf8b4cc3211a4d064c2aba27f240e0c6a1fc
 .text.vfctprintf
                0x0000000008009ce2       0x16 C:\Users\Milosz\Desktop\magisterka\embenet_demo_src\embenet_node\lib\libembenet_node_amalgamate.a(printf.c.obj)
                0x0000000008009ce2                9d4397e1c276e28163cdc66582db3f5f3477f47c
 .text.CRC16_CCITT_InitCRC
                0x0000000008009cf8        0x6 C:\Users\Milosz\Desktop\magisterka\embenet_demo_src\embenet_node\lib\libembenet_node_amalgamate.a(crc16.c.obj)
                0x0000000008009cf8                02aa084aaa87b61bfa00c296d0ea733e41c0e799
 *fill*         0x0000000008009cfe        0x2 
 .text.CRC16_CCITT_UpdateCRC_Byte
                0x0000000008009d00       0x18 C:\Users\Milosz\Desktop\magisterka\embenet_demo_src\embenet_node\lib\libembenet_node_amalgamate.a(crc16.c.obj)
                0x0000000008009d00                a55289d6d9a545b04c48247397ce85f2938a20af
 .text.CRC16_CCITT_UpdateCRC_Buf
                0x0000000008009d18       0x1a C:\Users\Milosz\Desktop\magisterka\embenet_demo_src\embenet_node\lib\libembenet_node_amalgamate.a(crc16.c.obj)