Archive member included to satisfy reference by file (symbol)

C:\Users\Milosz\Desktop\magisterka\embenet_demo_src\embenet_node\lib\libembenet_node_amalgamate.a(embenet_node.c.obj)
                              ./Core/Src/main.o (EMBENET_NODE_GetUID)
C:\Users\Milosz\Desktop\magisterka\embenet_demo_src\embenet_node\lib\libembenet_node_amalgamate.a(embenet_node_stack.c.obj)
                              C:\Users\Milosz\Desktop\magisterka\embenet_demo_src\embenet_node\lib\libembenet_node_amalgamate.a(embenet_node.c.obj) (607ef4c5d978134bf6de78aa1fe1dcdf57b18695)
C:\Users\Milosz\Desktop\magisterka\embenet_demo_src\embenet_node\lib\libembenet_node_amalgamate.a(idmanager.c.obj)
                              C:\Users\Milosz\Desktop\magisterka\embenet_demo_src\embenet_node\lib\libembenet_node_amalgamate.a(embenet_node.c.obj) (62d16b48e9529b8b29eb67945bd8081213959681)
C:\Users\Milosz\Desktop\magisterka\embenet_demo_src\embenet_node\lib\libembenet_node_amalgamate.a(neighbors.c.obj)
                              C:\Users\Milosz\Desktop\magisterka\embenet_demo_src\embenet_node\lib\libembenet_node_amalgamate.a(embenet_node.c.obj) (a65a9e0e9d2172731582a842552346b36304a3e3)
C:\Users\Milosz\Desktop\magisterka\embenet_demo_src\embenet_node\lib\libembenet_node_amalgamate.a(openaddress.c.obj)
                              C:\Users\Milosz\Desktop\magisterka\embenet_demo_src\embenet_node\lib\libembenet_node_amalgamate.a(embenet_node.c.obj) (b4e42b26493966bc617e4c89906d69f121a97c96)
C:\Users\Milosz\Desktop\magisterka\embenet_demo_src\embenet_node\lib\libembenet_node_amalgamate.a(openqueue.c.obj)
                              C:\Users\Milosz\Desktop\magisterka\embenet_demo_src\embenet_node\lib\libembenet_node_amalgamate.a(embenet_node.c.obj) (8651bfcf35514b04809eb22bd8aa118172b46770)
C:\Users\Milosz\Desktop\magisterka\embenet_demo_src\embenet_node\lib\libembenet_node_amalgamate.a(bridge.c.obj)
                              C:\Users\Milosz\Desktop\magisterka\embenet_demo_src\embenet_node\lib\libembenet_node_amalgamate.a(embenet_node.c.obj) (accf98d4aa46c25b43fe3a2b56466c3df947c743)
C:\Users\Milosz\Desktop\magisterka\embenet_demo_src\embenet_node\lib\libembenet_node_amalgamate.a(event_timer.c.obj)
                              C:\Users\Milosz\Desktop\magisterka\embenet_demo_src\embenet_node\lib\libembenet_node_amalgamate.a(embenet_node.c.obj) (bbe099565971cd2d437b6a8e152f225cced7c4ee)
C:\Users\Milosz\Desktop\magisterka\embenet_demo_src\embenet_node\lib\libembenet_node_amalgamate.a(rng.c.obj)
                              C:\Users\Milosz\Desktop\magisterka\embenet_demo_src\embenet_node\lib\libembenet_node_amalgamate.a(embenet_node.c.obj) (da97346f7fa50b65fe6c97432d29b132cbef037c)
C:\Users\Milosz\Desktop\magisterka\embenet_demo_src\embenet_node\lib\libembenet_node_amalgamate.a(encjs_pledge.c.obj)
                              C:\Users\Milosz\Desktop\magisterka\embenet_demo_src\embenet_node\lib\libembenet_node_amalgamate.a(embenet_node.c.obj) (a2cfc355d32e55b8b56cc48ae29213a5fcc061ca)
C:\Users\Milosz\Desktop\magisterka\embenet_demo_src\embenet_node\lib\libembenet_node_amalgamate.a(encjs_proxy.c.obj)
                              C:\Users\Milosz\Desktop\magisterka\embenet_demo_src\embenet_node\lib\libembenet_node_amalgamate.a(embenet_node.c.obj) (781f8340fa417dd87327132209f6d0b889d0ff2a)
C:\Users\Milosz\Desktop\magisterka\embenet_demo_src\embenet_node\lib\libembenet_node_amalgamate.a(openos.c.obj)
                              C:\Users\Milosz\Desktop\magisterka\embenet_demo_src\embenet_node\lib\libembenet_node_amalgamate.a(embenet_node.c.obj) (bf6cd42aa4b8da9fc5f5650bf0a6c717df5ed505)
C:\Users\Milosz\Desktop\magisterka\embenet_demo_src\embenet_node\lib\libembenet_node_amalgamate.a(embenet_rcp.c.obj)
                              C:\Users\Milosz\Desktop\magisterka\embenet_demo_src\embenet_node\lib\libembenet_node_amalgamate.a(bridge.c.obj) (204a5825006ec0766c6949df6e4d08a716e57723)
C:\Users\Milosz\Desktop\magisterka\embenet_demo_src\embenet_node\lib\libembenet_node_amalgamate.a(enms_node.c.obj)
                              ./Core/Src/main.o (ENMS_NODE_Init)
C:\Users\Milosz\Desktop\magisterka\embenet_demo_src\embenet_node\lib\libembenet_node_amalgamate.a(mqttsn_client.c.obj)
                              ./Core/Src/mqttsn_client_service.o (MQTTSN_CLIENT_Init)
C:\Users\Milosz\Desktop\magisterka\embenet_demo_src\embenet_node\lib\libembenet_node_amalgamate.a(MQTTSNConnectClient.c.obj)
                              C:\Users\Milosz\Desktop\magisterka\embenet_demo_src\embenet_node\lib\libembenet_node_amalgamate.a(mqttsn_client.c.obj) (MQTTSNSerialize_connect)
C:\Users\Milosz\Desktop\magisterka\embenet_demo_src\embenet_node\lib\libembenet_node_amalgamate.a(MQTTSNPacket.c.obj)
                              C:\Users\Milosz\Desktop\magisterka\embenet_demo_src\embenet_node\lib\libembenet_node_amalgamate.a(MQTTSNConnectClient.c.obj) (MQTTSNPacket_len)
[...]
Memory Configuration

Name             Origin             Length             Attributes
RAM              0x0000000020000000 0x0000000000010000 xrw
RAM2             0x0000000010000000 0x0000000000008000 xrw
FLASH            0x0000000008000000 0x0000000000040000 xr
*default*        0x0000000000000000 0xffffffffffffffff

Linker script and memory map

LOAD c:/st/stm32cubeide_1.9.0/stm32cubeide/plugins/com.st.stm32cube.ide.mcu.externaltools.gnu-tools-for-stm32.10.3-2021.10.win32_1.0.0.202111181127/tools/bin/../lib/gcc/arm-none-eabi/10.3.1/thumb/v7e-m/nofp/crti.o
LOAD c:/st/stm32cubeide_1.9.0/stm32cubeide/plugins/com.st.stm32cube.ide.mcu.externaltools.gnu-tools-for-stm32.10.3-2021.10.win32_1.0.0.202111181127/tools/bin/../lib/gcc/arm-none-eabi/10.3.1/thumb/v7e-m/nofp/crtbegin.o
LOAD c:/st/stm32cubeide_1.9.0/stm32cubeide/plugins/com.st.stm32cube.ide.mcu.externaltools.gnu-tools-for-stm32.10.3-2021.10.win32_1.0.0.202111181127/tools/bin/../lib/gcc/arm-none-eabi/10.3.1/../../../../arm-none-eabi/lib/thumb/v7e-m/nofp/crt0.o
LOAD ./Core/Src/custom_service.o
LOAD ./Core/Src/gpio.o
LOAD ./Core/Src/main.o
LOAD ./Core/Src/mqttsn_client_service.o
LOAD ./Core/Src/ring_buffer.o
LOAD ./Core/Src/stm32wlxx_hal_msp.o
LOAD ./Core/Src/stm32wlxx_it.o
LOAD ./Core/Src/system_stm32wlxx.o
LOAD ./Core/Src/usart.o
LOAD ./Core/Starup/startup_stm32wl55jcix.o
LOAD ./Drivers/STM32WLxx_HAL_Driver/Src/stm32wlxx_hal.o
LOAD ./Drivers/STM32WLxx_HAL_Driver/Src/stm32wlxx_hal_cortex.o
LOAD ./Drivers/STM32WLxx_HAL_Driver/Src/stm32wlxx_hal_cryp.o
LOAD ./Drivers/STM32WLxx_HAL_Driver/Src/stm32wlxx_hal_cryp_ex.o
LOAD ./Drivers/STM32WLxx_HAL_Driver/Src/stm32wlxx_hal_dma.o
LOAD ./Drivers/STM32WLxx_HAL_Driver/Src/stm32wlxx_hal_dma_ex.o
LOAD ./Drivers/STM32WLxx_HAL_Driver/Src/stm32wlxx_hal_exti.o
LOAD ./Drivers/STM32WLxx_HAL_Driver/Src/stm32wlxx_hal_flash.o
LOAD ./Drivers/STM32WLxx_HAL_Driver/Src/stm32wlxx_hal_flash_ex.o
LOAD ./Drivers/STM32WLxx_HAL_Driver/Src/stm32wlxx_hal_gpio.o
LOAD ./Drivers/STM32WLxx_HAL_Driver/Src/stm32wlxx_hal_pwr.o
LOAD ./Drivers/STM32WLxx_HAL_Driver/Src/stm32wlxx_hal_pwr_ex.o
LOAD ./Drivers/STM32WLxx_HAL_Driver/Src/stm32wlxx_hal_rcc.o
LOAD ./Drivers/STM32WLxx_HAL_Driver/Src/stm32wlxx_hal_rcc_ex.o
LOAD ./Drivers/STM32WLxx_HAL_Driver/Src/stm32wlxx_hal_subghz.o
LOAD ./Drivers/STM32WLxx_HAL_Driver/Src/stm32wlxx_hal_tim.o
LOAD ./Drivers/STM32WLxx_HAL_Driver/Src/stm32wlxx_hal_tim_ex.o
LOAD ./Drivers/STM32WLxx_HAL_Driver/Src/stm32wlxx_ll_dma.o
LOAD ./Drivers/STM32WLxx_HAL_Driver/Src/stm32wlxx_ll_exti.o
LOAD ./Drivers/STM32WLxx_HAL_Driver/Src/stm32wlxx_ll_gpio.o
LOAD ./Drivers/STM32WLxx_HAL_Driver/Src/stm32wlxx_ll_lpuart.o
LOAD ./Drivers/STM32WLxx_HAL_Driver/Src/stm32wlxx_ll_rcc.o
LOAD ./Drivers/STM32WLxx_HAL_Driver/Src/stm32wlxx_ll_tim.o
LOAD ./Drivers/STM32WLxx_HAL_Driver/Src/stm32wlxx_ll_usart.o
LOAD ./Drivers/STM32WLxx_HAL_Driver/Src/stm32wlxx_ll_utils.o
LOAD ./embenet_node_bsp/embenet_node_stm32wle5_bsp_rf_impl.o
LOAD ./embenet_node_bsp/embenet_node_stm32wle5_bsp_uart_impl.o
LOAD ./embenet_node_port/src/embenet_aes128.o
LOAD ./embenet_node_port/src/embenet_brt.o
LOAD ./embenet_node_port/src/embenet_capabilities.o
LOAD ./embenet_node_port/src/embenet_critical_section.o
LOAD ./embenet_node_port/src/embenet_eui64.o
LOAD ./embenet_node_port/src/embenet_radio.o
LOAD ./embenet_node_port/src/embenet_random.o
LOAD ./embenet_node_port/src/embenet_timer.o
LOAD ./embenet_node_port/src/radio_driver.o
LOAD C:\Users\Milosz\Desktop\magisterka\embenet_demo_src\embenet_node\lib\libembenet_node_amalgamate.a
START GROUP
LOAD c:/st/stm32cubeide_1.9.0/stm32cubeide/plugins/com.st.stm32cube.ide.mcu.externaltools.gnu-tools-for-stm32.10.3-2021.10.win32_1.0.0.202111181127/tools/bin/../lib/gcc/arm-none-eabi/10.3.1/../../../../arm-none-eabi/lib/thumb/v7e-m/nofp\libc_nano.a
LOAD c:/st/stm32cubeide_1.9.0/stm32cubeide/plugins/com.st.stm32cube.ide.mcu.externaltools.gnu-tools-for-stm32.10.3-2021.10.win32_1.0.0.202111181127/tools/bin/../lib/gcc/arm-none-eabi/10.3.1/../../../../arm-none-eabi/lib/thumb/v7e-m/nofp\libm.a
END GROUP
START GROUP
LOAD c:/st/stm32cubeide_1.9.0/stm32cubeide/plugins/com.st.stm32cube.ide.mcu.externaltools.gnu-tools-for-stm32.10.3-2021.10.win32_1.0.0.202111181127/tools/bin/../lib/gcc/arm-none-eabi/10.3.1/thumb/v7e-m/nofp\libgcc.a
LOAD c:/st/stm32cubeide_1.9.0/stm32cubeide/plugins/com.st.stm32cube.ide.mcu.externaltools.gnu-tools-for-stm32.10.3-2021.10.win32_1.0.0.202111181127/tools/bin/../lib/gcc/arm-none-eabi/10.3.1/../../../../arm-none-eabi/lib/thumb/v7e-m/nofp\libc_nano.a
END GROUP
START GROUP
LOAD c:/st/stm32cubeide_1.9.0/stm32cubeide/plugins/com.st.stm32cube.ide.mcu.externaltools.gnu-tools-for-stm32.10.3-2021.10.win32_1.0.0.202111181127/tools/bin/../lib/gcc/arm-none-eabi/10.3.1/thumb/v7e-m/nofp\libgcc.a
LOAD c:/st/stm32cubeide_1.9.0/stm32cubeide/plugins/com.st.stm32cube.ide.mcu.externaltools.gnu-tools-for-stm32.10.3-2021.10.win32_1.0.0.202111181127/tools/bin/../lib/gcc/arm-none-eabi/10.3.1/../../../../arm-none-eabi/lib/thumb/v7e-m/nofp\libc_nano.a
LOAD c:/st/stm32cubeide_1.9.0/stm32cubeide/plugins/com.st.stm32cube.ide.mcu.externaltools.gnu-tools-for-stm32.10.3-2021.10.win32_1.0.0.202111181127/tools/bin/../lib/gcc/arm-none-eabi/10.3.1/../../../../arm-none-eabi/lib/thumb/v7e-m/nofp\libnosys.a
END GROUP
START GROUP
LOAD c:/st/stm32cubeide_1.9.0/stm32cubeide/plugins/com.st.stm32cube.ide.mcu.externaltools.gnu-tools-for-stm32.10.3-2021.10.win32_1.0.0.202111181127/tools/bin/../lib/gcc/arm-none-eabi/10.3.1/thumb/v7e-m/nofp\libgcc.a
LOAD c:/st/stm32cubeide_1.9.0/stm32cubeide/plugins/com.st.stm32cube.ide.mcu.externaltools.gnu-tools-for-stm32.10.3-2021.10.win32_1.0.0.202111181127/tools/bin/../lib/gcc/arm-none-eabi/10.3.1/../../../../arm-none-eabi/lib/thumb/v7e-m/nofp\libc_nano.a
LOAD c:/st/stm32cubeide_1.9.0/stm32cubeide/plugins/com.st.stm32cube.ide.mcu.externaltools.gnu-tools-for-stm32.10.3-2021.10.win32_1.0.0.202111181127/tools/bin/../lib/gcc/arm-none-eabi/10.3.1/../../../../arm-none-eabi/lib/thumb/v7e-m/nofp\libnosys.a
END GROUP
LOAD c:/st/stm32cubeide_1.9.0/stm32cubeide/plugins/com.st.stm32cube.ide.mcu.externaltools.gnu-tools-for-stm32.10.3-2021.10.win32_1.0.0.202111181127/tools/bin/../lib/gcc/arm-none-eabi/10.3.1/thumb/v7e-m/nofp/crtend.o
LOAD c:/st/stm32cubeide_1.9.0/stm32cubeide/plugins/com.st.stm32cube.ide.mcu.externaltools.gnu-tools-for-stm32.10.3-2021.10.win32_1.0.0.202111181127/tools/bin/../lib/gcc/arm-none-eabi/10.3.1/thumb/v7e-m/nofp/crtn.o
                0x0000000020010000                _estack = (ORIGIN (RAM) + LENGTH (RAM))
                0x0000000000000200                _Min_Heap_Size = 0x200
                0x0000000000000400                _Min_Stack_Size = 0x400

.isr_vector     0x0000000008000000      0x138
                0x0000000008000000                . = ALIGN (0x4)
 *(.isr_vector)
 .isr_vector    0x0000000008000000      0x138 ./Core/Starup/startup_stm32wl55jcix.o
                0x0000000008000000                g_pfnVectors
                0x0000000008000138                . = ALIGN (0x4)

.text           0x0000000008000140    0x24004
                0x0000000008000140                . = ALIGN (0x4)
 *(.text)
 .text          0x0000000008000140       0x40 c:/st/stm32cubeide_1.9.0/stm32cubeide/plugins/com.st.stm32cube.ide.mcu.externaltools.gnu-tools-for-stm32.10.3-2021.10.win32_1.0.0.202111181127/tools/bin/../lib/gcc/arm-none-eabi/10.3.1/thumb/v7e-m/nofp/crtbegin.o
 .text          0x0000000008000180       0xa0 c:/st/stm32cubeide_1.9.0/stm32cubeide/plugins/com.st.stm32cube.ide.mcu.externaltools.gnu-tools-for-stm32.10.3-2021.10.win32_1.0.0.202111181127/tools/bin/../lib/gcc/arm-none-eabi/10.3.1/../../../../arm-none-eabi/lib/thumb/v7e-m/nofp\libc_nano.a(lib_a-memchr.o)
                0x0000000008000180                memchr
 .text          0x0000000008000220      0x254 c:/st/stm32cubeide_1.9.0/stm32cubeide/plugins/com.st.stm32cube.ide.mcu.externaltools.gnu-tools-for-stm32.10.3-2021.10.win32_1.0.0.202111181127/tools/bin/../lib/gcc/arm-none-eabi/10.3.1/thumb/v7e-m/nofp\libgcc.a(_arm_muldf3.o)
                0x0000000008000220                __muldf3
                0x0000000008000220                __aeabi_dmul
 .text          0x0000000008000474      0x378 c:/st/stm32cubeide_1.9.0/stm32cubeide/plugins/com.st.stm32cube.ide.mcu.externaltools.gnu-tools-for-stm32.10.3-2021.10.win32_1.0.0.202111181127/tools/bin/../lib/gcc/arm-none-eabi/10.3.1/thumb/v7e-m/nofp\libgcc.a(_arm_addsubdf3.o)
                0x0000000008000474                __aeabi_drsub
                0x000000000800047c                __aeabi_dsub
                0x000000000800047c                __subdf3
                0x0000000008000480                __aeabi_dadd
                0x0000000008000480                __adddf3
                0x00000000080006f8                __floatunsidf
                0x00000000080006f8                __aeabi_ui2d
                0x0000000008000718                __floatsidf
                0x0000000008000718                __aeabi_i2d
                0x000000000800073c                __aeabi_f2d
                0x000000000800073c                __extendsfdf2
                0x0000000008000780                __floatundidf
                0x0000000008000780                __aeabi_ul2d
                0x0000000008000790                __floatdidf
                0x0000000008000790                __aeabi_l2d
 .text          0x00000000080007ec      0x110 c:/st/stm32cubeide_1.9.0/stm32cubeide/plugins/com.st.stm32cube.ide.mcu.externaltools.gnu-tools-for-stm32.10.3-2021.10.win32_1.0.0.202111181127/tools/bin/../lib/gcc/arm-none-eabi/10.3.1/thumb/v7e-m/nofp\libgcc.a(_arm_cmpdf2.o)
                0x00000000080007ec                __gtdf2
                0x00000000080007ec                __gedf2
                0x00000000080007f4                __ltdf2
                0x00000000080007f4                __ledf2
                0x00000000080007fc                __nedf2
                0x00000000080007fc                __eqdf2
                0x00000000080007fc                __cmpdf2
                0x0000000008000878                __aeabi_cdrcmple
                0x0000000008000888                __aeabi_cdcmpeq
                0x0000000008000888                __aeabi_cdcmple
                0x0000000008000898                __aeabi_dcmpeq
                0x00000000080008ac                __aeabi_dcmplt
                0x00000000080008c0                __aeabi_dcmple
                0x00000000080008d4                __aeabi_dcmpge
                0x00000000080008e8                __aeabi_dcmpgt
 .text          0x00000000080008fc       0x50 c:/st/stm32cubeide_1.9.0/stm32cubeide/plugins/com.st.stm32cube.ide.mcu.externaltools.gnu-tools-for-stm32.10.3-2021.10.win32_1.0.0.202111181127/tools/bin/../lib/gcc/arm-none-eabi/10.3.1/thumb/v7e-m/nofp\libgcc.a(_arm_fixdfsi.o)
                0x00000000080008fc                __aeabi_d2iz
                0x00000000080008fc                __fixdfsi
 .text          0x000000000800094c       0x40 c:/st/stm32cubeide_1.9.0/stm32cubeide/plugins/com.st.stm32cube.ide.mcu.externaltools.gnu-tools-for-stm32.10.3-2021.10.win32_1.0.0.202111181127/tools/bin/../lib/gcc/arm-none-eabi/10.3.1/thumb/v7e-m/nofp\libgcc.a(_arm_fixunsdfsi.o)
                0x000000000800094c                __aeabi_d2uiz
                0x000000000800094c                __fixunsdfsi
 .text          0x000000000800098c       0xa0 c:/st/stm32cubeide_1.9.0/stm32cubeide/plugins/com.st.stm32cube.ide.mcu.externaltools.gnu-tools-for-stm32.10.3-2021.10.win32_1.0.0.202111181127/tools/bin/../lib/gcc/arm-none-eabi/10.3.1/thumb/v7e-m/nofp\libgcc.a(_aeabi_ldivmod.o)
                0x000000000800098c                __aeabi_ldivmod
 .text          0x0000000008000a2c       0x30 c:/st/stm32cubeide_1.9.0/stm32cubeide/plugins/com.st.stm32cube.ide.mcu.externaltools.gnu-tools-for-stm32.10.3-2021.10.win32_1.0.0.202111181127/tools/bin/../lib/gcc/arm-none-eabi/10.3.1/thumb/v7e-m/nofp\libgcc.a(_aeabi_uldivmod.o)
                0x0000000008000a2c                __aeabi_uldivmod
 .text          0x0000000008000a5c      0x2d0 c:/st/stm32cubeide_1.9.0/stm32cubeide/plugins/com.st.stm32cube.ide.mcu.externaltools.gnu-tools-for-stm32.10.3-2021.10.win32_1.0.0.202111181127/tools/bin/../lib/gcc/arm-none-eabi/10.3.1/thumb/v7e-m/nofp\libgcc.a(_udivmoddi4.o)
                0x0000000008000a5c                __udivmoddi4
 .text          0x0000000008000d2c        0x4 c:/st/stm32cubeide_1.9.0/stm32cubeide/plugins/com.st.stm32cube.ide.mcu.externaltools.gnu-tools-for-stm32.10.3-2021.10.win32_1.0.0.202111181127/tools/bin/../lib/gcc/arm-none-eabi/10.3.1/thumb/v7e-m/nofp\libgcc.a(_dvmd_tls.o)
                0x0000000008000d2c                __aeabi_idiv0
                0x0000000008000d2c                __aeabi_ldiv0
 *(.text*)
 .text.LL_AHB2_GRP1_EnableClock
                0x0000000008000d30       0x18 ./Core/Src/gpio.o
 .text.MX_GPIO_Init
                0x0000000008000d48       0xc0 ./Core/Src/gpio.o
                0x0000000008000d48                MX_GPIO_Init
 .text.onQuickJoinCredentialsObsolete
                0x0000000008000e08        0xc ./Core/Src/main.o
 .text.dataOnUregisteredPort
                0x0000000008000e14        0xc ./Core/Src/main.o
 .text.onJoinAttempt
                0x0000000008000e20       0x20 ./Core/Src/main.o
 .text.onLeft   0x0000000008000e40       0x38 ./Core/Src/main.o
 .text.onJoined
                0x0000000008000e78       0x38 ./Core/Src/main.o
 .text.EXPECT_OnAbortHandler
                0x0000000008000eb0       0x14 ./Core/Src/main.o
                0x0000000008000eb0                EXPECT_OnAbortHandler
 .text._write   0x0000000008000ec4       0x10 ./Core/Src/main.o
                0x0000000008000ec4                _write
 .text.Error_Handler
                0x0000000008000ed4       0x24 ./Core/Src/main.o
                0x0000000008000ed4                Error_Handler
 .text.SystemClock_Config
                0x0000000008000ef8       0xcc ./Core/Src/main.o
                0x0000000008000ef8                SystemClock_Config
 .text.startup.main
                0x0000000008000fc4       0xa4 ./Core/Src/main.o
                0x0000000008000fc4                main
 .text.RingBuffer_Init
                0x0000000008001068       0x1e ./Core/Src/ring_buffer.o
                0x0000000008001068                RingBuffer_Init
 .text.RingBuffer_GetLen
                0x0000000008001086        0x6 ./Core/Src/ring_buffer.o
                0x0000000008001086                RingBuffer_GetLen
 .text.RingBuffer_PutChar
                0x000000000800108c       0x2e ./Core/Src/ring_buffer.o
                0x000000000800108c                RingBuffer_PutChar
 .text.RingBuffer_GetChar
                0x00000000080010ba       0x32 ./Core/Src/ring_buffer.o
                0x00000000080010ba                RingBuffer_GetChar
 .text.HAL_MspInit
                0x00000000080010ec        0x2 ./Core/Src/stm32wlxx_hal_msp.o
                0x00000000080010ec                HAL_MspInit
 *fill*         0x00000000080010ee        0x2 
 .text.NMI_Handler
                0x00000000080010f0       0x14 ./Core/Src/stm32wlxx_it.o
                0x00000000080010f0                NMI_Handler
 .text.HardFault_Handler
                0x0000000008001104       0x14 ./Core/Src/stm32wlxx_it.o
                0x0000000008001104                HardFault_Handler
 .text.MemManage_Handler
                0x0000000008001118       0x14 ./Core/Src/stm32wlxx_it.o
                0x0000000008001118                MemManage_Handler
 .text.BusFault_Handler
                0x000000000800112c       0x14 ./Core/Src/stm32wlxx_it.o
                0x000000000800112c                BusFault_Handler
 .text.UsageFault_Handler
                0x0000000008001140       0x14 ./Core/Src/stm32wlxx_it.o
                0x0000000008001140                UsageFault_Handler
 .text.SVC_Handler
                0x0000000008001154        0x2 ./Core/Src/stm32wlxx_it.o
                0x0000000008001154                SVC_Handler
 .text.DebugMon_Handler
                0x0000000008001156        0x2 ./Core/Src/stm32wlxx_it.o
                0x0000000008001156                DebugMon_Handler
 .text.PendSV_Handler
                0x0000000008001158        0x2 ./Core/Src/stm32wlxx_it.o
                0x0000000008001158                PendSV_Handler
 .text.SysTick_Handler
                0x000000000800115a        0x2 ./Core/Src/stm32wlxx_it.o
                0x000000000800115a                SysTick_Handler
 .text.SystemInit
                0x000000000800115c        0x2 ./Core/Src/system_stm32wlxx.o
                0x000000000800115c                SystemInit
 .text.NVIC_EncodePriority.constprop.0
                0x000000000800115e       0x2e ./Core/Src/usart.o
 .text.MX_USART1_UART_Init
                0x000000000800118c      0x12c ./Core/Src/usart.o
                0x000000000800118c                MX_USART1_UART_Init
 .text.LOGGER_UART_Init
                0x00000000080012b8        0x4 ./Core/Src/usart.o
                0x00000000080012b8                LOGGER_UART_Init
 .text.LOGGER_UART_Write
                0x00000000080012bc       0x48 ./Core/Src/usart.o
                0x00000000080012bc                LOGGER_UART_Write
 .text.USART1_IRQHandler
                0x0000000008001304       0x6c ./Core/Src/usart.o
                0x0000000008001304                USART1_IRQHandler
 .text.Reset_Handler
                0x0000000008001370       0x50 ./Core/Starup/startup_stm32wl55jcix.o
                0x0000000008001370                Reset_Handler
 .text.Default_Handler
                0x00000000080013c0        0x2 ./Core/Starup/startup_stm32wl55jcix.o
                0x00000000080013c0                RTC_Alarm_IRQHandler
                0x00000000080013c0                EXTI2_IRQHandler
                0x00000000080013c0                TIM1_CC_IRQHandler
                0x00000000080013c0                EXTI3_IRQHandler
                0x00000000080013c0                LPTIM2_IRQHandler
                0x00000000080013c0                I2C3_ER_IRQHandler
                0x00000000080013c0                LPTIM3_IRQHandler
                0x00000000080013c0                EXTI0_IRQHandler
                0x00000000080013c0                I2C2_EV_IRQHandler
                0x00000000080013c0                TAMP_STAMP_LSECSS_SSRU_IRQHandler
                0x00000000080013c0                SPI1_IRQHandler
                0x00000000080013c0                DMA2_Channel2_IRQHandler
                0x00000000080013c0                DMA1_Channel4_IRQHandler
                0x00000000080013c0                PKA_IRQHandler
                0x00000000080013c0                TIM17_IRQHandler
                0x00000000080013c0                DMA1_Channel7_IRQHandler
                0x00000000080013c0                SUBGHZSPI_IRQHandler
                0x00000000080013c0                IPCC_C1_TX_IRQHandler
                0x00000000080013c0                DMA2_Channel1_IRQHandler
                0x00000000080013c0                I2C1_EV_IRQHandler
                0x00000000080013c0                DMAMUX1_OVR_IRQHandler
                0x00000000080013c0                DMA1_Channel6_IRQHandler
                0x00000000080013c0                TIM16_IRQHandler
                0x00000000080013c0                DMA2_Channel4_IRQHandler
                0x00000000080013c0                RCC_IRQHandler
                0x00000000080013c0                TIM1_TRG_COM_IRQHandler
                0x00000000080013c0                DMA1_Channel1_IRQHandler
                0x00000000080013c0                Default_Handler
                0x00000000080013c0                DMA2_Channel7_IRQHandler
                0x00000000080013c0                EXTI15_10_IRQHandler
                0x00000000080013c0                IPCC_C1_RX_IRQHandler
                0x00000000080013c0                ADC_IRQHandler
                0x00000000080013c0                C2SEV_PWR_C2H_IRQHandler
                0x00000000080013c0                I2C3_EV_IRQHandler
                0x00000000080013c0                EXTI9_5_IRQHandler
                0x00000000080013c0                RTC_WKUP_IRQHandler
                0x00000000080013c0                PVD_PVM_IRQHandler
                0x00000000080013c0                SPI2_IRQHandler
                0x00000000080013c0                DMA2_Channel5_IRQHandler
                0x00000000080013c0                DMA1_Channel5_IRQHandler
                0x00000000080013c0                EXTI4_IRQHandler
                0x00000000080013c0                RNG_IRQHandler
                0x00000000080013c0                DMA1_Channel3_IRQHandler
                0x00000000080013c0                COMP_IRQHandler
                0x00000000080013c0                HSEM_IRQHandler
                0x00000000080013c0                TIM1_UP_IRQHandler
                0x00000000080013c0                WWDG_IRQHandler
                0x00000000080013c0                DMA2_Channel6_IRQHandler
                0x00000000080013c0                TIM1_BRK_IRQHandler
                0x00000000080013c0                DAC_IRQHandler
                0x00000000080013c0                EXTI1_IRQHandler
                0x00000000080013c0                AES_IRQHandler
                0x00000000080013c0                USART2_IRQHandler
                0x00000000080013c0                I2C2_ER_IRQHandler
                0x00000000080013c0                DMA1_Channel2_IRQHandler
                0x00000000080013c0                FLASH_IRQHandler
                0x00000000080013c0                I2C1_ER_IRQHandler
                0x00000000080013c0                LPTIM1_IRQHandler
                0x00000000080013c0                DMA2_Channel3_IRQHandler
 *fill*         0x00000000080013c2        0x2 
 .text.HAL_InitTick
                0x00000000080013c4       0x4c ./Drivers/STM32WLxx_HAL_Driver/Src/stm32wlxx_hal.o
                0x00000000080013c4                HAL_InitTick
 .text.HAL_Init
                0x0000000008001410       0x2c ./Drivers/STM32WLxx_HAL_Driver/Src/stm32wlxx_hal.o
                0x0000000008001410                HAL_Init
 .text.HAL_GetTick
                0x000000000800143c        0xc ./Drivers/STM32WLxx_HAL_Driver/Src/stm32wlxx_hal.o
                0x000000000800143c                HAL_GetTick
 .text.HAL_NVIC_SetPriorityGrouping
                0x0000000008001448       0x24 ./Drivers/STM32WLxx_HAL_Driver/Src/stm32wlxx_hal_cortex.o
                0x0000000008001448                HAL_NVIC_SetPriorityGrouping
 .text.HAL_NVIC_SetPriority
                0x000000000800146c       0x64 ./Drivers/STM32WLxx_HAL_Driver/Src/stm32wlxx_hal_cortex.o
                0x000000000800146c                HAL_NVIC_SetPriority
 .text.HAL_NVIC_EnableIRQ
                0x00000000080014d0       0x1c ./Drivers/STM32WLxx_HAL_Driver/Src/stm32wlxx_hal_cortex.o
                0x00000000080014d0                HAL_NVIC_EnableIRQ
 .text.HAL_NVIC_DisableIRQ
                0x00000000080014ec       0x28 ./Drivers/STM32WLxx_HAL_Driver/Src/stm32wlxx_hal_cortex.o
                0x00000000080014ec                HAL_NVIC_DisableIRQ
 .text.HAL_SYSTICK_Config
                0x0000000008001514       0x28 ./Drivers/STM32WLxx_HAL_Driver/Src/stm32wlxx_hal_cortex.o
                0x0000000008001514                HAL_SYSTICK_Config
 .text.CRYP_SetKey
                0x000000000800153c       0x42 ./Drivers/STM32WLxx_HAL_Driver/Src/stm32wlxx_hal_cryp.o
 .text.CRYP_WaitOnCCFlag
                0x000000000800157e       0x2e ./Drivers/STM32WLxx_HAL_Driver/Src/stm32wlxx_hal_cryp.o
 .text.CRYP_GCMCCM_SetHeaderPhase
                0x00000000080015ac      0x1f0 ./Drivers/STM32WLxx_HAL_Driver/Src/stm32wlxx_hal_cryp.o
 .text.HAL_CRYP_Init
                0x000000000800179c       0x46 ./Drivers/STM32WLxx_HAL_Driver/Src/stm32wlxx_hal_cryp.o
                0x000000000800179c                HAL_CRYP_Init
 .text.HAL_CRYP_DeInit
                0x00000000080017e2       0x2e ./Drivers/STM32WLxx_HAL_Driver/Src/stm32wlxx_hal_cryp.o
                0x00000000080017e2                HAL_CRYP_DeInit
 .text.HAL_CRYP_ErrorCallback
                0x0000000008001810        0x2 ./Drivers/STM32WLxx_HAL_Driver/Src/stm32wlxx_hal_cryp.o
                0x0000000008001810                HAL_CRYP_ErrorCallback
 .text.CRYP_AES_ProcessData
                0x0000000008001812       0xd2 ./Drivers/STM32WLxx_HAL_Driver/Src/stm32wlxx_hal_cryp.o
 .text.CRYP_AESCCM_Process
                0x00000000080018e4      0x1ce ./Drivers/STM32WLxx_HAL_Driver/Src/stm32wlxx_hal_cryp.o
 .text.CRYP_AESGCM_Process
                0x0000000008001ab2      0x1de ./Drivers/STM32WLxx_HAL_Driver/Src/stm32wlxx_hal_cryp.o
 .text.HAL_CRYP_Encrypt
                0x0000000008001c90      0x134 ./Drivers/STM32WLxx_HAL_Driver/Src/stm32wlxx_hal_cryp.o
                0x0000000008001c90                HAL_CRYP_Encrypt
 .text.HAL_CRYP_Decrypt
                0x0000000008001dc4      0x234 ./Drivers/STM32WLxx_HAL_Driver/Src/stm32wlxx_hal_cryp.o
                0x0000000008001dc4                HAL_CRYP_Decrypt
 .text.HAL_GPIO_Init
                0x0000000008001ff8      0x158 ./Drivers/STM32WLxx_HAL_Driver/Src/stm32wlxx_hal_gpio.o
                0x0000000008001ff8                HAL_GPIO_Init
 .text.HAL_GPIO_WritePin
                0x0000000008002150        0xa ./Drivers/STM32WLxx_HAL_Driver/Src/stm32wlxx_hal_gpio.o
                0x0000000008002150                HAL_GPIO_WritePin
 *fill*         0x000000000800215a        0x2 
 .text.HAL_RCC_GetSysClockFreq
                0x000000000800215c       0xdc ./Drivers/STM32WLxx_HAL_Driver/Src/stm32wlxx_hal_rcc.o
                0x000000000800215c                HAL_RCC_GetSysClockFreq
 .text.HAL_RCC_GetHCLKFreq
                0x0000000008002238       0x20 ./Drivers/STM32WLxx_HAL_Driver/Src/stm32wlxx_hal_rcc.o
                0x0000000008002238                HAL_RCC_GetHCLKFreq
 .text.LL_PWR_UnselectSUBGHZSPI_NSS
                0x0000000008002258       0x14 ./Drivers/STM32WLxx_HAL_Driver/Src/stm32wlxx_hal_subghz.o
 .text.LL_PWR_SelectSUBGHZSPI_NSS
                0x000000000800226c       0x14 ./Drivers/STM32WLxx_HAL_Driver/Src/stm32wlxx_hal_subghz.o
 .text.HAL_SUBGHZ_MspInit
                0x0000000008002280        0x2 ./Drivers/STM32WLxx_HAL_Driver/Src/stm32wlxx_hal_subghz.o
                0x0000000008002280                HAL_SUBGHZ_MspInit
 *fill*         0x0000000008002282        0x2 
 .text.SUBGHZSPI_Init
                0x0000000008002284       0x24 ./Drivers/STM32WLxx_HAL_Driver/Src/stm32wlxx_hal_subghz.o
                0x0000000008002284                SUBGHZSPI_Init
 .text.HAL_SUBGHZ_Init
                0x00000000080022a8       0xb8 ./Drivers/STM32WLxx_HAL_Driver/Src/stm32wlxx_hal_subghz.o
                0x00000000080022a8                HAL_SUBGHZ_Init
 .text.SUBGHZSPI_Transmit
                0x0000000008002360       0x68 ./Drivers/STM32WLxx_HAL_Driver/Src/stm32wlxx_hal_subghz.o
                0x0000000008002360                SUBGHZSPI_Transmit
 .text.SUBGHZSPI_Receive
                0x00000000080023c8       0x6c ./Drivers/STM32WLxx_HAL_Driver/Src/stm32wlxx_hal_subghz.o
                0x00000000080023c8                SUBGHZSPI_Receive
 .text.SUBGHZ_WaitOnBusy
                0x0000000008002434       0x48 ./Drivers/STM32WLxx_HAL_Driver/Src/stm32wlxx_hal_subghz.o
                0x0000000008002434                SUBGHZ_WaitOnBusy
 .text.SUBGHZ_CheckDeviceReady
                0x000000000800247c       0x38 ./Drivers/STM32WLxx_HAL_Driver/Src/stm32wlxx_hal_subghz.o
                0x000000000800247c                SUBGHZ_CheckDeviceReady
 .text.HAL_SUBGHZ_WriteRegisters
                0x00000000080024b4       0x72 ./Drivers/STM32WLxx_HAL_Driver/Src/stm32wlxx_hal_subghz.o
                0x00000000080024b4                HAL_SUBGHZ_WriteRegisters
 .text.HAL_SUBGHZ_ReadRegisters
                0x0000000008002526       0x76 ./Drivers/STM32WLxx_HAL_Driver/Src/stm32wlxx_hal_subghz.o
                0x0000000008002526                HAL_SUBGHZ_ReadRegisters
 .text.HAL_SUBGHZ_ExecSetCmd
                0x000000000800259c       0x70 ./Drivers/STM32WLxx_HAL_Driver/Src/stm32wlxx_hal_subghz.o
                0x000000000800259c                HAL_SUBGHZ_ExecSetCmd
 .text.HAL_SUBGHZ_ExecGetCmd
                0x000000000800260c       0x66 ./Drivers/STM32WLxx_HAL_Driver/Src/stm32wlxx_hal_subghz.o
                0x000000000800260c                HAL_SUBGHZ_ExecGetCmd
 .text.HAL_SUBGHZ_WriteBuffer
                0x0000000008002672       0x66 ./Drivers/STM32WLxx_HAL_Driver/Src/stm32wlxx_hal_subghz.o
                0x0000000008002672                HAL_SUBGHZ_WriteBuffer
 .text.HAL_SUBGHZ_ReadBuffer
                0x00000000080026d8       0x6e ./Drivers/STM32WLxx_HAL_Driver/Src/stm32wlxx_hal_subghz.o
                0x00000000080026d8                HAL_SUBGHZ_ReadBuffer
 .text.LL_GPIO_SetPinMode
                0x0000000008002746       0x2c ./Drivers/STM32WLxx_HAL_Driver/Src/stm32wlxx_ll_gpio.o
 .text.LL_GPIO_Init
                0x0000000008002772      0x10a ./Drivers/STM32WLxx_HAL_Driver/Src/stm32wlxx_ll_gpio.o
                0x0000000008002772                LL_GPIO_Init
 .text.LL_LPUART_Init
                0x000000000800287c       0xac ./Drivers/STM32WLxx_HAL_Driver/Src/stm32wlxx_ll_lpuart.o
                0x000000000800287c                LL_LPUART_Init
 .text.LL_RCC_HSE_IsEnabledDiv2
                0x0000000008002928        0xc ./Drivers/STM32WLxx_HAL_Driver/Src/stm32wlxx_ll_rcc.o
 .text.LL_RCC_HSI_IsReady
                0x0000000008002934        0xc ./Drivers/STM32WLxx_HAL_Driver/Src/stm32wlxx_ll_rcc.o
 .text.LL_RCC_LSE_IsReady
                0x0000000008002940        0xe ./Drivers/STM32WLxx_HAL_Driver/Src/stm32wlxx_ll_rcc.o
 .text.LL_RCC_MSI_IsEnabledRangeSelect
                0x000000000800294e        0xc ./Drivers/STM32WLxx_HAL_Driver/Src/stm32wlxx_ll_rcc.o
 *fill*         0x000000000800295a        0x2 
 .text.RCC_GetHCLK1ClockFreq
                0x000000000800295c       0x1c ./Drivers/STM32WLxx_HAL_Driver/Src/stm32wlxx_ll_rcc.o
 .text.RCC_GetPCLK1ClockFreq
                0x0000000008002978       0x18 ./Drivers/STM32WLxx_HAL_Driver/Src/stm32wlxx_ll_rcc.o
 .text.RCC_GetSystemClockFreq
                0x0000000008002990      0x144 ./Drivers/STM32WLxx_HAL_Driver/Src/stm32wlxx_ll_rcc.o
 .text.LL_RCC_GetSystemClocksFreq
                0x0000000008002ad4       0x60 ./Drivers/STM32WLxx_HAL_Driver/Src/stm32wlxx_ll_rcc.o
                0x0000000008002ad4                LL_RCC_GetSystemClocksFreq
 .text.LL_RCC_GetUSARTClockFreq
                0x0000000008002b34       0xa0 ./Drivers/STM32WLxx_HAL_Driver/Src/stm32wlxx_ll_rcc.o
                0x0000000008002b34                LL_RCC_GetUSARTClockFreq
 .text.LL_RCC_GetLPUARTClockFreq
                0x0000000008002bd4       0x58 ./Drivers/STM32WLxx_HAL_Driver/Src/stm32wlxx_ll_rcc.o
                0x0000000008002bd4                LL_RCC_GetLPUARTClockFreq
 .text.LL_TIM_DeInit
                0x0000000008002c2c       0x80 ./Drivers/STM32WLxx_HAL_Driver/Src/stm32wlxx_ll_tim.o
                0x0000000008002c2c                LL_TIM_DeInit
 .text.LL_TIM_Init
                0x0000000008002cac       0x74 ./Drivers/STM32WLxx_HAL_Driver/Src/stm32wlxx_ll_tim.o
                0x0000000008002cac                LL_TIM_Init
 .text.LL_TIM_OC_Init
                0x0000000008002d20      0x2a8 ./Drivers/STM32WLxx_HAL_Driver/Src/stm32wlxx_ll_tim.o
                0x0000000008002d20                LL_TIM_OC_Init
 .text.LL_USART_Init
                0x0000000008002fc8       0xbc ./Drivers/STM32WLxx_HAL_Driver/Src/stm32wlxx_ll_usart.o
                0x0000000008002fc8                LL_USART_Init
 .text.LL_SetSystemCoreClock
                0x0000000008003084        0xc ./Drivers/STM32WLxx_HAL_Driver/Src/stm32wlxx_ll_utils.o
                0x0000000008003084                LL_SetSystemCoreClock
 .text.EMBENET_NODE_BSP_GetTxOffset
                0x0000000008003090        0x4 ./embenet_node_bsp/embenet_node_stm32wle5_bsp_rf_impl.o
                0x0000000008003090                EMBENET_NODE_BSP_GetTxOffset
 .text.EMBENET_NODE_BSP_ConfigRFSwitch
                0x0000000008003094       0x6c ./embenet_node_bsp/embenet_node_stm32wle5_bsp_rf_impl.o
                0x0000000008003094                EMBENET_NODE_BSP_ConfigRFSwitch
 .text.EMBENET_NODE_BSP_RBI_Init
                0x0000000008003100       0x70 ./embenet_node_bsp/embenet_node_stm32wle5_bsp_rf_impl.o
                0x0000000008003100                EMBENET_NODE_BSP_RBI_Init
 .text.EMBENET_NODE_BSP_GetTxConfig
                0x0000000008003170        0x4 ./embenet_node_bsp/embenet_node_stm32wle5_bsp_rf_impl.o
                0x0000000008003170                EMBENET_NODE_BSP_GetTxConfig
 .text.EMBENET_NODE_BSP_UART_Init
                0x0000000008003174      0x10c ./embenet_node_bsp/embenet_node_stm32wle5_bsp_uart_impl.o
                0x0000000008003174                EMBENET_NODE_BSP_UART_Init
 .text.EMBENET_NODE_BSP_UART_WriteByte
                0x0000000008003280        0xc ./embenet_node_bsp/embenet_node_stm32wle5_bsp_uart_impl.o
                0x0000000008003280                EMBENET_NODE_BSP_UART_WriteByte
 .text.EMBENET_NODE_BSP_UART_ReadByte
                0x000000000800328c        0xc ./embenet_node_bsp/embenet_node_stm32wle5_bsp_uart_impl.o
                0x000000000800328c                EMBENET_NODE_BSP_UART_ReadByte
 .text.LPUART1_IRQHandler
                0x0000000008003298       0x5c ./embenet_node_bsp/embenet_node_stm32wle5_bsp_uart_impl.o
                0x0000000008003298                LPUART1_IRQHandler
 .text.HAL_CRYP_MspInit
                0x00000000080032f4       0x40 ./embenet_node_port/src/embenet_aes128.o
                0x00000000080032f4                HAL_CRYP_MspInit
 .text.HAL_CRYP_MspDeInit
                0x0000000008003334       0x20 ./embenet_node_port/src/embenet_aes128.o
                0x0000000008003334                HAL_CRYP_MspDeInit
 .text.EMBENET_AES128_Init
                0x0000000008003354       0x3c ./embenet_node_port/src/embenet_aes128.o
                0x0000000008003354                EMBENET_AES128_Init
 .text.EMBENET_AES128_SetKey
                0x0000000008003390       0x60 ./embenet_node_port/src/embenet_aes128.o
                0x0000000008003390                EMBENET_AES128_SetKey
 .text.EMBENET_AES128_Encrypt
                0x00000000080033f0       0x50 ./embenet_node_port/src/embenet_aes128.o
                0x00000000080033f0                EMBENET_AES128_Encrypt
 .text.EMBENET_AES128_Decrypt
                0x0000000008003440       0x50 ./embenet_node_port/src/embenet_aes128.o
                0x0000000008003440                EMBENET_AES128_Decrypt
 .text.uartWrite
                0x0000000008003490       0x34 ./embenet_node_port/src/embenet_brt.o
 .text.tx_isr   0x00000000080034c4       0x34 ./embenet_node_port/src/embenet_brt.o
                0x00000000080034c4                tx_isr
 .text.rx_isr   0x00000000080034f8       0x20 ./embenet_node_port/src/embenet_brt.o
                0x00000000080034f8                rx_isr
 .text.putByte  0x0000000008003518       0x1e ./embenet_node_port/src/embenet_brt.o
 *fill*         0x0000000008003536        0x2 
 .text.openhdlc_crc
                0x0000000008003538       0x14 ./embenet_node_port/src/embenet_brt.o
                0x0000000008003538                openhdlc_crc
 .text.EMBENET_BRT_Init
                0x000000000800354c       0x48 ./embenet_node_port/src/embenet_brt.o
                0x000000000800354c                EMBENET_BRT_Init
 .text.EMBENET_BRT_Send
                0x0000000008003594       0x46 ./embenet_node_port/src/embenet_brt.o
                0x0000000008003594                EMBENET_BRT_Send
 *fill*         0x00000000080035da        0x2 
 .text.EMBENET_BRT_Receive
                0x00000000080035dc      0x134 ./embenet_node_port/src/embenet_brt.o
                0x00000000080035dc                EMBENET_BRT_Receive
 .text.EMBENET_BRT_Reset
                0x0000000008003710       0x3c ./embenet_node_port/src/embenet_brt.o
                0x0000000008003710                EMBENET_BRT_Reset
 .text.EMBENET_CRITICAL_SECTION_Enter
                0x000000000800374c       0x20 ./embenet_node_port/src/embenet_critical_section.o
                0x000000000800374c                EMBENET_CRITICAL_SECTION_Enter
 .text.EMBENET_CRITICAL_SECTION_Exit
                0x000000000800376c       0x28 ./embenet_node_port/src/embenet_critical_section.o
                0x000000000800376c                EMBENET_CRITICAL_SECTION_Exit
 .text.EMBENET_EUI64_Get
                0x0000000008003794        0xc ./embenet_node_port/src/embenet_eui64.o
                0x0000000008003794                EMBENET_EUI64_Get
 .text.EMBENET_RADIO_SetCallbacks
                0x00000000080037a0       0x10 ./embenet_node_port/src/embenet_radio.o
                0x00000000080037a0                EMBENET_RADIO_SetCallbacks
 .text.EMBENET_RADIO_Idle
                0x00000000080037b0       0x10 ./embenet_node_port/src/embenet_radio.o
                0x00000000080037b0                EMBENET_RADIO_Idle
 .text.EMBENET_RADIO_Init
                0x00000000080037c0      0x158 ./embenet_node_port/src/embenet_radio.o
                0x00000000080037c0                EMBENET_RADIO_Init
 .text.EMBENET_RADIO_TxEnable
                0x0000000008003918       0x5c ./embenet_node_port/src/embenet_radio.o
                0x0000000008003918                EMBENET_RADIO_TxEnable
 .text.EMBENET_RADIO_TxNow
                0x0000000008003974       0x24 ./embenet_node_port/src/embenet_radio.o
                0x0000000008003974                EMBENET_RADIO_TxNow
 .text.EMBENET_RADIO_RxEnable
                0x0000000008003998       0x38 ./embenet_node_port/src/embenet_radio.o
                0x0000000008003998                EMBENET_RADIO_RxEnable
 .text.EMBENET_RADIO_RxNow
                0x00000000080039d0       0x1a ./embenet_node_port/src/embenet_radio.o
                0x00000000080039d0                EMBENET_RADIO_RxNow
 *fill*         0x00000000080039ea        0x2 
 .text.EMBENET_RADIO_GetReceivedFrame
                0x00000000080039ec       0x94 ./embenet_node_port/src/embenet_radio.o
                0x00000000080039ec                EMBENET_RADIO_GetReceivedFrame
 .text.EMBENET_RADIO_GetCapabilities
                0x0000000008003a80        0x8 ./embenet_node_port/src/embenet_radio.o
                0x0000000008003a80                EMBENET_RADIO_GetCapabilities
 .text.SUBGHZ_Radio_IRQHandler
                0x0000000008003a88       0xa8 ./embenet_node_port/src/embenet_radio.o
                0x0000000008003a88                SUBGHZ_Radio_IRQHandler
 .text.EMBENET_RANDOM_Get
                0x0000000008003b30        0x4 ./embenet_node_port/src/embenet_random.o
                0x0000000008003b30                EMBENET_RANDOM_Get
 .text.EMBENET_TIMER_Init
                0x0000000008003b34      0x108 ./embenet_node_port/src/embenet_timer.o
                0x0000000008003b34                EMBENET_TIMER_Init
 .text.EMBENET_TIMER_SetCompare
                0x0000000008003c3c       0x50 ./embenet_node_port/src/embenet_timer.o
                0x0000000008003c3c                EMBENET_TIMER_SetCompare
 .text.EMBENET_TIMER_ReadCounter
                0x0000000008003c8c        0xa ./embenet_node_port/src/embenet_timer.o
                0x0000000008003c8c                EMBENET_TIMER_ReadCounter
 .text.EMBENET_TIMER_GetMaxCompareDuration
                0x0000000008003c96        0x6 ./embenet_node_port/src/embenet_timer.o
                0x0000000008003c96                EMBENET_TIMER_GetMaxCompareDuration
 .text.TIM2_IRQHandler
                0x0000000008003c9c       0x30 ./embenet_node_port/src/embenet_timer.o
                0x0000000008003c9c                TIM2_IRQHandler
 .text.SUBGRF_WriteCommand
                0x0000000008003ccc       0x10 ./embenet_node_port/src/radio_driver.o
 .text.SUBGRF_SetStandby
                0x0000000008003cdc       0x2c ./embenet_node_port/src/radio_driver.o
                0x0000000008003cdc                SUBGRF_SetStandby
 .text.SUBGRF_SetFs
                0x0000000008003d08       0x18 ./embenet_node_port/src/radio_driver.o
                0x0000000008003d08                SUBGRF_SetFs
 .text.SUBGRF_SetTx
                0x0000000008003d20       0x2c ./embenet_node_port/src/radio_driver.o
                0x0000000008003d20                SUBGRF_SetTx
 .text.SUBGRF_SetRx
                0x0000000008003d4c       0x2c ./embenet_node_port/src/radio_driver.o
                0x0000000008003d4c                SUBGRF_SetRx
 .text.SUBGRF_SetStopRxTimerOnPreambleDetect
                0x0000000008003d78       0x18 ./embenet_node_port/src/radio_driver.o
                0x0000000008003d78                SUBGRF_SetStopRxTimerOnPreambleDetect
 .text.SUBGRF_SetRegulatorMode
                0x0000000008003d90       0x20 ./embenet_node_port/src/radio_driver.o
                0x0000000008003d90                SUBGRF_SetRegulatorMode
 .text.SUBGRF_Calibrate
                0x0000000008003db0       0x1c ./embenet_node_port/src/radio_driver.o
                0x0000000008003db0                SUBGRF_Calibrate
 .text.SUBGRF_CalibrateImage
                0x0000000008003dcc       0x78 ./embenet_node_port/src/radio_driver.o
                0x0000000008003dcc                SUBGRF_CalibrateImage
 .text.SUBGRF_SetPaConfig
                0x0000000008003e44       0x24 ./embenet_node_port/src/radio_driver.o
                0x0000000008003e44                SUBGRF_SetPaConfig
 .text.SUBGRF_SetRxTxFallbackMode
                0x0000000008003e68       0x18 ./embenet_node_port/src/radio_driver.o
                0x0000000008003e68                SUBGRF_SetRxTxFallbackMode
 .text.SUBGRF_SetDioIrqParams
                0x0000000008003e80       0x38 ./embenet_node_port/src/radio_driver.o
                0x0000000008003e80                SUBGRF_SetDioIrqParams
 .text.SUBGRF_SetTcxoMode
                0x0000000008003eb8       0x2c ./embenet_node_port/src/radio_driver.o
                0x0000000008003eb8                SUBGRF_SetTcxoMode
 .text.SUBGRF_SetRfFrequency
                0x0000000008003ee4       0x50 ./embenet_node_port/src/radio_driver.o
                0x0000000008003ee4                SUBGRF_SetRfFrequency
 .text.SUBGRF_SetBufferBaseAddress
                0x0000000008003f34       0x1a ./embenet_node_port/src/radio_driver.o
                0x0000000008003f34                SUBGRF_SetBufferBaseAddress
 *fill*         0x0000000008003f4e        0x2 
 .text.SUBGRF_GetPacketStatus
                0x0000000008003f50       0x80 ./embenet_node_port/src/radio_driver.o
                0x0000000008003f50                SUBGRF_GetPacketStatus
 .text.SUBGRF_WriteRegister
                0x0000000008003fd0       0x20 ./embenet_node_port/src/radio_driver.o
                0x0000000008003fd0                SUBGRF_WriteRegister
 .text.SUBGRF_SetPacketType
                0x0000000008003ff0       0x2c ./embenet_node_port/src/radio_driver.o
                0x0000000008003ff0                SUBGRF_SetPacketType
 .text.SUBGRF_SetModulationParams
                0x000000000800401c       0xf0 ./embenet_node_port/src/radio_driver.o
                0x000000000800401c                SUBGRF_SetModulationParams
 .text.SUBGRF_ReadRegister
                0x000000000800410c       0x20 ./embenet_node_port/src/radio_driver.o
                0x000000000800410c                SUBGRF_ReadRegister
 .text.Radio_SMPS_Set
                0x000000000800412c       0x2c ./embenet_node_port/src/radio_driver.o
 .text.SUBGRF_Init
                0x0000000008004158       0x7c ./embenet_node_port/src/radio_driver.o
                0x0000000008004158                SUBGRF_Init
 .text.SUBGRF_SetTxParams
                0x00000000080041d4       0x84 ./embenet_node_port/src/radio_driver.o
                0x00000000080041d4                SUBGRF_SetTxParams
 .text.SUBGRF_GetRxBufferStatus
                0x0000000008004258       0x4c ./embenet_node_port/src/radio_driver.o
                0x0000000008004258                SUBGRF_GetRxBufferStatus
 .text.SUBGRF_WriteRegisters
                0x00000000080042a4       0x10 ./embenet_node_port/src/radio_driver.o
                0x00000000080042a4                SUBGRF_WriteRegisters
 .text.SUBGRF_SetSyncWord
                0x00000000080042b4       0x12 ./embenet_node_port/src/radio_driver.o
                0x00000000080042b4                SUBGRF_SetSyncWord
 *fill*         0x00000000080042c6        0x2 
 .text.SUBGRF_SetCrcSeed
                0x00000000080042c8       0x28 ./embenet_node_port/src/radio_driver.o
                0x00000000080042c8                SUBGRF_SetCrcSeed
 .text.SUBGRF_SetCrcPolynomial
                0x00000000080042f0       0x28 ./embenet_node_port/src/radio_driver.o
                0x00000000080042f0                SUBGRF_SetCrcPolynomial
 .text.SUBGRF_SetPacketParams
                0x0000000008004318       0xe4 ./embenet_node_port/src/radio_driver.o
                0x0000000008004318                SUBGRF_SetPacketParams
 .text.SUBGRF_ReadRegisters
                0x00000000080043fc       0x10 ./embenet_node_port/src/radio_driver.o
                0x00000000080043fc                SUBGRF_ReadRegisters
 .text.SUBGRF_GetRandom
                0x000000000800440c       0x68 ./embenet_node_port/src/radio_driver.o
                0x000000000800440c                SUBGRF_GetRandom
 .text.SUBGRF_WriteBuffer
                0x0000000008004474       0x10 ./embenet_node_port/src/radio_driver.o
                0x0000000008004474                SUBGRF_WriteBuffer
 .text.SUBGRF_ReadBuffer
                0x0000000008004484       0x10 ./embenet_node_port/src/radio_driver.o
                0x0000000008004484                SUBGRF_ReadBuffer
 .text.SUBGRF_SetSwitch
                0x0000000008004494       0x2c ./embenet_node_port/src/radio_driver.o
                0x0000000008004494                SUBGRF_SetSwitch
 .text.SUBGRF_SetRfTxPower
                0x00000000080044c0       0x30 ./embenet_node_port/src/radio_driver.o
                0x00000000080044c0                SUBGRF_SetRfTxPower
 .text.ENDIANNESS_BigToNative
                0x00000000080044f0       0x4e C:\Users\Milosz\Desktop\magisterka\embenet_demo_src\embenet_node\lib\libembenet_node_amalgamate.a(embenet_node.c.obj)
 *fill*         0x000000000800453e        0x2 
 .text.translateUdpStatus
                0x0000000008004540       0x50 C:\Users\Milosz\Desktop\magisterka\embenet_demo_src\embenet_node\lib\libembenet_node_amalgamate.a(embenet_node.c.obj)
 .text.start    0x0000000008004590       0x68 C:\Users\Milosz\Desktop\magisterka\embenet_demo_src\embenet_node\lib\libembenet_node_amalgamate.a(embenet_node.c.obj)
 .text.stop     0x00000000080045f8       0x30 C:\Users\Milosz\Desktop\magisterka\embenet_demo_src\embenet_node\lib\libembenet_node_amalgamate.a(embenet_node.c.obj)
 .text.taskWrapper
                0x0000000008004628       0x44 C:\Users\Milosz\Desktop\magisterka\embenet_demo_src\embenet_node\lib\libembenet_node_amalgamate.a(embenet_node.c.obj)
 .text.scheduleNearestTasks
                0x000000000800466c      0x1a8 C:\Users\Milosz\Desktop\magisterka\embenet_demo_src\embenet_node\lib\libembenet_node_amalgamate.a(embenet_node.c.obj)
 .text.localTimeKeepingTask
                0x0000000008004814       0xc8 C:\Users\Milosz\Desktop\magisterka\embenet_demo_src\embenet_node\lib\libembenet_node_amalgamate.a(embenet_node.c.obj)
 .text.EMBENET_NODE_Init
                0x00000000080048dc      0x214 C:\Users\Milosz\Desktop\magisterka\embenet_demo_src\embenet_node\lib\libembenet_node_amalgamate.a(embenet_node.c.obj)
                0x00000000080048dc                EMBENET_NODE_Init
 .text.EMBENET_NODE_RootStart
                0x0000000008004af0       0x6c C:\Users\Milosz\Desktop\magisterka\embenet_demo_src\embenet_node\lib\libembenet_node_amalgamate.a(embenet_node.c.obj)
                0x0000000008004af0                EMBENET_NODE_RootStart
 .text.EMBENET_UDP_RegisterSocket
                0x0000000008004b5c       0x20 C:\Users\Milosz\Desktop\magisterka\embenet_demo_src\embenet_node\lib\libembenet_node_amalgamate.a(embenet_node.c.obj)
                0x0000000008004b5c                EMBENET_UDP_RegisterSocket
 .text.EMBENET_UDP_UnregisterSocket
                0x0000000008004b7c       0x20 C:\Users\Milosz\Desktop\magisterka\embenet_demo_src\embenet_node\lib\libembenet_node_amalgamate.a(embenet_node.c.obj)
                0x0000000008004b7c                EMBENET_UDP_UnregisterSocket
 .text.EMBENET_UDP_Send
                0x0000000008004b9c       0x44 C:\Users\Milosz\Desktop\magisterka\embenet_demo_src\embenet_node\lib\libembenet_node_amalgamate.a(embenet_node.c.obj)
                0x0000000008004b9c                EMBENET_UDP_Send
 .text.EMBENET_NODE_Proc
                0x0000000008004be0       0x58 C:\Users\Milosz\Desktop\magisterka\embenet_demo_src\embenet_node\lib\libembenet_node_amalgamate.a(embenet_node.c.obj)
                0x0000000008004be0                EMBENET_NODE_Proc
 .text.EMBENET_NODE_GetLocalTime
                0x0000000008004c38       0xcc C:\Users\Milosz\Desktop\magisterka\embenet_demo_src\embenet_node\lib\libembenet_node_amalgamate.a(embenet_node.c.obj)
                0x0000000008004c38                EMBENET_NODE_GetLocalTime
 .text.EMBENET_NODE_TaskCreate
                0x0000000008004d04      0x120 C:\Users\Milosz\Desktop\magisterka\embenet_demo_src\embenet_node\lib\libembenet_node_amalgamate.a(embenet_node.c.obj)
                0x0000000008004d04                EMBENET_NODE_TaskCreate
 .text.EMBENET_NODE_TaskSchedule
                0x0000000008004e24      0x39c C:\Users\Milosz\Desktop\magisterka\embenet_demo_src\embenet_node\lib\libembenet_node_amalgamate.a(embenet_node.c.obj)
                0x0000000008004e24                EMBENET_NODE_TaskSchedule
 .text.EMBENET_NODE_TaskCancel
                0x00000000080051c0       0x54 C:\Users\Milosz\Desktop\magisterka\embenet_demo_src\embenet_node\lib\libembenet_node_amalgamate.a(embenet_node.c.obj)
                0x00000000080051c0                EMBENET_NODE_TaskCancel
 .text.EMBENET_NODE_GetBorderRouterAddress
                0x0000000008005214       0x28 C:\Users\Milosz\Desktop\magisterka\embenet_demo_src\embenet_node\lib\libembenet_node_amalgamate.a(embenet_node.c.obj)
                0x0000000008005214                EMBENET_NODE_GetBorderRouterAddress
 .text.EMBENET_NODE_GetUID
                0x000000000800523c       0x28 C:\Users\Milosz\Desktop\magisterka\embenet_demo_src\embenet_node\lib\libembenet_node_amalgamate.a(embenet_node.c.obj)
                0x000000000800523c                EMBENET_NODE_GetUID
 .text.EMBENET_NODE_GetRandomValue
                0x0000000008005264       0x1c C:\Users\Milosz\Desktop\magisterka\embenet_demo_src\embenet_node\lib\libembenet_node_amalgamate.a(embenet_node.c.obj)
                0x0000000008005264                EMBENET_NODE_GetRandomValue
 .text.EMBENET_NODE_GetVersion
                0x0000000008005280       0x2c C:\Users\Milosz\Desktop\magisterka\embenet_demo_src\embenet_node\lib\libembenet_node_amalgamate.a(embenet_node.c.obj)
                0x0000000008005280                EMBENET_NODE_GetVersion
 .text.EMBENET_NODE_GetGroupCount
                0x00000000080052ac        0xe C:\Users\Milosz\Desktop\magisterka\embenet_demo_src\embenet_node\lib\libembenet_node_amalgamate.a(embenet_node.c.obj)
                0x00000000080052ac                EMBENET_NODE_GetGroupCount
 .text.EMBENET_NODE_GetGroupByIndex
                0x00000000080052ba       0x38 C:\Users\Milosz\Desktop\magisterka\embenet_demo_src\embenet_node\lib\libembenet_node_amalgamate.a(embenet_node.c.obj)
                0x00000000080052ba                EMBENET_NODE_GetGroupByIndex
 .text.ENDIANNESS_NativeToBig
                0x00000000080052f2       0x4e C:\Users\Milosz\Desktop\magisterka\embenet_demo_src\embenet_node\lib\libembenet_node_amalgamate.a(idmanager.c.obj)
 .text.IDMANAGER_Init
                0x0000000008005340       0xac C:\Users\Milosz\Desktop\magisterka\embenet_demo_src\embenet_node\lib\libembenet_node_amalgamate.a(idmanager.c.obj)
                0x0000000008005340                62d16b48e9529b8b29eb67945bd8081213959681
 .text.IDMANAGER_IsRoot
                0x00000000080053ec       0x28 C:\Users\Milosz\Desktop\magisterka\embenet_demo_src\embenet_node\lib\libembenet_node_amalgamate.a(idmanager.c.obj)
                0x00000000080053ec                cb03b4776ba370511f18aa83227a6716bbc89321
 .text.IDMANAGER_MakeRoot
                0x0000000008005414       0x60 C:\Users\Milosz\Desktop\magisterka\embenet_demo_src\embenet_node\lib\libembenet_node_amalgamate.a(idmanager.c.obj)
                0x0000000008005414                46db78497509f29217d6d083aca2de1a300413c6
 .text.IDMANAGER_GetID
                0x0000000008005474       0x70 C:\Users\Milosz\Desktop\magisterka\embenet_demo_src\embenet_node\lib\libembenet_node_amalgamate.a(idmanager.c.obj)
                0x0000000008005474                976f1995b2c83947a84b9c8a6775d2e1dcb20b1a
 .text.IDMANAGER_SetID
                0x00000000080054e4       0xa0 C:\Users\Milosz\Desktop\magisterka\embenet_demo_src\embenet_node\lib\libembenet_node_amalgamate.a(idmanager.c.obj)
                0x00000000080054e4                00481873317fdef387db1bb310377b408b8e47be
 .text.IDMANAGER_IsOwn
                0x0000000008005584       0xe8 C:\Users\Milosz\Desktop\magisterka\embenet_demo_src\embenet_node\lib\libembenet_node_amalgamate.a(idmanager.c.obj)
                0x0000000008005584                ef42a56931e541b0c8c1f2660a00aa81f857110a
 .text.ENDIANNESS_BigToNative
                0x000000000800566c       0x4e C:\Users\Milosz\Desktop\magisterka\embenet_demo_src\embenet_node\lib\libembenet_node_amalgamate.a(neighbors.c.obj)
 *fill*         0x00000000080056ba        0x2 
 .text.NEIGHBORS_Init
                0x00000000080056bc       0x34 C:\Users\Milosz\Desktop\magisterka\embenet_demo_src\embenet_node\lib\libembenet_node_amalgamate.a(neighbors.c.obj)
                0x00000000080056bc                a65a9e0e9d2172731582a842552346b36304a3e3
 .text.NEIGHBORS_GetNumNeighbors
                0x00000000080056f0       0x58 C:\Users\Milosz\Desktop\magisterka\embenet_demo_src\embenet_node\lib\libembenet_node_amalgamate.a(neighbors.c.obj)
                0x00000000080056f0                5dd6fb766eeca12f408d546c8d4a40a272e3f785
 .text.NEIGHBORS_GetNeighborInfo
                0x0000000008005748       0xe0 C:\Users\Milosz\Desktop\magisterka\embenet_demo_src\embenet_node\lib\libembenet_node_amalgamate.a(neighbors.c.obj)
                0x0000000008005748                NEIGHBORS_GetNeighborInfo
 .text.NEIGHBORS_GetRank
                0x0000000008005828       0x64 C:\Users\Milosz\Desktop\magisterka\embenet_demo_src\embenet_node\lib\libembenet_node_amalgamate.a(neighbors.c.obj)
                0x0000000008005828                8cfb94024ca5b6140fb568011b57a078749e2ff0
 .text.NEIGHBORS_SetRank
                0x000000000800588c       0x6c C:\Users\Milosz\Desktop\magisterka\embenet_demo_src\embenet_node\lib\libembenet_node_amalgamate.a(neighbors.c.obj)
                0x000000000800588c                231ee13350ba09f13191bc6eb894c2ea8bf59b41
 .text.NEIGHBORS_GetLinkStat
                0x00000000080058f8       0x9c C:\Users\Milosz\Desktop\magisterka\embenet_demo_src\embenet_node\lib\libembenet_node_amalgamate.a(neighbors.c.obj)
                0x00000000080058f8                734215ec60b076a73ccd748a6d2a9ef259a5be9c
 .text.NEIGHBORS_GetPdr
                0x0000000008005994       0xec C:\Users\Milosz\Desktop\magisterka\embenet_demo_src\embenet_node\lib\libembenet_node_amalgamate.a(neighbors.c.obj)
                0x0000000008005994                5b63cb34daec6664391bfc943c457a7558e21261
 .text.NEIGHBORS_GetLastHeardAsn
                0x0000000008005a80       0x74 C:\Users\Milosz\Desktop\magisterka\embenet_demo_src\embenet_node\lib\libembenet_node_amalgamate.a(neighbors.c.obj)
                0x0000000008005a80                7df3ba357f7f62320ead08135508bf101de27d80
 .text.NEIGHBORS_SetLastHeardAsn
                0x0000000008005af4       0x7c C:\Users\Milosz\Desktop\magisterka\embenet_demo_src\embenet_node\lib\libembenet_node_amalgamate.a(neighbors.c.obj)
                0x0000000008005af4                5004528a8ffa5581bbd161cf1057e8d5d3867843
 .text.NEIGHBORS_GetKaNeighbor
                0x0000000008005b70       0xa8 C:\Users\Milosz\Desktop\magisterka\embenet_demo_src\embenet_node\lib\libembenet_node_amalgamate.a(neighbors.c.obj)
                0x0000000008005b70                0fa1209e048698b86219960838c5b2bdc21151fc
 .text.NEIGHBORS_GetJoinProxy
                0x0000000008005c18       0xa8 C:\Users\Milosz\Desktop\magisterka\embenet_demo_src\embenet_node\lib\libembenet_node_amalgamate.a(neighbors.c.obj)
                0x0000000008005c18                08bb79b9d8122a54d175f9ca733eba1fe88f9bf1
 .text.NEIGHBORS_IsNoResource
                0x0000000008005cc0       0xd0 C:\Users\Milosz\Desktop\magisterka\embenet_demo_src\embenet_node\lib\libembenet_node_amalgamate.a(neighbors.c.obj)
                0x0000000008005cc0                4f011439265b330ba2d9f164eb1f6389866b01df
 .text.NEIGHBORS_SetNoResource
                0x0000000008005d90       0x94 C:\Users\Milosz\Desktop\magisterka\embenet_demo_src\embenet_node\lib\libembenet_node_amalgamate.a(neighbors.c.obj)
                0x0000000008005d90                027deecf67887395ef5db16208d3312ee727e45e
 .text.NEIGHBORS_GetSixtopSequenceNumber
                0x0000000008005e24       0x90 C:\Users\Milosz\Desktop\magisterka\embenet_demo_src\embenet_node\lib\libembenet_node_amalgamate.a(neighbors.c.obj)
                0x0000000008005e24                0a8a8543f799df9767389ce496f81ab8433a71f4
 .text.NEIGHBORS_IsNeighborWithHigherDAGrank
                0x0000000008005eb4       0x78 C:\Users\Milosz\Desktop\magisterka\embenet_demo_src\embenet_node\lib\libembenet_node_amalgamate.a(neighbors.c.obj)
                0x0000000008005eb4                91ad02464a5553c72b508f812e77f83c74a657ed
 .text.NEIGHBORS_IndicateRx
                0x0000000008005f2c      0x148 C:\Users\Milosz\Desktop\magisterka\embenet_demo_src\embenet_node\lib\libembenet_node_amalgamate.a(neighbors.c.obj)
                0x0000000008005f2c                9f1a6cf98ed84541f8f0a98d41c73f676d47aa86
 .text.NEIGHBORS_IndicateTx
                0x0000000008006074      0x15c C:\Users\Milosz\Desktop\magisterka\embenet_demo_src\embenet_node\lib\libembenet_node_amalgamate.a(neighbors.c.obj)
                0x0000000008006074                8c07271647b7d6eded14e64818e8777967155b78
 .text.NEIGHBORS_UpdateSixtopSequenceNumber
                0x00000000080061d0       0xb8 C:\Users\Milosz\Desktop\magisterka\embenet_demo_src\embenet_node\lib\libembenet_node_amalgamate.a(neighbors.c.obj)
                0x00000000080061d0                cf0ffb3730b01ad23c777b55262f1b704e362e5b
 .text.NEIGHBORS_ResetSixtopSequenceNumber
                0x0000000008006288       0x7c C:\Users\Milosz\Desktop\magisterka\embenet_demo_src\embenet_node\lib\libembenet_node_amalgamate.a(neighbors.c.obj)
                0x0000000008006288                cbc0e88a681a951e559d988b61bbaa7895224382
 .text.NEIGHBORS_UpdateMacSequenceNumber
                0x0000000008006304       0x9c C:\Users\Milosz\Desktop\magisterka\embenet_demo_src\embenet_node\lib\libembenet_node_amalgamate.a(neighbors.c.obj)
                0x0000000008006304                5e760e12acdfba35bd9ad67595126b5a8623f934
 .text.NEIGHBORS_IsDuplicate
                0x00000000080063a0       0xf0 C:\Users\Milosz\Desktop\magisterka\embenet_demo_src\embenet_node\lib\libembenet_node_amalgamate.a(neighbors.c.obj)
                0x00000000080063a0                e5d2a5998d8277723156e3d7efef427ee7af0c3f
 .text.NEIGHBORS_GetEui64
                0x0000000008006490       0x70 C:\Users\Milosz\Desktop\magisterka\embenet_demo_src\embenet_node\lib\libembenet_node_amalgamate.a(neighbors.c.obj)
                0x0000000008006490                b7be15738b198492e50cb8023d171fca112169af
 .text.NEIGHBORS_IsIndexUsed
                0x0000000008006500       0x4c C:\Users\Milosz\Desktop\magisterka\embenet_demo_src\embenet_node\lib\libembenet_node_amalgamate.a(neighbors.c.obj)
                0x0000000008006500                f978182667c580e22e6ae7bda9ab6a3b6ebffcb1
 .text.NEIGHBORS_ClearParent
                0x000000000800654c       0x2c C:\Users\Milosz\Desktop\magisterka\embenet_demo_src\embenet_node\lib\libembenet_node_amalgamate.a(neighbors.c.obj)
                0x000000000800654c                a1f453367df5fb7326959ac01438704c8522c5f4
 .text.NEIGHBORS_SetParent
                0x0000000008006578       0x70 C:\Users\Milosz\Desktop\magisterka\embenet_demo_src\embenet_node\lib\libembenet_node_amalgamate.a(neighbors.c.obj)
                0x0000000008006578                bc730516ff4e3e92f0649500c5c053783837fa16
 .text.NEIGHBORS_GetParent
                0x00000000080065e8       0x58 C:\Users\Milosz\Desktop\magisterka\embenet_demo_src\embenet_node\lib\libembenet_node_amalgamate.a(neighbors.c.obj)
                0x00000000080065e8                aa4ba635fab2a57cfac739bffc367cf6103ea92f
 .text.NEIGHBORS_IsParent
                0x0000000008006640       0x40 C:\Users\Milosz\Desktop\magisterka\embenet_demo_src\embenet_node\lib\libembenet_node_amalgamate.a(neighbors.c.obj)
                0x0000000008006640                fdce4034d9451f08e0a61574976ed9ce452b5ba4
 .text.NEIGHBORS_RemoveOld
                0x0000000008006680      0x120 C:\Users\Milosz\Desktop\magisterka\embenet_demo_src\embenet_node\lib\libembenet_node_amalgamate.a(neighbors.c.obj)
                0x0000000008006680                aee20a6aed232d40647d21a3bace71ea0c450c20
 .text.NEIGHBORS_SetTxCellToParentOffset
                0x00000000080067a0       0x70 C:\Users\Milosz\Desktop\magisterka\embenet_demo_src\embenet_node\lib\libembenet_node_amalgamate.a(neighbors.c.obj)
                0x00000000080067a0                8a74e7031ce6bc2ae0c06fa9b4f66a6dea2edd3c
 .text.NEIGHBORS_GetTxCellToParentOffset
                0x0000000008006810       0x68 C:\Users\Milosz\Desktop\magisterka\embenet_demo_src\embenet_node\lib\libembenet_node_amalgamate.a(neighbors.c.obj)
                0x0000000008006810                284c3d2939813df9bbc67851898b3a4c94b0a9cc
 .text.NEIGHBORS_RegisterNew
                0x0000000008006878      0x2c8 C:\Users\Milosz\Desktop\magisterka\embenet_demo_src\embenet_node\lib\libembenet_node_amalgamate.a(neighbors.c.obj)
                0x0000000008006878                d5581a03a7943b95f7fabafbaf8177c4d06e5b3a
 .text.NEIGHBORS_Remove
                0x0000000008006b40       0x58 C:\Users\Milosz\Desktop\magisterka\embenet_demo_src\embenet_node\lib\libembenet_node_amalgamate.a(neighbors.c.obj)
                0x0000000008006b40                fe38e6e5657dc5f9f46adbfbc4370c9f738626b5
 .text.NEIGHBORS_RemoveAll
                0x0000000008006b98       0x54 C:\Users\Milosz\Desktop\magisterka\embenet_demo_src\embenet_node\lib\libembenet_node_amalgamate.a(neighbors.c.obj)
                0x0000000008006b98                112b6c7ff0378e3d771f72ee1fe6c65d1cd5ff37
 .text.NEIGHBORS_GetIndex
                0x0000000008006bec       0x74 C:\Users\Milosz\Desktop\magisterka\embenet_demo_src\embenet_node\lib\libembenet_node_amalgamate.a(neighbors.c.obj)
                0x0000000008006bec                52a2c697077f87280125159eda12d46a7578d4b9
 .text.NEIGHBORS_IsChild
                0x0000000008006c60       0x68 C:\Users\Milosz\Desktop\magisterka\embenet_demo_src\embenet_node\lib\libembenet_node_amalgamate.a(neighbors.c.obj)
                0x0000000008006c60                5cf48605db24e77c7dc4310895ecb68238b276e7
 .text.NEIGHBORS_SetAsChild
                0x0000000008006cc8       0x70 C:\Users\Milosz\Desktop\magisterka\embenet_demo_src\embenet_node\lib\libembenet_node_amalgamate.a(neighbors.c.obj)
                0x0000000008006cc8                ca04a83f27bd1933b342c8619a464a402518176b
 .text.NEIGHBORS_GetChildrenCount
                0x0000000008006d38       0x68 C:\Users\Milosz\Desktop\magisterka\embenet_demo_src\embenet_node\lib\libembenet_node_amalgamate.a(neighbors.c.obj)
                0x0000000008006d38                963d67651eaddeb307ab0b02134cee28199d533d
 .text.NEIGHBORS_GetParentRelocationAttempts
                0x0000000008006da0       0x54 C:\Users\Milosz\Desktop\magisterka\embenet_demo_src\embenet_node\lib\libembenet_node_amalgamate.a(neighbors.c.obj)
                0x0000000008006da0                a72cb89288ba405a2fc975c124a720574840c109
 .text.NEIGHBORS_SetParentRelocationAttempts
                0x0000000008006df4       0x5c C:\Users\Milosz\Desktop\magisterka\embenet_demo_src\embenet_node\lib\libembenet_node_amalgamate.a(neighbors.c.obj)
                0x0000000008006df4                201075ddfc12155ac10a81b74045472dd935ece2
 .text.isNeighbor
                0x0000000008006e50       0x6c C:\Users\Milosz\Desktop\magisterka\embenet_demo_src\embenet_node\lib\libembenet_node_amalgamate.a(neighbors.c.obj)
 .text.removeNeighbor
                0x0000000008006ebc       0x74 C:\Users\Milosz\Desktop\magisterka\embenet_demo_src\embenet_node\lib\libembenet_node_amalgamate.a(neighbors.c.obj)
 .text.ADDR_GetLength
                0x0000000008006f30       0x5c C:\Users\Milosz\Desktop\magisterka\embenet_demo_src\embenet_node\lib\libembenet_node_amalgamate.a(openaddress.c.obj)
 .text.ENDIANNESS_BigToNative
                0x0000000008006f8c       0x4e C:\Users\Milosz\Desktop\magisterka\embenet_demo_src\embenet_node\lib\libembenet_node_amalgamate.a(openaddress.c.obj)
 *fill*         0x0000000008006fda        0x2 
 .text.ADDR_Ip128bToMac64b
                0x0000000008006fdc       0xb4 C:\Users\Milosz\Desktop\magisterka\embenet_demo_src\embenet_node\lib\libembenet_node_amalgamate.a(openaddress.c.obj)
                0x0000000008006fdc                c830e52416e40936b7f282734abfc3137eeaf4dc
 .text.ADDR_Ip128bToPrefix
                0x0000000008007090       0xb8 C:\Users\Milosz\Desktop\magisterka\embenet_demo_src\embenet_node\lib\libembenet_node_amalgamate.a(openaddress.c.obj)
                0x0000000008007090                2af6233fa7118fd11caf81b4f86d81e84f105465
 .text.ADDR_Mac64bToIp128b
                0x0000000008007148       0xcc C:\Users\Milosz\Desktop\magisterka\embenet_demo_src\embenet_node\lib\libembenet_node_amalgamate.a(openaddress.c.obj)
                0x0000000008007148                e1f09b154ce8c1c840a8dd2e4c2e0aa8149bfcd4
 .text.ADDR_Mac64bToMac16b
                0x0000000008007214       0x94 C:\Users\Milosz\Desktop\magisterka\embenet_demo_src\embenet_node\lib\libembenet_node_amalgamate.a(openaddress.c.obj)
                0x0000000008007214                b4e42b26493966bc617e4c89906d69f121a97c96
 .text.ADDR_Mac16bToMac64b
                0x00000000080072a8       0xa4 C:\Users\Milosz\Desktop\magisterka\embenet_demo_src\embenet_node\lib\libembenet_node_amalgamate.a(openaddress.c.obj)
                0x00000000080072a8                9730579196d24a2a06a66ac441c59b7f99b57834
 .text.ADDR_Mac16bToMulticastIp128b
                0x000000000800734c      0x130 C:\Users\Milosz\Desktop\magisterka\embenet_demo_src\embenet_node\lib\libembenet_node_amalgamate.a(openaddress.c.obj)
                0x000000000800734c                144ed7de545b4a42832ce04a16bf065a50d4ff30
 .text.ADDR_GetEUI64
                0x000000000800747c       0x98 C:\Users\Milosz\Desktop\magisterka\embenet_demo_src\embenet_node\lib\libembenet_node_amalgamate.a(openaddress.c.obj)
                0x000000000800747c                bd0efe2f4ea1bc3c059d1e48499cdcc14a5db53b
 .text.ADDR_GetGroupId
                0x0000000008007514       0x84 C:\Users\Milosz\Desktop\magisterka\embenet_demo_src\embenet_node\lib\libembenet_node_amalgamate.a(openaddress.c.obj)
                0x0000000008007514                f26cfbfa45ddc428fa93a21aa284ea921322a858
 .text.ADDR_IsBroadcastMulticast
                0x0000000008007598       0x90 C:\Users\Milosz\Desktop\magisterka\embenet_demo_src\embenet_node\lib\libembenet_node_amalgamate.a(openaddress.c.obj)
                0x0000000008007598                2de8c5d05f60c15cf061eba17324436038284da6
 .text.ADDR_IsAllRoutersMulticast
                0x0000000008007628       0xa0 C:\Users\Milosz\Desktop\magisterka\embenet_demo_src\embenet_node\lib\libembenet_node_amalgamate.a(openaddress.c.obj)
                0x0000000008007628                271b2dbe31e411eac579adb987eb6de74d66e6b2
 .text.ADDR_IsAllHostsMulticast
                0x00000000080076c8       0xa0 C:\Users\Milosz\Desktop\magisterka\embenet_demo_src\embenet_node\lib\libembenet_node_amalgamate.a(openaddress.c.obj)
                0x00000000080076c8                2ab4f7466be7c52a3baa6ff62574d1f49ba464e7
 .text.ADDR_IsLinkLocal
                0x0000000008007768       0x3c C:\Users\Milosz\Desktop\magisterka\embenet_demo_src\embenet_node\lib\libembenet_node_amalgamate.a(openaddress.c.obj)
                0x0000000008007768                4568fced62f20053a59091f5ee26eed63ee62b0d
 .text.ADDR_IsSameAddress
                0x00000000080077a4       0x46 C:\Users\Milosz\Desktop\magisterka\embenet_demo_src\embenet_node\lib\libembenet_node_amalgamate.a(openaddress.c.obj)
                0x00000000080077a4                32ee1897f5dd097f851de45186212ed2e150a0c5
 *fill*         0x00000000080077ea        0x2 
 .text.ADDR_Print
                0x00000000080077ec      0x118 C:\Users\Milosz\Desktop\magisterka\embenet_demo_src\embenet_node\lib\libembenet_node_amalgamate.a(openaddress.c.obj)
                0x00000000080077ec                706a956218859121b399480423d2fbe6bb70cd71
 .text.ADDR_GetLinkLocalPrefix
                0x0000000008007904       0x14 C:\Users\Milosz\Desktop\magisterka\embenet_demo_src\embenet_node\lib\libembenet_node_amalgamate.a(openaddress.c.obj)
                0x0000000008007904                3c5e9d665a63e4e817bae7c8fa4bc5f3c0cfa1bb
 .text.QUEUE_Init
                0x0000000008007918       0xc0 C:\Users\Milosz\Desktop\magisterka\embenet_demo_src\embenet_node\lib\libembenet_node_amalgamate.a(openqueue.c.obj)
                0x0000000008007918                8651bfcf35514b04809eb22bd8aa118172b46770
 .text.QUEUE_AllocateToForward
                0x00000000080079d8      0x1d4 C:\Users\Milosz\Desktop\magisterka\embenet_demo_src\embenet_node\lib\libembenet_node_amalgamate.a(openqueue.c.obj)
                0x00000000080079d8                4b9793db96fa05ad63a954fae76e17c90da5d34d
 .text.QUEUE_Allocate
                0x0000000008007bac      0x218 C:\Users\Milosz\Desktop\magisterka\embenet_demo_src\embenet_node\lib\libembenet_node_amalgamate.a(openqueue.c.obj)
                0x0000000008007bac                331ec243926b1d9fd1d86c735e311ea19678e45f
 .text.QUEUE_Free
                0x0000000008007dc4       0xc8 C:\Users\Milosz\Desktop\magisterka\embenet_demo_src\embenet_node\lib\libembenet_node_amalgamate.a(openqueue.c.obj)
                0x0000000008007dc4                218a9716e8ca33d3905e4d5d678efcb718f6f31f
 .text.QUEUE_FreeCreatedBy
                0x0000000008007e8c       0x7c C:\Users\Milosz\Desktop\magisterka\embenet_demo_src\embenet_node\lib\libembenet_node_amalgamate.a(openqueue.c.obj)
                0x0000000008007e8c                f9d7d5c68ea55258d57b5d3bc3540348dc13b74e
 .text.QUEUE_FreeOld
                0x0000000008007f08       0xcc C:\Users\Milosz\Desktop\magisterka\embenet_demo_src\embenet_node\lib\libembenet_node_amalgamate.a(openqueue.c.obj)
                0x0000000008007f08                77b737f3175c59c67851de07d0921a2dae9a70ab
 .text.QUEUE_FreeAll
                0x0000000008007fd4       0x4c C:\Users\Milosz\Desktop\magisterka\embenet_demo_src\embenet_node\lib\libembenet_node_amalgamate.a(openqueue.c.obj)
                0x0000000008007fd4                5abd2f358b9e462fcede09cdd96a94c4ca379573
 .text.QUEUE_GetFreeCount
                0x0000000008008020       0x58 C:\Users\Milosz\Desktop\magisterka\embenet_demo_src\embenet_node\lib\libembenet_node_amalgamate.a(openqueue.c.obj)
                0x0000000008008020                e1319048c142912ea91dcc918ab796551ce50481
 .text.QUEUE_MacNotifySuperframeStart
                0x0000000008008078       0xa8 C:\Users\Milosz\Desktop\magisterka\embenet_demo_src\embenet_node\lib\libembenet_node_amalgamate.a(openqueue.c.obj)
                0x0000000008008078                QUEUE_MacNotifySuperframeStart
 .text.QUEUE_SixtopGetSentPacket
                0x0000000008008120       0x78 C:\Users\Milosz\Desktop\magisterka\embenet_demo_src\embenet_node\lib\libembenet_node_amalgamate.a(openqueue.c.obj)
                0x0000000008008120                207e15ee7bccb2eb76dd4c1d27604170dc079160
 .text.QUEUE_SixtopGetReceivedPacket
                0x0000000008008198       0x78 C:\Users\Milosz\Desktop\magisterka\embenet_demo_src\embenet_node\lib\libembenet_node_amalgamate.a(openqueue.c.obj)
                0x0000000008008198                52883b33bb80ca8d67a0717f5cdfbf4b90874f00
 .text.QUEUE_SixtopGetReqCount
                0x0000000008008210       0xa4 C:\Users\Milosz\Desktop\magisterka\embenet_demo_src\embenet_node\lib\libembenet_node_amalgamate.a(openqueue.c.obj)
                0x0000000008008210                43f11770a6d1a267a732a77a0ad450aed83746a6
 .text.QUEUE_SixtopGetRespCount
                0x00000000080082b4       0x6c C:\Users\Milosz\Desktop\magisterka\embenet_demo_src\embenet_node\lib\libembenet_node_amalgamate.a(openqueue.c.obj)
                0x00000000080082b4                794cbfdf72fe426231c38719436bf778a99748c2
 .text.QUEUE_SixtopRemoveReq
                0x0000000008008320       0xd4 C:\Users\Milosz\Desktop\magisterka\embenet_demo_src\embenet_node\lib\libembenet_node_amalgamate.a(openqueue.c.obj)
                0x0000000008008320                9384e57fa8b386170558ee17f590b88f318c4273
 .text.QUEUE_Icmpv6rplUpdateNextHop
                0x00000000080083f4       0xd4 C:\Users\Milosz\Desktop\magisterka\embenet_demo_src\embenet_node\lib\libembenet_node_amalgamate.a(openqueue.c.obj)
                0x00000000080083f4                4c857b78cdc7cd5cc9a39e6ca4ea27a1fc7cf725
 .text.QUEUE_ScheduleGetPacketAdvertisement
                0x00000000080084c8      0x260 C:\Users\Milosz\Desktop\magisterka\embenet_demo_src\embenet_node\lib\libembenet_node_amalgamate.a(openqueue.c.obj)
                0x00000000080084c8                d9cd3de8850ba05653155beecb1d40906820436e
 .text.QUEUE_ScheduleGetPacketAutoUp
                0x0000000008008728      0x15c C:\Users\Milosz\Desktop\magisterka\embenet_demo_src\embenet_node\lib\libembenet_node_amalgamate.a(openqueue.c.obj)
                0x0000000008008728                e22731f1bc5e11c30d17c816b254bbe1a1e0e9ca
 .text.QUEUE_ScheduleGetPacketAutoDown
                0x0000000008008884      0x548 C:\Users\Milosz\Desktop\magisterka\embenet_demo_src\embenet_node\lib\libembenet_node_amalgamate.a(openqueue.c.obj)
                0x0000000008008884                b889de2f10cc0917d24c2de3fa3fd08176b8c62f
 .text.QUEUE_ScheduleGetPacketManaged
                0x0000000008008dcc      0x34c C:\Users\Milosz\Desktop\magisterka\embenet_demo_src\embenet_node\lib\libembenet_node_amalgamate.a(openqueue.c.obj)
                0x0000000008008dcc                fc07e894741fc85c512f976929ce54659d763792
 .text.QUEUE_GetByOwner
                0x0000000008009118       0x84 C:\Users\Milosz\Desktop\magisterka\embenet_demo_src\embenet_node\lib\libembenet_node_amalgamate.a(openqueue.c.obj)
                0x0000000008009118                6e9ad617bf3c14b2ac474e5b98f5ac57b3d3da73
 .text.QUEUE_GetDiagnosticsCounters
                0x000000000800919c       0x60 C:\Users\Milosz\Desktop\magisterka\embenet_demo_src\embenet_node\lib\libembenet_node_amalgamate.a(openqueue.c.obj)
                0x000000000800919c                QUEUE_GetDiagnosticsCounters
 .text.printBuffer
                0x00000000080091fc       0xb8 C:\Users\Milosz\Desktop\magisterka\embenet_demo_src\embenet_node\lib\libembenet_node_amalgamate.a(openqueue.c.obj)
 .text.isSpaceForNonMaintenancePackets
                0x00000000080092b4       0x1e C:\Users\Milosz\Desktop\magisterka\embenet_demo_src\embenet_node\lib\libembenet_node_amalgamate.a(openqueue.c.obj)
 .text.reset_entry
                0x00000000080092d2      0x156 C:\Users\Milosz\Desktop\magisterka\embenet_demo_src\embenet_node\lib\libembenet_node_amalgamate.a(openqueue.c.obj)
 .text.ENDIANNESS_NativeToBig
                0x0000000008009428       0x4e C:\Users\Milosz\Desktop\magisterka\embenet_demo_src\embenet_node\lib\libembenet_node_amalgamate.a(bridge.c.obj)
 .text.ENDIANNESS_BigToNative
                0x0000000008009476       0x4e C:\Users\Milosz\Desktop\magisterka\embenet_demo_src\embenet_node\lib\libembenet_node_amalgamate.a(bridge.c.obj)
 .text.BRIDGE_Init
                0x00000000080094c4       0xa4 C:\Users\Milosz\Desktop\magisterka\embenet_demo_src\embenet_node\lib\libembenet_node_amalgamate.a(bridge.c.obj)
                0x00000000080094c4                accf98d4aa46c25b43fe3a2b56466c3df947c743
 .text.BRIDGE_Process
                0x0000000008009568       0x54 C:\Users\Milosz\Desktop\magisterka\embenet_demo_src\embenet_node\lib\libembenet_node_amalgamate.a(bridge.c.obj)
                0x0000000008009568                7b29e7e9f3d2a5fbd391fecca02c9843bed48afc
 .text.BRIDGE_OnStartNetworkRequest
                0x00000000080095bc      0x13c C:\Users\Milosz\Desktop\magisterka\embenet_demo_src\embenet_node\lib\libembenet_node_amalgamate.a(bridge.c.obj)
 .text.BRIDGE_CommunicationProcessHandler
                0x00000000080096f8      0x238 C:\Users\Milosz\Desktop\magisterka\embenet_demo_src\embenet_node\lib\libembenet_node_amalgamate.a(bridge.c.obj)
 .text.BRIDGE_ForwardToController
                0x0000000008009930      0x14c C:\Users\Milosz\Desktop\magisterka\embenet_demo_src\embenet_node\lib\libembenet_node_amalgamate.a(bridge.c.obj)
 .text.BRIDGE_DataIndication
                0x0000000008009a7c      0x19c C:\Users\Milosz\Desktop\magisterka\embenet_demo_src\embenet_node\lib\libembenet_node_amalgamate.a(bridge.c.obj)
 .text.BRIDGE_DataConfirmation
                0x0000000008009c18       0x4c C:\Users\Milosz\Desktop\magisterka\embenet_demo_src\embenet_node\lib\libembenet_node_amalgamate.a(bridge.c.obj)
                0x0000000008009c18                c122f50a74e97b0b971f059f93cac9f52ab85af9
 .text.BRIDGE_DataRequest
                0x0000000008009c64       0x98 C:\Users\Milosz\Desktop\magisterka\embenet_demo_src\embenet_node\lib\libembenet_node_amalgamate.a(bridge.c.obj)
                0x0000000008009c64                db78e4d9b28d7c42d16d219c1384c29b20a49150
 .text.EVENT_TIMER_Init
                0x0000000008009cfc       0x44 C:\Users\Milosz\Desktop\magisterka\embenet_demo_src\embenet_node\lib\libembenet_node_amalgamate.a(event_timer.c.obj)
                0x0000000008009cfc                bbe099565971cd2d437b6a8e152f225cced7c4ee
 .text.EVENT_TIMER_Create
                0x0000000008009d40       0x94 C:\Users\Milosz\Desktop\magisterka\embenet_demo_src\embenet_node\lib\libembenet_node_amalgamate.a(event_timer.c.obj)
                0x0000000008009d40                a8a69b6dc0b44dcd4c796ffc71424a9aa5615acc
 .text.EVENT_TIMER_ScheduleAfter
                0x0000000008009dd4       0x34 C:\Users\Milosz\Desktop\magisterka\embenet_demo_src\embenet_node\lib\libembenet_node_amalgamate.a(event_timer.c.obj)
                0x0000000008009dd4                a146aa5c27211710221f7063067066079d66a071
 .text.EVENT_TIMER_ScheduleAt
                0x0000000008009e08      0x1d8 C:\Users\Milosz\Desktop\magisterka\embenet_demo_src\embenet_node\lib\libembenet_node_amalgamate.a(event_timer.c.obj)
                0x0000000008009e08                730eb7956d67b4105233f5dd87140a7c05a0a0f0
 .text.EVENT_TIMER_Cancel
                0x0000000008009fe0       0x4c C:\Users\Milosz\Desktop\magisterka\embenet_demo_src\embenet_node\lib\libembenet_node_amalgamate.a(event_timer.c.obj)
                0x0000000008009fe0                2f27d002e6f5798bf50ec4e1714df836a8561b81
 .text.EVENT_TIMER_Now
                0x000000000800a02c        0xe C:\Users\Milosz\Desktop\magisterka\embenet_demo_src\embenet_node\lib\libembenet_node_amalgamate.a(event_timer.c.obj)
                0x000000000800a02c                98bf14dc0e749cb1b7db48b40e4393705fb7926a
 *fill*         0x000000000800a03a        0x2 
 .text.EVENT_TIMER_GetScheduledTime
                0x000000000800a03c       0x68 C:\Users\Milosz\Desktop\magisterka\embenet_demo_src\embenet_node\lib\libembenet_node_amalgamate.a(event_timer.c.obj)
                0x000000000800a03c                19ac46e5c06ffb6c1640c5d4070de271a544b182
 .text.EVENT_TIMER_IsScheduled
                0x000000000800a0a4       0x3c C:\Users\Milosz\Desktop\magisterka\embenet_demo_src\embenet_node\lib\libembenet_node_amalgamate.a(event_timer.c.obj)
                0x000000000800a0a4                56445be374e93738432324b7e0ececbd8047647a
 .text.opentimers_callback
                0x000000000800a0e0      0x246 C:\Users\Milosz\Desktop\magisterka\embenet_demo_src\embenet_node\lib\libembenet_node_amalgamate.a(event_timer.c.obj)
 *fill*         0x000000000800a326        0x2 
 .text.RNG_Init
                0x000000000800a328       0x4c C:\Users\Milosz\Desktop\magisterka\embenet_demo_src\embenet_node\lib\libembenet_node_amalgamate.a(rng.c.obj)
                0x000000000800a328                da97346f7fa50b65fe6c97432d29b132cbef037c
 .text.RNG_Get  0x000000000800a374       0x84 C:\Users\Milosz\Desktop\magisterka\embenet_demo_src\embenet_node\lib\libembenet_node_amalgamate.a(rng.c.obj)
                0x000000000800a374                570d8a765a6a38e2a02d25f1ad3297e0c6b6f6e8
 .text.RNG_GetFromRange
                0x000000000800a3f8       0x84 C:\Users\Milosz\Desktop\magisterka\embenet_demo_src\embenet_node\lib\libembenet_node_amalgamate.a(rng.c.obj)
                0x000000000800a3f8                7694f58d16cb666949a4f0727c30967f32581954
 .text.RNG_GetPeriod
                0x000000000800a47c       0x50 C:\Users\Milosz\Desktop\magisterka\embenet_demo_src\embenet_node\lib\libembenet_node_amalgamate.a(rng.c.obj)
                0x000000000800a47c                23673502809f5a9646d21283e7a04e0764f4d11d
 .text.ENDIANNESS_NativeToBig
                0x000000000800a4cc       0x4e C:\Users\Milosz\Desktop\magisterka\embenet_demo_src\embenet_node\lib\libembenet_node_amalgamate.a(encjs_pledge.c.obj)
 .text.ENDIANNESS_BigToNative
                0x000000000800a51a       0x4e C:\Users\Milosz\Desktop\magisterka\embenet_demo_src\embenet_node\lib\libembenet_node_amalgamate.a(encjs_pledge.c.obj)
 .text.deactivateExpired
                0x000000000800a568       0x88 C:\Users\Milosz\Desktop\magisterka\embenet_demo_src\embenet_node\lib\libembenet_node_amalgamate.a(encjs_pledge.c.obj)
 .text.getFreeEntry
                0x000000000800a5f0       0x9a C:\Users\Milosz\Desktop\magisterka\embenet_demo_src\embenet_node\lib\libembenet_node_amalgamate.a(encjs_pledge.c.obj)
 *fill*         0x000000000800a68a        0x2 
 .text.sendPledgeReuquest
                0x000000000800a68c       0xa8 C:\Users\Milosz\Desktop\magisterka\embenet_demo_src\embenet_node\lib\libembenet_node_amalgamate.a(encjs_pledge.c.obj)
 .text.validatePacket
                0x000000000800a734      0x140 C:\Users\Milosz\Desktop\magisterka\embenet_demo_src\embenet_node\lib\libembenet_node_amalgamate.a(encjs_pledge.c.obj)
 .text.getFreeContextIndex
                0x000000000800a874       0x50 C:\Users\Milosz\Desktop\magisterka\embenet_demo_src\embenet_node\lib\libembenet_node_amalgamate.a(encjs_pledge.c.obj)
 .text.resetContext
                0x000000000800a8c4       0x42 C:\Users\Milosz\Desktop\magisterka\embenet_demo_src\embenet_node\lib\libembenet_node_amalgamate.a(encjs_pledge.c.obj)
 .text.isAnyContextStored
                0x000000000800a906       0x46 C:\Users\Milosz\Desktop\magisterka\embenet_demo_src\embenet_node\lib\libembenet_node_amalgamate.a(encjs_pledge.c.obj)
 .text.ENCJS_PLEDGE_Init
                0x000000000800a94c       0x2c C:\Users\Milosz\Desktop\magisterka\embenet_demo_src\embenet_node\lib\libembenet_node_amalgamate.a(encjs_pledge.c.obj)
                0x000000000800a94c                a2cfc355d32e55b8b56cc48ae29213a5fcc061ca
 .text.ENCJS_PLEDGE_SetPsk
                0x000000000800a978       0x40 C:\Users\Milosz\Desktop\magisterka\embenet_demo_src\embenet_node\lib\libembenet_node_amalgamate.a(encjs_pledge.c.obj)
                0x000000000800a978                1e9fc63c4239e2e23ba8a071c9b6c0d4aab1f4b8
 .text.ENCJS_PLEDGE_GetQuickRejoinData
                0x000000000800a9b8       0x54 C:\Users\Milosz\Desktop\magisterka\embenet_demo_src\embenet_node\lib\libembenet_node_amalgamate.a(encjs_pledge.c.obj)
                0x000000000800a9b8                7d0846c279c7703537dc22d139b898222dc42c28
 .text.ENCJS_PLEDGE_OnSynchronize
                0x000000000800aa0c      0x1f4 C:\Users\Milosz\Desktop\magisterka\embenet_demo_src\embenet_node\lib\libembenet_node_amalgamate.a(encjs_pledge.c.obj)
                0x000000000800aa0c                d492673eb40b0122449614ddec3203e781e2c714
 .text.ENCJS_PLEDGE_OnAdvertisementCell
                0x000000000800ac00      0x170 C:\Users\Milosz\Desktop\magisterka\embenet_demo_src\embenet_node\lib\libembenet_node_amalgamate.a(encjs_pledge.c.obj)
                0x000000000800ac00                03d6da78285e4b5dbf21b3dd748386b7299cb1fe
 .text.ENCJS_PLEDGE_Disjoin
                0x000000000800ad70       0xf4 C:\Users\Milosz\Desktop\magisterka\embenet_demo_src\embenet_node\lib\libembenet_node_amalgamate.a(encjs_pledge.c.obj)
                0x000000000800ad70                9506f9c37a945216115ab5227293f46163fc6230
 .text.ENCJS_PLEDGE_OnConfirmation
                0x000000000800ae64      0x148 C:\Users\Milosz\Desktop\magisterka\embenet_demo_src\embenet_node\lib\libembenet_node_amalgamate.a(encjs_pledge.c.obj)
                0x000000000800ae64                19861f752ed5b4a4fab486514c3b7aa2c914e6fa
 .text.ENCJS_PLEDGE_GetRequestPayload
                0x000000000800afac      0x188 C:\Users\Milosz\Desktop\magisterka\embenet_demo_src\embenet_node\lib\libembenet_node_amalgamate.a(encjs_pledge.c.obj)
                0x000000000800afac                ce7cfafa044c34a88028e8cf12995b3096f9f973
 .text.ENDIANNESS_NativeToBig
                0x000000000800b134       0x4e C:\Users\Milosz\Desktop\magisterka\embenet_demo_src\embenet_node\lib\libembenet_node_amalgamate.a(encjs_proxy.c.obj)
 .text.ENDIANNESS_BigToNative
                0x000000000800b182       0x4e C:\Users\Milosz\Desktop\magisterka\embenet_demo_src\embenet_node\lib\libembenet_node_amalgamate.a(encjs_proxy.c.obj)
 .text.ENCJS_PROXY_Init
                0x000000000800b1d0       0x58 C:\Users\Milosz\Desktop\magisterka\embenet_demo_src\embenet_node\lib\libembenet_node_amalgamate.a(encjs_proxy.c.obj)
                0x000000000800b1d0                781f8340fa417dd87327132209f6d0b889d0ff2a
 .text.ENCJS_PROXY_Start
                0x000000000800b228       0x1c C:\Users\Milosz\Desktop\magisterka\embenet_demo_src\embenet_node\lib\libembenet_node_amalgamate.a(encjs_proxy.c.obj)
                0x000000000800b228                7d1d6e9032260bf29a701dae9a5813b859a1535c
 .text.ENCJS_PROXY_Stop
                0x000000000800b244       0x1c C:\Users\Milosz\Desktop\magisterka\embenet_demo_src\embenet_node\lib\libembenet_node_amalgamate.a(encjs_proxy.c.obj)
                0x000000000800b244                b3455a2b4a7c58716d32ab9ee32d439bee656865
 .text.ENCJS_PROXY_OnPledgeRequestPacket
                0x000000000800b260       0xe0 C:\Users\Milosz\Desktop\magisterka\embenet_demo_src\embenet_node\lib\libembenet_node_amalgamate.a(encjs_proxy.c.obj)
                0x000000000800b260                27342039fe058efec7af5218a4abe449221e7bb4
 .text.onJrcPacket
                0x000000000800b340      0x148 C:\Users\Milosz\Desktop\magisterka\embenet_demo_src\embenet_node\lib\libembenet_node_amalgamate.a(encjs_proxy.c.obj)
 .text.sendPacketToPledge
                0x000000000800b488      0x144 C:\Users\Milosz\Desktop\magisterka\embenet_demo_src\embenet_node\lib\libembenet_node_amalgamate.a(encjs_proxy.c.obj)
 .text.sendPacketToJrc
                0x000000000800b5cc       0xd4 C:\Users\Milosz\Desktop\magisterka\embenet_demo_src\embenet_node\lib\libembenet_node_amalgamate.a(encjs_proxy.c.obj)
 .text.isPledgeLocked
                0x000000000800b6a0      0x1a0 C:\Users\Milosz\Desktop\magisterka\embenet_demo_src\embenet_node\lib\libembenet_node_amalgamate.a(encjs_proxy.c.obj)
 .text.unlockPledge
                0x000000000800b840       0x6c C:\Users\Milosz\Desktop\magisterka\embenet_demo_src\embenet_node\lib\libembenet_node_amalgamate.a(encjs_proxy.c.obj)
 .text.openos_init
                0x000000000800b8ac       0x2c C:\Users\Milosz\Desktop\magisterka\embenet_demo_src\embenet_node\lib\libembenet_node_amalgamate.a(openos.c.obj)
                0x000000000800b8ac                bf6cd42aa4b8da9fc5f5650bf0a6c717df5ed505
 .text.openos_proc
                0x000000000800b8d8       0xb0 C:\Users\Milosz\Desktop\magisterka\embenet_demo_src\embenet_node\lib\libembenet_node_amalgamate.a(openos.c.obj)
                0x000000000800b8d8                ef153328aa1040603d831896041b65ee1135a0ee
 .text.openos_push_task_impl
                0x000000000800b988       0xac C:\Users\Milosz\Desktop\magisterka\embenet_demo_src\embenet_node\lib\libembenet_node_amalgamate.a(openos.c.obj)
                0x000000000800b988                openos_push_task_impl
 .text.openos_push_task
                0x000000000800ba34       0x22 C:\Users\Milosz\Desktop\magisterka\embenet_demo_src\embenet_node\lib\libembenet_node_amalgamate.a(openos.c.obj)
                0x000000000800ba34                1ccc4abfd47b530140fa698535d3d315df3ed28c
 *fill*         0x000000000800ba56        0x2 
 .text.EMBENET_RCP_Size
                0x000000000800ba58       0x78 C:\Users\Milosz\Desktop\magisterka\embenet_demo_src\embenet_node\lib\libembenet_node_amalgamate.a(embenet_rcp.c.obj)
 .text.EMBENET_RCP_BackwardsCompatibleSize
                0x000000000800bad0       0x78 C:\Users\Milosz\Desktop\magisterka\embenet_demo_src\embenet_node\lib\libembenet_node_amalgamate.a(embenet_rcp.c.obj)
 .text.EMBENET_RCP_Serialize
                0x000000000800bb48      0x12c C:\Users\Milosz\Desktop\magisterka\embenet_demo_src\embenet_node\lib\libembenet_node_amalgamate.a(embenet_rcp.c.obj)
                0x000000000800bb48                204a5825006ec0766c6949df6e4d08a716e57723
 .text.EMBENET_RCP_Deserialize
                0x000000000800bc74      0x16c C:\Users\Milosz\Desktop\magisterka\embenet_demo_src\embenet_node\lib\libembenet_node_amalgamate.a(embenet_rcp.c.obj)
                0x000000000800bc74                7bcd1c99dd9baca2a3b373f6b31172e89b03b9ce
 .text.ENDIANNESS_NativeToBig
                0x000000000800bde0       0x4e C:\Users\Milosz\Desktop\magisterka\embenet_demo_src\embenet_node\lib\libembenet_node_amalgamate.a(enms_node.c.obj)
 .text.ENDIANNESS_hton8
                0x000000000800be2e       0x16 C:\Users\Milosz\Desktop\magisterka\embenet_demo_src\embenet_node\lib\libembenet_node_amalgamate.a(enms_node.c.obj)
 .text.ENDIANNESS_hton16
                0x000000000800be44       0x22 C:\Users\Milosz\Desktop\magisterka\embenet_demo_src\embenet_node\lib\libembenet_node_amalgamate.a(enms_node.c.obj)
 .text.ENDIANNESS_hton32
                0x000000000800be66       0x20 C:\Users\Milosz\Desktop\magisterka\embenet_demo_src\embenet_node\lib\libembenet_node_amalgamate.a(enms_node.c.obj)
 .text.ENDIANNESS_hton64
                0x000000000800be86       0x26 C:\Users\Milosz\Desktop\magisterka\embenet_demo_src\embenet_node\lib\libembenet_node_amalgamate.a(enms_node.c.obj)
 .text.enms_strlen_s
                0x000000000800beac       0x38 C:\Users\Milosz\Desktop\magisterka\embenet_demo_src\embenet_node\lib\libembenet_node_amalgamate.a(enms_node.c.obj)
 .text.sendBasicInfoConfirmationPacket
                0x000000000800bee4       0xf4 C:\Users\Milosz\Desktop\magisterka\embenet_demo_src\embenet_node\lib\libembenet_node_amalgamate.a(enms_node.c.obj)
 .text.sendBasicInfoIndicationPacket
                0x000000000800bfd8       0xf4 C:\Users\Milosz\Desktop\magisterka\embenet_demo_src\embenet_node\lib\libembenet_node_amalgamate.a(enms_node.c.obj)
 .text.sendServiceInfoConfirmationPacket
                0x000000000800c0cc      0x128 C:\Users\Milosz\Desktop\magisterka\embenet_demo_src\embenet_node\lib\libembenet_node_amalgamate.a(enms_node.c.obj)
 .text.sendServiceInfoIndicationPacket
                0x000000000800c1f4      0x190 C:\Users\Milosz\Desktop\magisterka\embenet_demo_src\embenet_node\lib\libembenet_node_amalgamate.a(enms_node.c.obj)
 .text.sendStatusConfirmationIndication
                0x000000000800c384      0x2ac C:\Users\Milosz\Desktop\magisterka\embenet_demo_src\embenet_node\lib\libembenet_node_amalgamate.a(enms_node.c.obj)
 .text.sendCells
                0x000000000800c630      0x2c4 C:\Users\Milosz\Desktop\magisterka\embenet_demo_src\embenet_node\lib\libembenet_node_amalgamate.a(enms_node.c.obj)
 .text.sendNeighborhood
                0x000000000800c8f4      0x264 C:\Users\Milosz\Desktop\magisterka\embenet_demo_src\embenet_node\lib\libembenet_node_amalgamate.a(enms_node.c.obj)
 .text.updRxHandler
                0x000000000800cb58      0x110 C:\Users\Milosz\Desktop\magisterka\embenet_demo_src\embenet_node\lib\libembenet_node_amalgamate.a(enms_node.c.obj)
 .text.enmsTask