../Core/Src/custom_service.c:27:5:generateRandom	0	static
../Core/Src/custom_service.c:32:6:debugPuts	0	static
../Core/Src/custom_service.c:37:10:elapsedTime_seconds	8	static
../Core/Src/custom_service.c:44:6:CoAP_Posix_SendDatagram	40	static
../Core/Src/custom_service.c:84:13:customServiceTask	40	static
../Core/Src/custom_service.c:117:13:customServiceReceptionHandler	72	static
../Core/Src/custom_service.c:63:15:CoAP_RespHandler_fn	8	static
../Core/Src/custom_service.c:134:6:custom_service_init	48	static
../Core/Src/custom_service.c:186:6:custom_service_start	8	static
../Core/Src/custom_service.c:194:6:custom_service_stop	8	static
