../Core/Src/main.c:149:13:onQuickJoinCredentialsObsolete	0	static
../Core/Src/main.c:139:13:dataOnUregisteredPort	0	static
../Core/Src/main.c:128:13:onJoinAttempt	8	static
../Core/Src/main.c:104:13:onLeft	8	static
../Core/Src/main.c:81:13:onJoined	8	static
../Core/Src/main.c:321:32:EXPECT_OnAbortHandler	8	static
../Core/Src/main.c:329:10:_write	8	static
../Core/Src/main.c:340:6:Error_Handler	0	static,ignoring_inline_asm
../Core/Src/main.c:270:6:SystemClock_Config	8	static
../Core/Src/main.c:159:5:main	48	static
