../Core/Src/main.c:145:13:onQuickJoinCredentialsObsolete	0	static
../Core/Src/main.c:135:13:dataOnUregisteredPort	0	static
../Core/Src/main.c:124:13:onJoinAttempt	8	static
../Core/Src/main.c:100:13:onLeft	8	static
../Core/Src/main.c:78:13:onJoined	8	static
../Core/Src/main.c:314:32:EXPECT_OnAbortHandler	8	static
../Core/Src/main.c:322:10:_write	8	static
../Core/Src/main.c:333:6:Error_Handler	0	static,ignoring_inline_asm
../Core/Src/main.c:263:6:SystemClock_Config	8	static
../Core/Src/main.c:154:5:main	48	static
