../Core/Src/mqttsn_client_service.c:82:13:onMQTTDisconnected	48	static
../Core/Src/mqttsn_client_service.c:67:13:onMQTTConnected	8	static
../Core/Src/mqttsn_client_service.c:106:13:onMQTTTopicRegistered	8	static
../Core/Src/mqttsn_client_service.c:164:13:mqttsnServiceTask	120	static
../Core/Src/mqttsn_client_service.c:127:13:onLedcontrolUpdate	16	static
../Core/Src/mqttsn_client_service.c:211:6:mqttsn_client_service_init	48	static
../Core/Src/mqttsn_client_service.c:235:6:mqttsn_client_service_start	16	static
../Core/Src/mqttsn_client_service.c:242:6:mqttsn_client_service_stop	48	static
../Core/Src/mqttsn_client_service.c:255:6:mqttsn_client_service_proc	96	static
