C:/Users/Milosz/Desktop/magisterka/embenet_demo_src/lobaro-coap/src/coap_options.c:284:27:append_OptionToListEnd	32	static
C:/Users/Milosz/Desktop/magisterka/embenet_demo_src/lobaro-coap/src/coap_options.c:36:20:pack_OptionsFromList	32	static
C:/Users/Milosz/Desktop/magisterka/embenet_demo_src/lobaro-coap/src/coap_options.c:110:15:CoAP_NeededMem4PackOptions	8	static
C:/Users/Milosz/Desktop/magisterka/embenet_demo_src/lobaro-coap/src/coap_options.c:252:20:CoAP_RemoveOptionFromList	8	static
C:/Users/Milosz/Desktop/magisterka/embenet_demo_src/lobaro-coap/src/coap_options.c:323:21:CoAP_FindOptionByNumber	0	static
C:/Users/Milosz/Desktop/magisterka/embenet_demo_src/lobaro-coap/src/coap_options.c:373:20:CoAP_GetUintFromOption	0	static
C:/Users/Milosz/Desktop/magisterka/embenet_demo_src/lobaro-coap/src/coap_options.c:414:20:CoAP_AppendOptionToList	32	static
C:/Users/Milosz/Desktop/magisterka/embenet_demo_src/lobaro-coap/src/coap_options.c:162:20:parse_OptionsFromRaw	40	static
C:/Users/Milosz/Desktop/magisterka/embenet_demo_src/lobaro-coap/src/coap_options.c:333:20:CoAP_AddOption	0	static
C:/Users/Milosz/Desktop/magisterka/embenet_demo_src/lobaro-coap/src/coap_options.c:337:20:CoAP_AppendUintOptionToList	24	static
C:/Users/Milosz/Desktop/magisterka/embenet_demo_src/lobaro-coap/src/coap_options.c:473:20:CoAP_CopyOptionToList	0	static
C:/Users/Milosz/Desktop/magisterka/embenet_demo_src/lobaro-coap/src/coap_options.c:477:20:CoAP_FreeOptionList	16	static
C:/Users/Milosz/Desktop/magisterka/embenet_demo_src/lobaro-coap/src/coap_options.c:506:15:CoAP_CheckForUnknownCriticalOption	12	static
C:/Users/Milosz/Desktop/magisterka/embenet_demo_src/lobaro-coap/src/coap_options.c:555:10:CoAP_DecodeSzx	0	static
C:/Users/Milosz/Desktop/magisterka/embenet_demo_src/lobaro-coap/src/coap_options.c:561:9:CoAP_EncodeSzx	0	static
C:/Users/Milosz/Desktop/magisterka/embenet_demo_src/lobaro-coap/src/coap_options.c:676:11:CoAP_OptionsAreEqual	12	static
C:/Users/Milosz/Desktop/magisterka/embenet_demo_src/lobaro-coap/src/coap_options.c:695:15:CoAP_PackBlockParameter	0	static
C:/Users/Milosz/Desktop/magisterka/embenet_demo_src/lobaro-coap/src/coap_options.c:704:6:CoAP_UnpackBlockParameter	8	static
C:/Users/Milosz/Desktop/magisterka/embenet_demo_src/lobaro-coap/src/coap_options.c:655:11:CoAP_printOptionsList	72	static
