C:/Users/Milosz/Desktop/magisterka/embenet_demo_src/lobaro-coap/src/coap_interaction.c:29:33:CoAP_AllocNewInteraction	8	static
C:/Users/Milosz/Desktop/magisterka/embenet_demo_src/lobaro-coap/src/coap_interaction.c:121:27:CoAP_AppendInteractionToList.constprop.isra	0	static
C:/Users/Milosz/Desktop/magisterka/embenet_demo_src/lobaro-coap/src/coap_interaction.c:42:20:CoAP_FreeInteraction	8	static
C:/Users/Milosz/Desktop/magisterka/embenet_demo_src/lobaro-coap/src/coap_interaction.c:174:20:CoAP_SetSleepInteraction	16	static
C:/Users/Milosz/Desktop/magisterka/embenet_demo_src/lobaro-coap/src/coap_interaction.c:183:20:CoAP_EnableAckTimeout	16	static
C:/Users/Milosz/Desktop/magisterka/embenet_demo_src/lobaro-coap/src/coap_interaction.c:206:26:CoAP_GetLongestPendingInteraction	0	static
C:/Users/Milosz/Desktop/magisterka/embenet_demo_src/lobaro-coap/src/coap_interaction.c:212:26:CoAP_FindInteractionByMessageIdAndEp	16	static
C:/Users/Milosz/Desktop/magisterka/embenet_demo_src/lobaro-coap/src/coap_interaction.c:227:20:CoAP_DeleteInteraction	24	static
C:/Users/Milosz/Desktop/magisterka/embenet_demo_src/lobaro-coap/src/coap_interaction.c:231:20:CoAP_ResetInteractionByHandle	40	static
C:/Users/Milosz/Desktop/magisterka/embenet_demo_src/lobaro-coap/src/coap_interaction.c:235:20:CoAP_EnqueueLastInteraction	8	static
C:/Users/Milosz/Desktop/magisterka/embenet_demo_src/lobaro-coap/src/coap_interaction.c:240:20:CoAP_StartNewClientInteraction	24	static
C:/Users/Milosz/Desktop/magisterka/embenet_demo_src/lobaro-coap/src/coap_interaction.c:263:20:CoAP_StartNewGetRequest	72	static
C:/Users/Milosz/Desktop/magisterka/embenet_demo_src/lobaro-coap/src/coap_interaction.c:277:20:CoAP_StartNewRequest	88	static
C:/Users/Milosz/Desktop/magisterka/embenet_demo_src/lobaro-coap/src/coap_interaction.c:295:20:CoAP_StartNotifyInteractions	64	static
C:/Users/Milosz/Desktop/magisterka/embenet_demo_src/lobaro-coap/src/coap_interaction.c:401:20:CoAP_StartNewServerInteraction	48	static
C:/Users/Milosz/Desktop/magisterka/embenet_demo_src/lobaro-coap/src/coap_interaction.c:448:20:CoAP_RemoveInteractionsObserver	40	static
C:/Users/Milosz/Desktop/magisterka/embenet_demo_src/lobaro-coap/src/coap_interaction.c:452:20:CoAP_HandleObservationInReq	48	static
C:/Users/Milosz/Desktop/magisterka/embenet_demo_src/lobaro-coap/src/coap_interaction.c:539:11:CoAP_ClearInteractions	24	static
