C:/Users/Milosz/Desktop/magisterka/embenet_demo_src/lobaro-coap/src/coap_main.c:28:6:hal_debug_puts	0	static
C:/Users/Milosz/Desktop/magisterka/embenet_demo_src/lobaro-coap/src/coap_main.c:269:27:CheckRespStatus	16	static
C:/Users/Milosz/Desktop/magisterka/embenet_demo_src/lobaro-coap/src/coap_main.c:224:27:SendResp.isra	32	static
C:/Users/Milosz/Desktop/magisterka/embenet_demo_src/lobaro-coap/src/coap_main.c:37:11:CoAP_HandleIncomingPacket	88	static
C:/Users/Milosz/Desktop/magisterka/embenet_demo_src/lobaro-coap/src/coap_main.c:354:16:CoAP_NewSocket	8	static
C:/Users/Milosz/Desktop/magisterka/embenet_demo_src/lobaro-coap/src/coap_main.c:684:11:CoAP_doWork	40	static
C:/Users/Milosz/Desktop/magisterka/embenet_demo_src/lobaro-coap/src/coap_main.c:728:11:CoAP_ClearPendingInteractions	0	static
