C:/Users/Milosz/Desktop/magisterka/embenet_demo_src/lobaro-coap/src/coap_resource.c:171:27:WellKnown_GetHandler	56	static
C:/Users/Milosz/Desktop/magisterka/embenet_demo_src/lobaro-coap/src/coap_resource.c:38:20:CoAP_NVsaveObservers	48	static
C:/Users/Milosz/Desktop/magisterka/embenet_demo_src/lobaro-coap/src/coap_resource.c:256:20:CoAP_FreeResource	16	static
C:/Users/Milosz/Desktop/magisterka/embenet_demo_src/lobaro-coap/src/coap_resource.c:298:18:CoAP_FindResourceByUri	16	static
C:/Users/Milosz/Desktop/magisterka/embenet_demo_src/lobaro-coap/src/coap_resource.c:313:18:CoAP_CreateResource	48	static
C:/Users/Milosz/Desktop/magisterka/embenet_demo_src/lobaro-coap/src/coap_resource.c:232:11:CoAP_InitResources	24	static
C:/Users/Milosz/Desktop/magisterka/embenet_demo_src/lobaro-coap/src/coap_resource.c:357:20:CoAP_NotifyResourceObservers	8	static
C:/Users/Milosz/Desktop/magisterka/embenet_demo_src/lobaro-coap/src/coap_resource.c:364:11:CoAP_PrintResource	32	static
C:/Users/Milosz/Desktop/magisterka/embenet_demo_src/lobaro-coap/src/coap_resource.c:381:11:CoAP_PrintAllResources	8	static
C:/Users/Milosz/Desktop/magisterka/embenet_demo_src/lobaro-coap/src/coap_resource.c:107:20:CoAP_NVloadObservers	56	static
C:/Users/Milosz/Desktop/magisterka/embenet_demo_src/lobaro-coap/src/coap_resource.c:390:20:CoAP_RemoveObserverFromResource	32	static
