C:/Users/Milosz/Desktop/magisterka/embenet_demo_src/lobaro-coap/src/coap_message.c:28:18:CoAP_InitToEmptyResetMsg	32	static
C:/Users/Milosz/Desktop/magisterka/embenet_demo_src/lobaro-coap/src/coap_message.c:42:6:CoAP_TokenEqual	32	static
C:/Users/Milosz/Desktop/magisterka/embenet_demo_src/lobaro-coap/src/coap_message.c:54:11:CoAP_free_MsgPayload	0	static
C:/Users/Milosz/Desktop/magisterka/embenet_demo_src/lobaro-coap/src/coap_message.c:67:11:CoAP_MsgIsRequest	0	static
C:/Users/Milosz/Desktop/magisterka/embenet_demo_src/lobaro-coap/src/coap_message.c:73:11:CoAP_MsgIsResponse	0	static
C:/Users/Milosz/Desktop/magisterka/embenet_demo_src/lobaro-coap/src/coap_message.c:79:11:CoAP_MsgIsOlderThan	16	static
C:/Users/Milosz/Desktop/magisterka/embenet_demo_src/lobaro-coap/src/coap_message.c:88:20:CoAP_free_Message	8	static
C:/Users/Milosz/Desktop/magisterka/embenet_demo_src/lobaro-coap/src/coap_message.c:135:22:CoAP_CreateMessage	32	static
C:/Users/Milosz/Desktop/magisterka/embenet_demo_src/lobaro-coap/src/coap_message.c:175:20:CoAP_ParseMessageFromDatagram	40	static
C:/Users/Milosz/Desktop/magisterka/embenet_demo_src/lobaro-coap/src/coap_message.c:284:5:CoAP_GetRawSizeOfMessage	8	static
C:/Users/Milosz/Desktop/magisterka/embenet_demo_src/lobaro-coap/src/coap_message.c:473:11:CoAP_InitIds	8	static
C:/Users/Milosz/Desktop/magisterka/embenet_demo_src/lobaro-coap/src/coap_message.c:479:15:CoAP_GetNextMid	0	static
C:/Users/Milosz/Desktop/magisterka/embenet_demo_src/lobaro-coap/src/coap_message.c:131:22:CoAP_AllocRespMsg	48	static
C:/Users/Milosz/Desktop/magisterka/embenet_demo_src/lobaro-coap/src/coap_message.c:485:19:CoAP_GenerateToken	0	static
C:/Users/Milosz/Desktop/magisterka/embenet_demo_src/lobaro-coap/src/coap_message.c:491:20:CoAP_addNewPayloadToMessage	16	static
C:/Users/Milosz/Desktop/magisterka/embenet_demo_src/lobaro-coap/src/coap_message.c:516:20:CoAP_addTextPayload	16	static
C:/Users/Milosz/Desktop/magisterka/embenet_demo_src/lobaro-coap/src/coap_message.c:601:18:CoAP_CodeName	0	static
C:/Users/Milosz/Desktop/magisterka/embenet_demo_src/lobaro-coap/src/coap_message.c:520:11:CoAP_PrintMsg	8	static
C:/Users/Milosz/Desktop/magisterka/embenet_demo_src/lobaro-coap/src/coap_message.c:384:20:CoAP_SendMsg	96	static
C:/Users/Milosz/Desktop/magisterka/embenet_demo_src/lobaro-coap/src/coap_message.c:356:20:CoAP_SendEmptyAck	72	static
C:/Users/Milosz/Desktop/magisterka/embenet_demo_src/lobaro-coap/src/coap_message.c:366:20:CoAP_SendShortResp	72	static
C:/Users/Milosz/Desktop/magisterka/embenet_demo_src/lobaro-coap/src/coap_message.c:377:20:CoAP_SendEmptyRST	72	static
C:/Users/Milosz/Desktop/magisterka/embenet_demo_src/lobaro-coap/src/coap_message.c:673:11:CoAP_PrintResultValue	8	static
C:/Users/Milosz/Desktop/magisterka/embenet_demo_src/lobaro-coap/src/coap_message.c:703:11:CoAP_CharIsPrintable	0	static
C:/Users/Milosz/Desktop/magisterka/embenet_demo_src/lobaro-coap/src/coap_message.c:708:11:CoAP_CharPrintable	0	static
