../wakaamaNode-master/src/wakaama/registration.c:76:12:prv_getRegistrationQueryLength	48	static
../wakaamaNode-master/src/wakaama/registration.c:127:12:prv_getRegistrationQuery	40	static
../wakaamaNode-master/src/wakaama/registration.c:199:13:prv_handleRegistrationReply	32	static
../wakaamaNode-master/src/wakaama/registration.c:232:16:prv_register	56	static
../wakaamaNode-master/src/wakaama/registration.c:307:13:prv_handleRegistrationUpdateReply	32	static
../wakaamaNode-master/src/wakaama/registration.c:336:12:prv_updateRegistration	56	static
../wakaamaNode-master/src/wakaama/registration.c:393:5:lwm2m_update_registration	32	static
../wakaamaNode-master/src/wakaama/registration.c:478:9:registration_init_connection	24	static
../wakaamaNode-master/src/wakaama/registration.c:501:9:registration_start	24	static
../wakaamaNode-master/src/wakaama/registration.c:529:16:registration_getStatus	24	static
../wakaamaNode-master/src/wakaama/registration.c:567:13:prv_handleDeregistrationReply	24	static
../wakaamaNode-master/src/wakaama/registration.c:582:6:registration_deregister	40	static
../wakaamaNode-master/src/wakaama/registration.c:1319:6:registration_step	88	static
