../wakaamaNode-master/src/wakaama/utils.c:62:5:utils_textToInt	88	static
../wakaamaNode-master/src/wakaama/utils.c:107:5:utils_textToFloat	48	static
../wakaamaNode-master/src/wakaama/utils.c:171:8:utils_intToText	48	static
../wakaamaNode-master/src/wakaama/utils.c:219:8:utils_floatToText	64	static
../wakaamaNode-master/src/wakaama/utils.c:284:17:utils_stringToBinding	16	static
../wakaamaNode-master/src/wakaama/utils.c:341:20:utils_convertMediaType	16	static
../wakaamaNode-master/src/wakaama/utils.c:367:18:utils_findServer	24	static
../wakaamaNode-master/src/wakaama/utils.c:383:18:utils_findBootstrapServer	24	static
../wakaamaNode-master/src/wakaama/utils.c:406:5:utils_isAltPathValid	24	static
../wakaamaNode-master/src/wakaama/utils.c:437:5:utils_stringCopy	32	static
../wakaamaNode-master/src/wakaama/utils.c:465:13:prv_encodeBlock	16	static
../wakaamaNode-master/src/wakaama/utils.c:474:8:utils_base64GetSize	24	static
../wakaamaNode-master/src/wakaama/utils.c:484:8:utils_base64Encode	40	static
../wakaamaNode-master/src/wakaama/utils.c:529:19:utils_depthToDatatype	16	static
